
===== [0s] STAGE A — reconstruction pipeline (MiDaS -> COLMAP -> fusion -> map -> world -> spawn/goal) =====
== [0s] dataset /home/hammad/FYP/realroom/capture_fresh (capture_fresh), 12 frames
== [0s] COLMAP: 12/12 images registered
== [0s] selecting spawn/goal from captured free space
largest walkable component: 27234 cells
pairs tried: 715607
SPAWN world: 8.01 13.73 clear: 0.64
GOAL world: 0.81 17.58 clear: 1.79
straight line crosses 5 cells of captured geometry; biggest blocked component area: 765 dist: 8.16
SPAWN_X=8.01 SPAWN_Y=13.73 GOAL_X=0.81 GOAL_Y=17.58
== [47s] PIPELINE OK -> /home/hammad/FYP/realroom/capture_fresh/nav_targets.env
dataset: /home/hammad/FYP/realroom/capture_fresh
spawn (8.01,13.73)  goal (0.81,17.58)

===== [47s] STAGE B — Gazebo + Nav2 bring-up (map /home/hammad/FYP/realroom/capture_fresh/realroom_capture_fresh.yaml) =====
== killed; starting backend (video stream locked: offline) ==
== sim (world /home/hammad/FYP/realroom/capture_fresh/realroom_capture_fresh_world.sdf, spawn 8.01,13.73) ==
== static map->odom TF ==
== map server (BEFORE nav2 so costmaps init with the map) ==
map_server: active [3]
== perception pipeline (offline stale republish + grid bridge) ==
== nav2 on /home/hammad/FYP/realroom/capture_fresh/realroom_capture_fresh.yaml ==
controller_server: active [3]
planner_server: active [3]
behavior_server: active [3]
bt_navigator: active [3]
== final nav states ==
controller_server: active [3]
planner_server: active [3]
behavior_server: active [3]
bt_navigator: active [3]
== GUIs ==
== unpause world 'capture_fresh' (if paused) ==
clock:   sec: 78
odom: x: 3.392251841649797e-17 y: 9.517368559527183e-34 z: 0.0 --- 
gz /tf: NO PUBLISHER
DONE bringup (spawn 8.01,13.73)

===== [214s] STAGE C — verify plan, then navigate =====
PLAN_OK poses=363 len=9.11 m straight=8.16 m ratio=1.12
plan dumped: /tmp/fyp30_plan.log (363 poses)
t=  120s vel=0.142 m/s pos=(5.815, 16.274)
t=  140s vel=0.134 m/s pos=(5.248, 16.502)
t=  160s vel=0.142 m/s pos=(4.675, 16.716)
t=  180s vel=0.150 m/s pos=(4.085, 16.884)
t=  200s vel=0.126 m/s pos=(3.514, 17.066)
t=  220s vel=0.134 m/s pos=(2.918, 17.212)
t=  240s vel=0.142 m/s pos=(2.283, 17.339)
t=  260s vel=0.134 m/s pos=(1.627, 17.376)
t=  280s vel=0.087 m/s pos=(0.980, 17.501)
NAV_RESULT_STATUS: 4
REACHED the goal! final_pose=(0.934, 17.522, yaw 0.24)
OVERALL: PASS

===== [521s] STAGE D — result =====
trajectory: MOVED 6.59 m
total wall time: 521 s
RUN OK (goal reached)
