# --- run start (wall 2026-09-28T22:15:43) ---
81.85 0.0000 0.0000
81.87 0.0000 0.0000
81.89 0.0000 0.0000
81.91 0.0000 0.0000
81.93 0.0000 0.0000
81.95 0.0000 0.0000
81.97 0.0000 0.0000
81.99 0.0000 0.0000
82.01 0.0000 0.0000
82.03 0.0000 0.0000
82.05 0.0000 0.0000
82.07 0.0000 0.0000
# --- run start (wall 2026-09-28T22:15:48) ---
83.13 0.0000 0.0000
83.15 0.0000 0.0000
83.17 0.0000 0.0000
83.19 0.0000 0.0000
83.21 0.0000 0.0000
83.23 -0.0000 -0.0000
83.25 -0.0000 -0.0000
83.27 -0.0000 -0.0000
83.29 -0.0000 -0.0000
83.31 -0.0000 -0.0000
83.33 0.0001 0.0000
83.35 0.0002 0.0000
83.37 0.0004 0.0000
83.39 0.0005 0.0000
83.41 0.0007 0.0000
83.43 0.0008 0.0000
83.45 0.0008 0.0000
83.47 0.0008 0.0000
83.49 0.0008 0.0000
83.51 0.0008 0.0000
83.53 0.0008 0.0000
83.55 0.0008 0.0000
83.57 0.0008 0.0000
83.59 0.0008 0.0000
83.61 0.0008 0.0000
83.63 0.0010 0.0001
83.65 0.0015 0.0001
83.67 0.0020 0.0002
83.69 0.0024 0.0003
83.71 0.0029 0.0003
83.73 0.0034 0.0004
83.75 0.0038 0.0005
83.77 0.0043 0.0006
83.79 0.0048 0.0007
83.81 0.0052 0.0008
83.83 0.0056 0.0009
83.85 0.0059 0.0009
83.87 0.0062 0.0010
83.89 0.0065 0.0011
83.91 0.0068 0.0012
83.93 0.0071 0.0012
83.95 0.0074 0.0013
83.97 0.0077 0.0014
83.99 0.0081 0.0015
84.01 0.0084 0.0016
84.03 0.0085 0.0017
84.05 0.0085 0.0017
84.07 0.0085 0.0017
84.09 0.0085 0.0017
84.11 0.0085 0.0017
84.13 0.0085 0.0017
84.15 0.0085 0.0017
84.17 0.0085 0.0017
84.19 0.0085 0.0017
84.21 0.0085 0.0017
84.23 0.0086 0.0017
84.25 0.0087 0.0017
84.27 0.0089 0.0018
84.29 0.0090 0.0019
84.31 0.0091 0.0019
84.33 0.0093 0.0020
84.35 0.0094 0.0021
84.37 0.0096 0.0022
84.39 0.0097 0.0022
84.41 0.0098 0.0023
84.43 0.0100 0.0024
84.45 0.0101 0.0025
84.47 0.0103 0.0025
84.49 0.0104 0.0026
84.51 0.0105 0.0027
84.53 0.0106 0.0028
84.55 0.0106 0.0028
84.57 0.0106 0.0028
84.59 0.0106 0.0028
84.61 0.0106 0.0028
84.63 0.0106 0.0028
84.65 0.0106 0.0028
84.67 0.0106 0.0028
84.69 0.0106 0.0028
84.71 0.0106 0.0028
84.73 0.0106 0.0028
84.75 0.0106 0.0028
84.77 0.0106 0.0028
84.79 0.0106 0.0028
84.81 0.0106 0.0028
84.83 0.0109 0.0030
84.85 0.0115 0.0035
84.87 0.0121 0.0040
84.89 0.0127 0.0046
84.91 0.0133 0.0051
84.93 0.0138 0.0056
84.95 0.0143 0.0060
84.97 0.0147 0.0064
84.99 0.0152 0.0069
85.01 0.0156 0.0073
85.03 0.0167 0.0084
85.05 0.0186 0.0104
85.07 0.0205 0.0123
85.09 0.0223 0.0143
85.11 0.0241 0.0162
85.13 0.0258 0.0181
85.15 0.0274 0.0199
85.17 0.0289 0.0217
85.19 0.0305 0.0235
85.21 0.0320 0.0253
85.23 0.0336 0.0274
85.25 0.0355 0.0297
85.27 0.0373 0.0321
85.29 0.0392 0.0345
85.31 0.0410 0.0369
85.33 0.0427 0.0392
85.35 0.0442 0.0414
85.37 0.0458 0.0436
85.39 0.0473 0.0458
85.41 0.0488 0.0480
85.43 0.0502 0.0502
85.45 0.0516 0.0523
85.47 0.0530 0.0545
85.49 0.0543 0.0566
85.51 0.0556 0.0588
85.53 0.0570 0.0611
85.55 0.0585 0.0637
85.57 0.0600 0.0663
85.59 0.0615 0.0689
85.61 0.0629 0.0715
85.63 0.0643 0.0741
85.65 0.0656 0.0766
85.67 0.0669 0.0792
85.69 0.0682 0.0817
85.71 0.0695 0.0842
85.73 0.0707 0.0867
85.75 0.0718 0.0892
85.77 0.0729 0.0916
85.79 0.0740 0.0941
85.81 0.0751 0.0965
85.83 0.0762 0.0989
85.85 0.0771 0.1012
85.87 0.0781 0.1036
85.89 0.0791 0.1059
85.91 0.0800 0.1083
85.93 0.0810 0.1108
85.95 0.0820 0.1136
85.97 0.0831 0.1164
85.99 0.0841 0.1193
86.01 0.0851 0.1221
86.03 0.0860 0.1248
86.05 0.0869 0.1275
86.07 0.0878 0.1302
86.09 0.0887 0.1330
86.11 0.0895 0.1357
86.13 0.0903 0.1383
86.15 0.0911 0.1409
86.17 0.0919 0.1435
86.19 0.0926 0.1460
86.21 0.0933 0.1486
86.23 0.0940 0.1514
86.25 0.0948 0.1543
86.27 0.0955 0.1572
86.29 0.0962 0.1601
86.31 0.0969 0.1630
86.33 0.0976 0.1659
86.35 0.0983 0.1689
86.37 0.0989 0.1718
86.39 0.0995 0.1747
86.41 0.1001 0.1777
86.43 0.1007 0.1805
86.45 0.1012 0.1831
86.47 0.1017 0.1858
86.49 0.1022 0.1884
86.51 0.1027 0.1910
86.53 0.1031 0.1936
86.55 0.1036 0.1961
86.57 0.1040 0.1986
86.59 0.1044 0.2011
86.61 0.1048 0.2036
86.63 0.1052 0.2063
86.65 0.1057 0.2092
86.67 0.1061 0.2122
86.69 0.1066 0.2152
86.71 0.1070 0.2182
86.73 0.1074 0.2211
86.75 0.1078 0.2239
86.77 0.1081 0.2267
86.79 0.1085 0.2295
86.81 0.1088 0.2323
86.83 0.1092 0.2351
86.85 0.1095 0.2378
86.87 0.1098 0.2404
86.89 0.1101 0.2431
86.91 0.1103 0.2458
86.93 0.1106 0.2486
86.95 0.1109 0.2515
86.97 0.1112 0.2545
86.99 0.1115 0.2575
87.01 0.1118 0.2605
87.03 0.1120 0.2634
87.05 0.1122 0.2663
87.07 0.1125 0.2691
87.09 0.1127 0.2719
87.11 0.1129 0.2748
87.13 0.1131 0.2775
87.15 0.1133 0.2802
87.17 0.1135 0.2829
87.19 0.1137 0.2856
87.21 0.1139 0.2882
87.23 0.1140 0.2908
87.25 0.1142 0.2934
87.27 0.1143 0.2959
87.29 0.1144 0.2984
87.31 0.1146 0.3009
87.33 0.1147 0.3037
87.35 0.1148 0.3066
87.37 0.1150 0.3096
87.39 0.1151 0.3126
87.41 0.1152 0.3156
87.43 0.1152 0.3186
87.45 0.1153 0.3214
87.47 0.1154 0.3243
87.49 0.1155 0.3271
87.51 0.1155 0.3299
87.53 0.1156 0.3327
87.55 0.1156 0.3354
87.57 0.1156 0.3381
87.59 0.1156 0.3408
87.61 0.1157 0.3434
87.63 0.1157 0.3461
87.65 0.1157 0.3486
87.67 0.1157 0.3511
87.69 0.1157 0.3536
87.71 0.1157 0.3562
87.73 0.1156 0.3589
87.75 0.1156 0.3619
87.77 0.1156 0.3649
87.79 0.1156 0.3679
87.81 0.1155 0.3709
87.83 0.1155 0.3738
87.85 0.1154 0.3767
87.87 0.1153 0.3795
87.89 0.1153 0.3823
87.91 0.1152 0.3852
87.93 0.1151 0.3879
87.95 0.1151 0.3906
87.97 0.1150 0.3933
87.99 0.1149 0.3960
88.01 0.1149 0.3987
88.03 0.1148 0.4015
88.05 0.1147 0.4045
88.07 0.1146 0.4075
88.09 0.1145 0.4105
88.11 0.1144 0.4135
88.13 0.1143 0.4164
88.15 0.1142 0.4193
88.17 0.1141 0.4221
88.19 0.1139 0.4249
88.21 0.1138 0.4278
88.23 0.1137 0.4306
88.25 0.1136 0.4332
88.27 0.1135 0.4359
88.29 0.1133 0.4386
88.31 0.1132 0.4413
88.33 0.1131 0.4439
88.35 0.1130 0.4464
88.37 0.1129 0.4489
88.39 0.1128 0.4515
88.41 0.1127 0.4540
88.43 0.1125 0.4567
88.45 0.1124 0.4597
88.47 0.1123 0.4627
88.49 0.1121 0.4657
88.51 0.1120 0.4687
88.53 0.1119 0.4716
88.55 0.1117 0.4745
88.57 0.1116 0.4773
88.59 0.1114 0.4802
88.61 0.1113 0.4830
88.63 0.1112 0.4858
88.65 0.1110 0.4885
88.67 0.1109 0.4911
88.69 0.1108 0.4938
88.71 0.1106 0.4965
88.73 0.1105 0.4993
88.75 0.1103 0.5023
88.77 0.1102 0.5053
88.79 0.1100 0.5083
88.81 0.1098 0.5113
88.83 0.1097 0.5142
88.85 0.1095 0.5170
88.87 0.1094 0.5199
88.89 0.1093 0.5227
88.91 0.1091 0.5256
88.93 0.1090 0.5283
88.95 0.1088 0.5310
88.97 0.1087 0.5337
88.99 0.1086 0.5364
89.01 0.1084 0.5390
89.03 0.1083 0.5417
89.05 0.1082 0.5442
89.07 0.1081 0.5467
89.09 0.1079 0.5492
89.11 0.1078 0.5517
89.13 0.1077 0.5545
89.15 0.1075 0.5575
89.17 0.1074 0.5605
89.19 0.1072 0.5634
89.21 0.1071 0.5664
89.23 0.1070 0.5694
89.25 0.1068 0.5722
89.27 0.1067 0.5751
89.29 0.1065 0.5779
89.31 0.1064 0.5807
89.33 0.1062 0.5835
89.35 0.1060 0.5862
89.37 0.1059 0.5889
89.39 0.1057 0.5915
89.41 0.1055 0.5942
89.43 0.1053 0.5968
89.45 0.1051 0.5993
89.47 0.1049 0.6019
89.49 0.1047 0.6044
89.51 0.1046 0.6069
89.53 0.1044 0.6096
89.55 0.1041 0.6126
89.57 0.1039 0.6156
89.59 0.1037 0.6186
89.61 0.1034 0.6216
89.63 0.1032 0.6245
89.65 0.1030 0.6274
89.67 0.1027 0.6302
89.69 0.1025 0.6330
89.71 0.1022 0.6358
89.73 0.1019 0.6386
89.75 0.1017 0.6413
89.77 0.1014 0.6439
89.79 0.1012 0.6466
89.81 0.1009 0.6493
89.83 0.1006 0.6521
89.85 0.1003 0.6551
89.87 0.1000 0.6581
89.89 0.0997 0.6610
89.91 0.0994 0.6640
89.93 0.0991 0.6670
89.95 0.0988 0.6700
89.97 0.0984 0.6730
89.99 0.0981 0.6760
90.01 0.0977 0.6789
90.03 0.0974 0.6818
90.05 0.0971 0.6844
90.07 0.0968 0.6871
90.09 0.0965 0.6898
90.11 0.0961 0.6924
90.13 0.0958 0.6951
90.15 0.0955 0.6978
90.17 0.0951 0.7004
90.19 0.0948 0.7031
90.21 0.0944 0.7057
90.23 0.0940 0.7085
90.25 0.0936 0.7115
90.27 0.0932 0.7145
90.29 0.0928 0.7175
90.31 0.0924 0.7204
90.33 0.0919 0.7234
90.35 0.0915 0.7264
90.37 0.0910 0.7293
90.39 0.0906 0.7323
90.41 0.0901 0.7353
90.43 0.0897 0.7381
90.45 0.0893 0.7407
90.47 0.0888 0.7434
90.49 0.0884 0.7460
90.51 0.0880 0.7487
90.53 0.0875 0.7515
90.55 0.0870 0.7544
90.57 0.0865 0.7574
90.59 0.0860 0.7604
90.61 0.0855 0.7633
90.63 0.0850 0.7663
90.65 0.0845 0.7692
90.67 0.0840 0.7722
90.69 0.0835 0.7752
90.71 0.0830 0.7781
90.73 0.0825 0.7810
90.75 0.0820 0.7838
90.77 0.0815 0.7866
90.79 0.0810 0.7894
90.81 0.0805 0.7922
90.83 0.0800 0.7949
90.85 0.0795 0.7975
90.87 0.0790 0.8002
90.89 0.0785 0.8028
90.91 0.0780 0.8054
90.93 0.0774 0.8082
90.95 0.0769 0.8112
90.97 0.0763 0.8141
90.99 0.0757 0.8171
91.01 0.0751 0.8200
91.03 0.0745 0.8229
91.05 0.0739 0.8259
91.07 0.0733 0.8288
91.09 0.0727 0.8318
91.11 0.0721 0.8347
91.13 0.0715 0.8375
91.15 0.0710 0.8401
91.17 0.0705 0.8428
91.19 0.0699 0.8454
91.21 0.0694 0.8480
91.23 0.0688 0.8506
91.25 0.0683 0.8531
91.27 0.0678 0.8555
91.29 0.0673 0.8580
91.31 0.0668 0.8605
91.33 0.0662 0.8631
91.35 0.0656 0.8661
91.37 0.0650 0.8690
91.39 0.0644 0.8719
91.41 0.0637 0.8749
91.43 0.0631 0.8777
91.45 0.0625 0.8805
91.47 0.0620 0.8833
91.49 0.0614 0.8861
91.51 0.0608 0.8889
91.53 0.0602 0.8916
91.55 0.0597 0.8942
91.57 0.0591 0.8968
91.59 0.0586 0.8995
91.61 0.0580 0.9021
91.63 0.0574 0.9049
91.65 0.0568 0.9078
91.67 0.0562 0.9107
91.69 0.0556 0.9137
91.71 0.0550 0.9166
91.73 0.0544 0.9195
91.75 0.0537 0.9225
91.77 0.0531 0.9254
91.79 0.0525 0.9283
91.81 0.0518 0.9313
91.83 0.0512 0.9341
91.85 0.0506 0.9367
91.87 0.0501 0.9393
91.89 0.0495 0.9419
91.91 0.0489 0.9446
91.93 0.0484 0.9471
91.95 0.0478 0.9496
91.97 0.0473 0.9521
91.99 0.0467 0.9545
92.01 0.0462 0.9570
92.03 0.0456 0.9597
92.05 0.0450 0.9626
92.07 0.0444 0.9655
92.09 0.0437 0.9685
92.11 0.0431 0.9714
92.13 0.0425 0.9743
92.15 0.0419 0.9773
92.17 0.0412 0.9802
92.19 0.0406 0.9831
92.21 0.0399 0.9861
92.23 0.0393 0.9889
92.25 0.0387 0.9917
92.27 0.0381 0.9945
92.29 0.0374 0.9972
92.31 0.0368 1.0000
92.33 0.0362 1.0027
92.35 0.0356 1.0053
92.37 0.0350 1.0079
92.39 0.0344 1.0106
92.41 0.0337 1.0132
92.43 0.0331 1.0159
92.45 0.0324 1.0188
92.47 0.0317 1.0218
92.49 0.0310 1.0247
92.51 0.0303 1.0276
92.53 0.0296 1.0304
92.55 0.0289 1.0332
92.57 0.0283 1.0360
92.59 0.0276 1.0387
92.61 0.0269 1.0415
92.63 0.0263 1.0442
92.65 0.0256 1.0470
92.67 0.0249 1.0498
92.69 0.0242 1.0525
92.71 0.0235 1.0553
92.73 0.0228 1.0579
92.75 0.0221 1.0605
92.77 0.0214 1.0631
92.79 0.0207 1.0657
92.81 0.0200 1.0683
92.83 0.0192 1.0710
92.85 0.0184 1.0739
92.87 0.0176 1.0768
92.89 0.0168 1.0797
92.91 0.0160 1.0826
92.93 0.0152 1.0854
92.95 0.0144 1.0881
92.97 0.0136 1.0909
92.99 0.0128 1.0936
93.01 0.0120 1.0963
93.03 0.0112 1.0990
93.05 0.0104 1.1015
93.07 0.0097 1.1041
93.09 0.0089 1.1067
93.11 0.0081 1.1093
93.13 0.0073 1.1120
93.15 0.0064 1.1149
93.17 0.0056 1.1177
93.19 0.0047 1.1206
93.21 0.0038 1.1235
93.23 0.0029 1.1263
93.25 0.0021 1.1292
93.27 0.0012 1.1321
93.29 0.0003 1.1349
93.31 -0.0006 1.1378
93.33 -0.0014 1.1406
93.35 -0.0023 1.1433
93.37 -0.0031 1.1460
93.39 -0.0040 1.1487
93.41 -0.0048 1.1515
93.43 -0.0056 1.1540
93.45 -0.0063 1.1565
93.47 -0.0071 1.1589
93.49 -0.0078 1.1613
93.51 -0.0086 1.1637
93.53 -0.0094 1.1662
93.55 -0.0102 1.1687
93.57 -0.0110 1.1713
93.59 -0.0118 1.1738
93.61 -0.0126 1.1764
93.63 -0.0135 1.1791
93.65 -0.0145 1.1819
93.67 -0.0154 1.1848
93.69 -0.0164 1.1876
93.71 -0.0174 1.1904
93.73 -0.0183 1.1932
93.75 -0.0193 1.1959
93.77 -0.0202 1.1986
93.79 -0.0212 1.2013
93.81 -0.0221 1.2039
93.83 -0.0230 1.2065
93.85 -0.0239 1.2091
93.87 -0.0249 1.2116
93.89 -0.0258 1.2141
93.91 -0.0267 1.2166
93.93 -0.0276 1.2193
93.95 -0.0287 1.2221
93.97 -0.0297 1.2249
93.99 -0.0307 1.2277
94.01 -0.0318 1.2306
94.03 -0.0328 1.2334
94.05 -0.0338 1.2362
94.07 -0.0349 1.2390
94.09 -0.0359 1.2418
94.11 -0.0369 1.2446
94.13 -0.0380 1.2475
94.15 -0.0390 1.2503
94.17 -0.0401 1.2531
94.19 -0.0411 1.2559
94.21 -0.0422 1.2587
94.23 -0.0432 1.2614
94.25 -0.0443 1.2641
94.27 -0.0453 1.2667
94.29 -0.0463 1.2694
94.31 -0.0474 1.2720
94.33 -0.0484 1.2747
94.35 -0.0496 1.2775
94.37 -0.0507 1.2803
94.39 -0.0518 1.2831
94.41 -0.0529 1.2859
94.43 -0.0541 1.2886
94.45 -0.0552 1.2914
94.47 -0.0563 1.2942
94.49 -0.0575 1.2970
94.51 -0.0586 1.2997
94.53 -0.0597 1.3024
94.55 -0.0608 1.3051
94.57 -0.0619 1.3077
94.59 -0.0630 1.3103
94.61 -0.0642 1.3129
94.63 -0.0652 1.3155
94.65 -0.0663 1.3179
94.67 -0.0673 1.3204
94.69 -0.0684 1.3229
94.71 -0.0695 1.3253
94.73 -0.0706 1.3279
94.75 -0.0717 1.3305
94.77 -0.0729 1.3331
94.79 -0.0740 1.3357
94.81 -0.0752 1.3383
94.83 -0.0764 1.3409
94.85 -0.0777 1.3436
94.87 -0.0789 1.3464
94.89 -0.0802 1.3491
94.91 -0.0815 1.3518
94.93 -0.0828 1.3545
94.95 -0.0840 1.3572
94.97 -0.0853 1.3599
94.99 -0.0866 1.3626
95.01 -0.0879 1.3653
95.03 -0.0892 1.3680
95.05 -0.0904 1.3705
95.07 -0.0917 1.3731
95.09 -0.0929 1.3756
95.11 -0.0942 1.3782
95.13 -0.0955 1.3808
95.15 -0.0968 1.3835
95.17 -0.0981 1.3862
95.19 -0.0994 1.3889
95.21 -0.1008 1.3916
95.23 -0.1021 1.3942
95.25 -0.1033 1.3967
95.27 -0.1046 1.3993
95.29 -0.1058 1.4018
95.31 -0.1071 1.4044
95.33 -0.1084 1.4070
95.35 -0.1097 1.4097
95.37 -0.1111 1.4124
95.39 -0.1124 1.4150
95.41 -0.1138 1.4177
95.43 -0.1152 1.4204
95.45 -0.1166 1.4230
95.47 -0.1180 1.4257
95.49 -0.1194 1.4283
95.51 -0.1208 1.4310
95.53 -0.1222 1.4336
95.55 -0.1235 1.4361
95.57 -0.1249 1.4385
95.59 -0.1263 1.4410
95.61 -0.1276 1.4435
95.63 -0.1291 1.4461
95.65 -0.1305 1.4487
95.67 -0.1320 1.4513
95.69 -0.1335 1.4539
95.71 -0.1349 1.4565
95.73 -0.1364 1.4591
95.75 -0.1379 1.4618
95.77 -0.1394 1.4644
95.79 -0.1409 1.4669
95.81 -0.1424 1.4695
95.83 -0.1439 1.4721
95.85 -0.1455 1.4747
95.87 -0.1470 1.4773
95.89 -0.1486 1.4798
95.91 -0.1501 1.4824
95.93 -0.1517 1.4850
95.95 -0.1533 1.4875
95.97 -0.1549 1.4900
95.99 -0.1565 1.4926
96.01 -0.1581 1.4951
96.03 -0.1597 1.4977
96.05 -0.1613 1.5002
96.07 -0.1629 1.5027
96.09 -0.1645 1.5052
96.11 -0.1661 1.5078
96.13 -0.1677 1.5102
96.15 -0.1693 1.5126
96.17 -0.1708 1.5150
96.19 -0.1724 1.5174
96.21 -0.1739 1.5198
96.23 -0.1755 1.5222
96.25 -0.1772 1.5247
96.27 -0.1789 1.5272
96.29 -0.1805 1.5297
96.31 -0.1822 1.5322
96.33 -0.1838 1.5346
96.35 -0.1854 1.5370
96.37 -0.1870 1.5393
96.39 -0.1887 1.5416
96.41 -0.1903 1.5440
96.43 -0.1919 1.5462
96.45 -0.1935 1.5484
96.47 -0.1950 1.5506
96.49 -0.1966 1.5527
96.51 -0.1982 1.5549
96.53 -0.1999 1.5572
96.55 -0.2017 1.5596
96.57 -0.2035 1.5620
96.59 -0.2053 1.5644
96.61 -0.2071 1.5668
96.63 -0.2089 1.5692
96.65 -0.2107 1.5716
96.67 -0.2125 1.5740
96.69 -0.2143 1.5763
96.71 -0.2162 1.5787
96.73 -0.2179 1.5810
96.75 -0.2197 1.5833
96.77 -0.2215 1.5855
96.79 -0.2232 1.5877
96.81 -0.2250 1.5899
96.83 -0.2268 1.5922
96.85 -0.2287 1.5945
96.87 -0.2306 1.5969
96.89 -0.2325 1.5992
96.91 -0.2345 1.6015
96.93 -0.2364 1.6038
96.95 -0.2383 1.6060
96.97 -0.2403 1.6083
96.99 -0.2423 1.6106
97.01 -0.2442 1.6129
97.03 -0.2461 1.6150
97.05 -0.2479 1.6170
97.07 -0.2497 1.6190
97.09 -0.2515 1.6210
97.11 -0.2533 1.6230
97.13 -0.2550 1.6249
97.15 -0.2567 1.6268
97.17 -0.2584 1.6286
97.19 -0.2602 1.6305
97.21 -0.2619 1.6323
97.23 -0.2636 1.6341
97.25 -0.2652 1.6358
97.27 -0.2669 1.6375
97.29 -0.2685 1.6392
97.31 -0.2702 1.6409
97.33 -0.2720 1.6429
97.35 -0.2741 1.6450
97.37 -0.2762 1.6471
97.39 -0.2783 1.6493
97.41 -0.2804 1.6514
97.43 -0.2825 1.6535
97.45 -0.2845 1.6555
97.47 -0.2865 1.6575
97.49 -0.2885 1.6595
97.51 -0.2905 1.6615
97.53 -0.2925 1.6635
97.55 -0.2944 1.6654
97.57 -0.2963 1.6672
97.59 -0.2983 1.6691
97.61 -0.3002 1.6710
97.63 -0.3022 1.6730
97.65 -0.3044 1.6750
97.67 -0.3066 1.6771
97.69 -0.3088 1.6792
97.71 -0.3110 1.6812
97.73 -0.3132 1.6832
97.75 -0.3154 1.6853
97.77 -0.3176 1.6873
97.79 -0.3198 1.6893
97.81 -0.3220 1.6913
97.83 -0.3243 1.6933
97.85 -0.3265 1.6953
97.87 -0.3287 1.6973
97.89 -0.3310 1.6993
97.91 -0.3332 1.7013
97.93 -0.3354 1.7032
97.95 -0.3376 1.7051
97.97 -0.3397 1.7070
97.99 -0.3419 1.7088
98.01 -0.3440 1.7107
98.03 -0.3462 1.7126
98.05 -0.3485 1.7146
98.07 -0.3508 1.7165
98.09 -0.3530 1.7185
98.11 -0.3553 1.7204
98.13 -0.3576 1.7223
98.15 -0.3599 1.7243
98.17 -0.3622 1.7262
98.19 -0.3645 1.7281
98.21 -0.3668 1.7300
98.23 -0.3691 1.7319
98.25 -0.3713 1.7337
98.27 -0.3735 1.7355
98.29 -0.3757 1.7372
98.31 -0.3779 1.7390
98.33 -0.3802 1.7408
98.35 -0.3826 1.7427
98.37 -0.3849 1.7445
98.39 -0.3873 1.7464
98.41 -0.3897 1.7482
98.43 -0.3921 1.7500
98.45 -0.3945 1.7518
98.47 -0.3969 1.7536
98.49 -0.3993 1.7554
98.51 -0.4018 1.7571
98.53 -0.4041 1.7588
98.55 -0.4064 1.7605
98.57 -0.4087 1.7622
98.59 -0.4111 1.7638
98.61 -0.4134 1.7655
98.63 -0.4158 1.7671
98.65 -0.4182 1.7689
98.67 -0.4207 1.7706
98.69 -0.4231 1.7723
98.71 -0.4256 1.7740
98.73 -0.4280 1.7757
98.75 -0.4303 1.7774
98.77 -0.4326 1.7790
98.79 -0.4349 1.7806
98.81 -0.4372 1.7823
98.83 -0.4396 1.7839
98.85 -0.4420 1.7857
98.87 -0.4445 1.7874
98.89 -0.4469 1.7891
98.91 -0.4494 1.7908
98.93 -0.4519 1.7926
98.95 -0.4543 1.7943
98.97 -0.4568 1.7960
98.99 -0.4593 1.7977
99.01 -0.4617 1.7994
99.03 -0.4641 1.8010
99.05 -0.4665 1.8026
99.07 -0.4688 1.8042
99.09 -0.4712 1.8058
99.11 -0.4735 1.8074
99.13 -0.4760 1.8091
99.15 -0.4784 1.8107
99.17 -0.4809 1.8124
99.19 -0.4835 1.8140
99.21 -0.4860 1.8157
99.23 -0.4885 1.8173
99.25 -0.4910 1.8189
99.27 -0.4935 1.8206
99.29 -0.4961 1.8222
99.31 -0.4986 1.8238
99.33 -0.5011 1.8253
99.35 -0.5035 1.8268
99.37 -0.5059 1.8283
99.39 -0.5083 1.8298
99.41 -0.5107 1.8313
99.43 -0.5132 1.8329
99.45 -0.5158 1.8344
99.47 -0.5183 1.8360
99.49 -0.5209 1.8375
99.51 -0.5235 1.8390
99.53 -0.5261 1.8405
99.55 -0.5287 1.8420
99.57 -0.5313 1.8435
99.59 -0.5339 1.8449
99.61 -0.5366 1.8464
99.63 -0.5391 1.8478
99.65 -0.5416 1.8492
99.67 -0.5441 1.8506
99.69 -0.5466 1.8519
99.71 -0.5491 1.8533
99.73 -0.5515 1.8546
99.75 -0.5539 1.8559
99.77 -0.5563 1.8571
99.79 -0.5586 1.8584
99.81 -0.5610 1.8596
99.83 -0.5635 1.8609
99.85 -0.5662 1.8623
99.87 -0.5689 1.8637
99.89 -0.5715 1.8650
99.91 -0.5742 1.8664
99.93 -0.5769 1.8677
99.95 -0.5796 1.8690
99.97 -0.5823 1.8704
99.99 -0.5850 1.8717
100.01 -0.5877 1.8730
100.03 -0.5904 1.8743
100.05 -0.5931 1.8756
100.07 -0.5958 1.8770
100.09 -0.5985 1.8783
100.11 -0.6011 1.8796
100.13 -0.6037 1.8809
100.15 -0.6061 1.8820
100.17 -0.6085 1.8832
100.19 -0.6109 1.8844
100.21 -0.6134 1.8856
100.23 -0.6159 1.8868
100.25 -0.6186 1.8881
100.27 -0.6213 1.8894
100.29 -0.6240 1.8906
100.31 -0.6268 1.8919
100.33 -0.6295 1.8932
100.35 -0.6322 1.8944
100.37 -0.6349 1.8957
100.39 -0.6376 1.8970
100.41 -0.6404 1.8982
100.43 -0.6430 1.8995
100.45 -0.6456 1.9007
100.47 -0.6482 1.9018
100.49 -0.6508 1.9030
100.51 -0.6533 1.9042
100.53 -0.6559 1.9054
100.55 -0.6583 1.9065
100.57 -0.6607 1.9076
100.59 -0.6632 1.9088
100.61 -0.6656 1.9099
100.63 -0.6682 1.9111
100.65 -0.6709 1.9123
100.67 -0.6736 1.9136
100.69 -0.6764 1.9148
100.71 -0.6791 1.9161
100.73 -0.6818 1.9173
100.75 -0.6846 1.9186
100.77 -0.6873 1.9198
100.79 -0.6900 1.9210
100.81 -0.6928 1.9223
100.83 -0.6955 1.9235
100.85 -0.6980 1.9247
100.87 -0.7006 1.9258
100.89 -0.7032 1.9270
100.91 -0.7058 1.9282
100.93 -0.7083 1.9293
100.95 -0.7108 1.9304
100.97 -0.7132 1.9316
100.99 -0.7157 1.9327
101.01 -0.7181 1.9338
101.03 -0.7207 1.9350
101.05 -0.7234 1.9362
101.07 -0.7261 1.9375
101.09 -0.7289 1.9387
101.11 -0.7316 1.9399
101.13 -0.7343 1.9411
101.15 -0.7369 1.9423
101.17 -0.7395 1.9434
101.19 -0.7420 1.9446
101.21 -0.7446 1.9457
101.23 -0.7472 1.9469
101.25 -0.7496 1.9479
101.27 -0.7521 1.9490
101.29 -0.7546 1.9501
101.31 -0.7570 1.9511
101.33 -0.7594 1.9522
101.35 -0.7618 1.9532
101.37 -0.7641 1.9542
101.39 -0.7664 1.9552
101.41 -0.7687 1.9561
101.43 -0.7713 1.9572
101.45 -0.7740 1.9584
101.47 -0.7768 1.9595
101.49 -0.7795 1.9607
101.51 -0.7823 1.9619
101.53 -0.7851 1.9630
101.55 -0.7878 1.9642
101.57 -0.7906 1.9654
101.59 -0.7934 1.9665
101.61 -0.7961 1.9677
101.63 -0.7988 1.9688
101.65 -0.8014 1.9699
101.67 -0.8041 1.9711
101.69 -0.8067 1.9722
101.71 -0.8093 1.9733
101.73 -0.8118 1.9744
101.75 -0.8143 1.9754
101.77 -0.8168 1.9765
101.79 -0.8192 1.9775
101.81 -0.8217 1.9786
101.83 -0.8243 1.9797
101.85 -0.8271 1.9809
101.87 -0.8298 1.9821
101.89 -0.8326 1.9833
101.91 -0.8353 1.9845
101.93 -0.8380 1.9856
101.95 -0.8406 1.9867
101.97 -0.8433 1.9878
101.99 -0.8459 1.9889
102.01 -0.8485 1.9901
102.03 -0.8510 1.9911
102.05 -0.8535 1.9922
102.07 -0.8560 1.9932
102.09 -0.8584 1.9943
102.11 -0.8609 1.9953
102.13 -0.8635 1.9964
102.15 -0.8663 1.9976
102.17 -0.8690 1.9988
102.19 -0.8718 1.9999
102.21 -0.8746 2.0011
102.23 -0.8774 2.0022
102.25 -0.8801 2.0034
102.27 -0.8829 2.0045
102.29 -0.8857 2.0057
102.31 -0.8884 2.0068
102.33 -0.8911 2.0079
102.35 -0.8935 2.0089
102.37 -0.8960 2.0100
102.39 -0.8985 2.0110
102.41 -0.9010 2.0120
102.43 -0.9036 2.0130
102.45 -0.9062 2.0141
102.47 -0.9088 2.0152
102.49 -0.9114 2.0163
102.51 -0.9141 2.0173
102.53 -0.9166 2.0184
102.55 -0.9191 2.0194
102.57 -0.9216 2.0205
102.59 -0.9241 2.0215
102.61 -0.9265 2.0226
102.63 -0.9291 2.0237
102.65 -0.9319 2.0248
102.67 -0.9347 2.0260
102.69 -0.9374 2.0272
102.71 -0.9402 2.0284
102.73 -0.9429 2.0295
102.75 -0.9455 2.0306
102.77 -0.9481 2.0318
102.79 -0.9507 2.0329
102.81 -0.9533 2.0340
102.83 -0.9559 2.0351
102.85 -0.9583 2.0362
102.87 -0.9608 2.0372
102.89 -0.9633 2.0383
102.91 -0.9657 2.0393
102.93 -0.9683 2.0405
102.95 -0.9711 2.0417
102.97 -0.9738 2.0428
102.99 -0.9766 2.0440
103.01 -0.9794 2.0452
103.03 -0.9820 2.0463
103.05 -0.9847 2.0474
103.07 -0.9873 2.0485
103.09 -0.9899 2.0496
103.11 -0.9925 2.0507
103.13 -0.9951 2.0518
103.15 -0.9976 2.0528
103.17 -1.0001 2.0538
103.19 -1.0025 2.0549
103.21 -1.0050 2.0559
103.23 -1.0076 2.0569
103.25 -1.0102 2.0580
103.27 -1.0128 2.0591
103.29 -1.0155 2.0602
103.31 -1.0181 2.0613
103.33 -1.0208 2.0624
103.35 -1.0235 2.0635
103.37 -1.0263 2.0647
103.39 -1.0291 2.0659
103.41 -1.0318 2.0670
103.43 -1.0346 2.0682
103.45 -1.0373 2.0694
103.47 -1.0401 2.0706
103.49 -1.0429 2.0717
103.51 -1.0456 2.0729
103.53 -1.0483 2.0741
103.55 -1.0509 2.0752
103.57 -1.0535 2.0763
103.59 -1.0562 2.0774
103.61 -1.0588 2.0786
103.63 -1.0613 2.0796
103.65 -1.0638 2.0807
103.67 -1.0662 2.0818
103.69 -1.0687 2.0828
103.71 -1.0712 2.0839
103.73 -1.0737 2.0850
103.75 -1.0763 2.0861
103.77 -1.0789 2.0872
103.79 -1.0815 2.0884
103.81 -1.0842 2.0895
103.83 -1.0868 2.0906
103.85 -1.0894 2.0916
103.87 -1.0920 2.0927
103.89 -1.0947 2.0938
103.91 -1.0973 2.0949
103.93 -1.0998 2.0960
103.95 -1.1023 2.0970
103.97 -1.1048 2.0980
103.99 -1.1073 2.0991
104.01 -1.1098 2.1001
104.03 -1.1124 2.1012
104.05 -1.1151 2.1023
104.07 -1.1179 2.1035
104.09 -1.1207 2.1046
104.11 -1.1235 2.1057
104.13 -1.1263 2.1069
104.15 -1.1290 2.1080
104.17 -1.1318 2.1091
104.19 -1.1346 2.1102
104.21 -1.1374 2.1114
104.23 -1.1400 2.1124
104.25 -1.1425 2.1134
104.27 -1.1450 2.1144
104.29 -1.1475 2.1154
104.31 -1.1500 2.1164
104.33 -1.1526 2.1174
104.35 -1.1552 2.1184
104.37 -1.1579 2.1195
104.39 -1.1605 2.1205
104.41 -1.1631 2.1216
104.43 -1.1657 2.1226
104.45 -1.1682 2.1236
104.47 -1.1707 2.1246
104.49 -1.1732 2.1257
104.51 -1.1757 2.1267
104.53 -1.1783 2.1277
104.55 -1.1810 2.1289
104.57 -1.1838 2.1300
104.59 -1.1866 2.1312
104.61 -1.1893 2.1323
104.63 -1.1921 2.1334
104.65 -1.1947 2.1345
104.67 -1.1973 2.1356
104.69 -1.1999 2.1367
104.71 -1.2026 2.1378
104.73 -1.2051 2.1389
104.75 -1.2076 2.1399
104.77 -1.2101 2.1409
104.79 -1.2125 2.1420
104.81 -1.2150 2.1430
104.83 -1.2176 2.1441
104.85 -1.2204 2.1453
104.87 -1.2231 2.1464
104.89 -1.2259 2.1476
104.91 -1.2287 2.1487
104.93 -1.2314 2.1498
104.95 -1.2340 2.1509
104.97 -1.2367 2.1520
104.99 -1.2393 2.1531
105.01 -1.2419 2.1541
105.03 -1.2446 2.1552
105.05 -1.2474 2.1563
105.07 -1.2502 2.1575
105.09 -1.2530 2.1586
105.11 -1.2557 2.1598
105.13 -1.2585 2.1609
105.15 -1.2611 2.1620
105.17 -1.2637 2.1631
105.19 -1.2663 2.1642
105.21 -1.2689 2.1653
105.23 -1.2716 2.1665
105.25 -1.2744 2.1676
105.27 -1.2771 2.1688
105.29 -1.2799 2.1700
105.31 -1.2826 2.1712
105.33 -1.2854 2.1724
105.35 -1.2881 2.1736
105.37 -1.2909 2.1748
105.39 -1.2937 2.1759
105.41 -1.2964 2.1771
105.43 -1.2990 2.1783
105.45 -1.3015 2.1793
105.47 -1.3040 2.1804
105.49 -1.3064 2.1815
105.51 -1.3089 2.1825
105.53 -1.3115 2.1836
105.55 -1.3143 2.1848
105.57 -1.3170 2.1860
105.59 -1.3198 2.1872
105.61 -1.3226 2.1883
105.63 -1.3253 2.1895
105.65 -1.3281 2.1906
105.67 -1.3309 2.1918
105.69 -1.3336 2.1929
105.71 -1.3364 2.1941
105.73 -1.3391 2.1952
105.75 -1.3418 2.1963
105.77 -1.3444 2.1974
105.79 -1.3470 2.1985
105.81 -1.3496 2.1995
105.83 -1.3522 2.2006
105.85 -1.3547 2.2016
105.87 -1.3572 2.2027
105.89 -1.3596 2.2037
105.91 -1.3621 2.2047
105.93 -1.3647 2.2058
105.95 -1.3675 2.2069
105.97 -1.3703 2.2081
105.99 -1.3731 2.2092
106.01 -1.3758 2.2103
106.03 -1.3786 2.2115
106.05 -1.3814 2.2126
106.07 -1.3842 2.2137
106.09 -1.3870 2.2149
106.11 -1.3897 2.2160
106.13 -1.3924 2.2171
106.15 -1.3951 2.2182
106.17 -1.3977 2.2192
106.19 -1.4003 2.2203
106.21 -1.4030 2.2214
106.23 -1.4055 2.2225
106.25 -1.4080 2.2235
106.27 -1.4105 2.2245
106.29 -1.4130 2.2255
106.31 -1.4155 2.2266
106.33 -1.4181 2.2276
106.35 -1.4208 2.2288
106.37 -1.4236 2.2299
106.39 -1.4264 2.2311
106.41 -1.4292 2.2322
106.43 -1.4319 2.2334
106.45 -1.4347 2.2345
106.47 -1.4375 2.2357
106.49 -1.4402 2.2368
106.51 -1.4430 2.2380
106.53 -1.4457 2.2391
106.55 -1.4483 2.2402
106.57 -1.4510 2.2413
106.59 -1.4536 2.2424
106.61 -1.4562 2.2435
106.63 -1.4588 2.2446
106.65 -1.4612 2.2456
106.67 -1.4637 2.2467
106.69 -1.4662 2.2477
106.71 -1.4687 2.2487
106.73 -1.4713 2.2498
106.75 -1.4740 2.2510
106.77 -1.4768 2.2522
106.79 -1.4796 2.2533
106.81 -1.4823 2.2545
106.83 -1.4850 2.2556
106.85 -1.4877 2.2567
106.87 -1.4903 2.2578
106.89 -1.4929 2.2589
106.91 -1.4955 2.2599
106.93 -1.4981 2.2610
106.95 -1.5006 2.2620
106.97 -1.5031 2.2630
106.99 -1.5056 2.2640
107.01 -1.5080 2.2651
107.03 -1.5105 2.2661
107.05 -1.5130 2.2671
107.07 -1.5155 2.2681
107.09 -1.5180 2.2691
107.11 -1.5205 2.2702
107.13 -1.5230 2.2713
107.15 -1.5258 2.2724
107.17 -1.5286 2.2736
107.19 -1.5314 2.2747
107.21 -1.5341 2.2759
107.23 -1.5368 2.2770
107.25 -1.5394 2.2781
107.27 -1.5421 2.2792
107.29 -1.5447 2.2803
107.31 -1.5473 2.2814
107.33 -1.5499 2.2825
107.35 -1.5523 2.2835
107.37 -1.5548 2.2845
107.39 -1.5573 2.2856
107.41 -1.5598 2.2866
107.43 -1.5624 2.2877
107.45 -1.5652 2.2889
107.47 -1.5679 2.2900
107.49 -1.5707 2.2911
107.51 -1.5735 2.2923
107.53 -1.5763 2.2934
107.55 -1.5790 2.2946
107.57 -1.5818 2.2957
107.59 -1.5846 2.2968
107.61 -1.5874 2.2980
107.63 -1.5901 2.2991
107.65 -1.5927 2.3001
107.67 -1.5953 2.3012
107.69 -1.5980 2.3023
107.71 -1.6006 2.3034
107.73 -1.6032 2.3044
107.75 -1.6056 2.3054
107.77 -1.6081 2.3065
107.79 -1.6106 2.3075
107.81 -1.6131 2.3085
107.83 -1.6157 2.3096
107.85 -1.6185 2.3107
107.87 -1.6212 2.3119
107.89 -1.6240 2.3130
107.91 -1.6268 2.3141
107.93 -1.6296 2.3153
107.95 -1.6324 2.3164
107.97 -1.6351 2.3175
107.99 -1.6379 2.3187
108.01 -1.6407 2.3198
108.03 -1.6434 2.3209
108.05 -1.6461 2.3220
108.07 -1.6487 2.3230
108.09 -1.6513 2.3241
108.11 -1.6539 2.3252
108.13 -1.6565 2.3263
108.15 -1.6590 2.3273
108.17 -1.6615 2.3283
108.19 -1.6639 2.3293
108.21 -1.6664 2.3304
108.23 -1.6690 2.3314
108.25 -1.6718 2.3326
108.27 -1.6746 2.3337
108.29 -1.6774 2.3348
108.31 -1.6801 2.3360
108.33 -1.6829 2.3371
108.35 -1.6857 2.3382
108.37 -1.6885 2.3394
108.39 -1.6912 2.3405
108.41 -1.6940 2.3416
108.43 -1.6967 2.3427
108.45 -1.6992 2.3437
108.47 -1.7017 2.3447
108.49 -1.7042 2.3458
108.51 -1.7066 2.3468
108.53 -1.7091 2.3477
108.55 -1.7114 2.3487
108.57 -1.7138 2.3496
108.59 -1.7161 2.3506
108.61 -1.7184 2.3515
108.63 -1.7210 2.3525
108.65 -1.7238 2.3537
108.67 -1.7266 2.3548
108.69 -1.7293 2.3559
108.71 -1.7321 2.3570
108.73 -1.7348 2.3581
108.75 -1.7375 2.3591
108.77 -1.7401 2.3602
108.79 -1.7428 2.3612
108.81 -1.7454 2.3623
108.83 -1.7480 2.3633
108.85 -1.7505 2.3643
108.87 -1.7530 2.3653
108.89 -1.7555 2.3663
108.91 -1.7580 2.3673
108.93 -1.7605 2.3683
108.95 -1.7630 2.3692
108.97 -1.7655 2.3702
108.99 -1.7679 2.3712
109.01 -1.7704 2.3722
109.03 -1.7731 2.3733
109.05 -1.7758 2.3744
109.07 -1.7786 2.3756
109.09 -1.7814 2.3767
109.11 -1.7842 2.3779
109.13 -1.7869 2.3790
109.15 -1.7895 2.3801
109.17 -1.7921 2.3812
109.19 -1.7948 2.3822
109.21 -1.7974 2.3833
109.23 -1.7999 2.3844
109.25 -1.8024 2.3854
109.27 -1.8049 2.3864
109.29 -1.8074 2.3874
109.31 -1.8099 2.3885
109.33 -1.8123 2.3895
109.35 -1.8146 2.3904
109.37 -1.8170 2.3914
109.39 -1.8193 2.3923
109.41 -1.8216 2.3933
109.43 -1.8242 2.3943
109.45 -1.8269 2.3955
109.47 -1.8297 2.3966
109.49 -1.8325 2.3977
109.51 -1.8353 2.3989
109.53 -1.8380 2.4000
109.55 -1.8406 2.4011
109.57 -1.8432 2.4021
109.59 -1.8459 2.4032
109.61 -1.8485 2.4043
109.63 -1.8511 2.4053
109.65 -1.8536 2.4064
109.67 -1.8560 2.4074
109.69 -1.8585 2.4084
109.71 -1.8610 2.4094
109.73 -1.8636 2.4105
109.75 -1.8664 2.4116
109.77 -1.8692 2.4127
109.79 -1.8720 2.4138
109.81 -1.8747 2.4150
109.83 -1.8775 2.4160
109.85 -1.8801 2.4171
109.87 -1.8828 2.4181
109.89 -1.8854 2.4192
109.91 -1.8881 2.4202
109.93 -1.8907 2.4212
109.95 -1.8934 2.4223
109.97 -1.8960 2.4233
109.99 -1.8986 2.4244
110.01 -1.9013 2.4254
110.03 -1.9039 2.4264
110.05 -1.9064 2.4274
110.07 -1.9089 2.4284
110.09 -1.9114 2.4294
110.11 -1.9139 2.4303
110.13 -1.9165 2.4314
110.15 -1.9193 2.4325
110.17 -1.9221 2.4336
110.19 -1.9249 2.4347
110.21 -1.9276 2.4358
110.23 -1.9304 2.4369
110.25 -1.9332 2.4380
110.27 -1.9360 2.4391
110.29 -1.9388 2.4402
110.31 -1.9416 2.4413
110.33 -1.9443 2.4424
110.35 -1.9469 2.4435
110.37 -1.9496 2.4445
110.39 -1.9522 2.4456
110.41 -1.9549 2.4466
110.43 -1.9574 2.4477
110.45 -1.9599 2.4487
110.47 -1.9624 2.4497
110.49 -1.9649 2.4507
110.51 -1.9674 2.4517
110.53 -1.9700 2.4528
110.55 -1.9728 2.4539
110.57 -1.9756 2.4550
110.59 -1.9784 2.4561
110.61 -1.9811 2.4572
110.63 -1.9839 2.4583
110.65 -1.9865 2.4593
110.67 -1.9892 2.4604
110.69 -1.9918 2.4614
110.71 -1.9944 2.4625
110.73 -1.9970 2.4635
110.75 -1.9995 2.4645
110.77 -2.0020 2.4654
110.79 -2.0045 2.4664
110.81 -2.0070 2.4674
110.83 -2.0095 2.4684
110.85 -2.0120 2.4694
110.87 -2.0145 2.4703
110.89 -2.0170 2.4713
110.91 -2.0195 2.4723
110.93 -2.0221 2.4734
110.95 -2.0249 2.4745
110.97 -2.0277 2.4756
110.99 -2.0305 2.4767
111.01 -2.0333 2.4778
111.03 -2.0361 2.4790
111.05 -2.0388 2.4801
111.07 -2.0416 2.4813
111.09 -2.0444 2.4824
111.11 -2.0471 2.4836
111.13 -2.0498 2.4847
111.15 -2.0523 2.4857
111.17 -2.0547 2.4867
111.19 -2.0572 2.4878
111.21 -2.0597 2.4888
111.23 -2.0621 2.4898
111.25 -2.0644 2.4908
111.27 -2.0668 2.4917
111.29 -2.0691 2.4927
111.31 -2.0714 2.4937
111.33 -2.0740 2.4947
111.35 -2.0767 2.4959
111.37 -2.0795 2.4971
111.39 -2.0823 2.4982
111.41 -2.0850 2.4994
111.43 -2.0877 2.5005
111.45 -2.0904 2.5016
111.47 -2.0930 2.5027
111.49 -2.0956 2.5037
111.51 -2.0983 2.5048
111.53 -2.1008 2.5059
111.55 -2.1033 2.5069
111.57 -2.1058 2.5079
111.59 -2.1083 2.5090
111.61 -2.1107 2.5100
111.63 -2.1134 2.5111
111.65 -2.1161 2.5122
111.67 -2.1189 2.5134
111.69 -2.1217 2.5145
111.71 -2.1245 2.5156
111.73 -2.1273 2.5167
111.75 -2.1300 2.5178
111.77 -2.1328 2.5189
111.79 -2.1356 2.5201
111.81 -2.1384 2.5212
111.83 -2.1411 2.5223
111.85 -2.1438 2.5233
111.87 -2.1464 2.5244
111.89 -2.1490 2.5255
111.91 -2.1517 2.5265
111.93 -2.1542 2.5276
111.95 -2.1567 2.5286
111.97 -2.1592 2.5296
111.99 -2.1617 2.5306
112.01 -2.1642 2.5316
112.03 -2.1668 2.5327
112.05 -2.1696 2.5338
112.07 -2.1724 2.5349
112.09 -2.1751 2.5361
112.11 -2.1779 2.5372
112.13 -2.1807 2.5383
112.15 -2.1835 2.5394
112.17 -2.1863 2.5405
112.19 -2.1891 2.5416
112.21 -2.1918 2.5427
112.23 -2.1946 2.5438
112.25 -2.1972 2.5449
112.27 -2.1998 2.5460
112.29 -2.2025 2.5470
112.31 -2.2051 2.5481
112.33 -2.2077 2.5491
112.35 -2.2102 2.5501
112.37 -2.2126 2.5511
112.39 -2.2151 2.5522
112.41 -2.2176 2.5532
112.43 -2.2202 2.5542
112.45 -2.2230 2.5554
112.47 -2.2258 2.5565
112.49 -2.2286 2.5576
112.51 -2.2314 2.5587
112.53 -2.2341 2.5598
112.55 -2.2367 2.5609
112.57 -2.2394 2.5619
112.59 -2.2420 2.5630
112.61 -2.2447 2.5640
112.63 -2.2472 2.5650
112.65 -2.2497 2.5660
112.67 -2.2522 2.5670
112.69 -2.2547 2.5680
112.71 -2.2572 2.5690
112.73 -2.2597 2.5700
112.75 -2.2622 2.5709
112.77 -2.2647 2.5719
112.79 -2.2672 2.5729
112.81 -2.2697 2.5739
112.83 -2.2723 2.5750
112.85 -2.2751 2.5761
112.87 -2.2779 2.5772
112.89 -2.2807 2.5784
112.91 -2.2834 2.5795
112.93 -2.2862 2.5806
112.95 -2.2888 2.5817
112.97 -2.2914 2.5828
112.99 -2.2941 2.5839
113.01 -2.2967 2.5849
113.03 -2.2993 2.5860
113.05 -2.3018 2.5870
113.07 -2.3042 2.5880
113.09 -2.3067 2.5890
113.11 -2.3092 2.5900
113.13 -2.3116 2.5910
113.15 -2.3140 2.5920
113.17 -2.3163 2.5929
113.19 -2.3187 2.5939
113.21 -2.3210 2.5949
113.23 -2.3234 2.5959
113.25 -2.3262 2.5970
113.27 -2.3290 2.5981
113.29 -2.3318 2.5992
113.31 -2.3346 2.6004
113.33 -2.3373 2.6015
113.35 -2.3399 2.6026
113.37 -2.3425 2.6036
113.39 -2.3452 2.6047
113.41 -2.3478 2.6058
113.43 -2.3504 2.6068
113.45 -2.3529 2.6078
113.47 -2.3554 2.6088
113.49 -2.3579 2.6098
113.51 -2.3603 2.6108
113.53 -2.3629 2.6119
113.55 -2.3657 2.6130
113.57 -2.3685 2.6141
113.59 -2.3713 2.6152
113.61 -2.3741 2.6164
113.63 -2.3769 2.6175
113.65 -2.3796 2.6186
113.67 -2.3824 2.6197
113.69 -2.3852 2.6208
113.71 -2.3880 2.6219
113.73 -2.3908 2.6230
113.75 -2.3934 2.6241
113.77 -2.3960 2.6251
113.79 -2.3987 2.6262
113.81 -2.4013 2.6272
113.83 -2.4039 2.6283
113.85 -2.4064 2.6293
113.87 -2.4089 2.6303
113.89 -2.4114 2.6313
113.91 -2.4138 2.6323
113.93 -2.4165 2.6333
113.95 -2.4192 2.6345
113.97 -2.4220 2.6356
113.99 -2.4248 2.6367
114.01 -2.4276 2.6379
114.03 -2.4304 2.6390
114.05 -2.4331 2.6401
114.07 -2.4359 2.6412
114.09 -2.4387 2.6424
114.11 -2.4415 2.6435
114.13 -2.4442 2.6446
114.15 -2.4468 2.6457
114.17 -2.4495 2.6468
114.19 -2.4521 2.6479
114.21 -2.4547 2.6489
114.23 -2.4573 2.6500
114.25 -2.4598 2.6510
114.27 -2.4623 2.6521
114.29 -2.4647 2.6531
114.31 -2.4672 2.6541
114.33 -2.4698 2.6552
114.35 -2.4726 2.6563
114.37 -2.4754 2.6575
114.39 -2.4782 2.6586
114.41 -2.4809 2.6597
114.43 -2.4837 2.6609
114.45 -2.4865 2.6620
114.47 -2.4893 2.6631
114.49 -2.4921 2.6643
114.51 -2.4948 2.6654
114.53 -2.4976 2.6665
114.55 -2.5002 2.6676
114.57 -2.5028 2.6687
114.59 -2.5055 2.6697
114.61 -2.5081 2.6708
114.63 -2.5107 2.6719
114.65 -2.5131 2.6729
114.67 -2.5156 2.6739
114.69 -2.5181 2.6750
114.71 -2.5206 2.6760
114.73 -2.5232 2.6771
114.75 -2.5259 2.6783
114.77 -2.5287 2.6794
114.79 -2.5315 2.6806
114.81 -2.5342 2.6817
114.83 -2.5369 2.6829
114.85 -2.5395 2.6840
114.87 -2.5422 2.6851
114.89 -2.5448 2.6862
114.91 -2.5474 2.6872
114.93 -2.5500 2.6883
114.95 -2.5525 2.6893
114.97 -2.5549 2.6904
114.99 -2.5574 2.6914
115.01 -2.5599 2.6924
115.03 -2.5625 2.6935
115.05 -2.5653 2.6946
115.07 -2.5681 2.6958
115.09 -2.5708 2.6969
115.11 -2.5736 2.6981
115.13 -2.5764 2.6992
115.15 -2.5792 2.7003
115.17 -2.5819 2.7014
115.19 -2.5847 2.7026
115.21 -2.5875 2.7037
115.23 -2.5902 2.7048
115.25 -2.5927 2.7058
115.27 -2.5952 2.7068
115.29 -2.5976 2.7078
115.31 -2.6001 2.7088
115.33 -2.6027 2.7098
115.35 -2.6053 2.7108
115.37 -2.6080 2.7119
115.39 -2.6106 2.7129
115.41 -2.6132 2.7140
115.43 -2.6159 2.7151
115.45 -2.6187 2.7162
115.47 -2.6215 2.7173
115.49 -2.6243 2.7185
115.51 -2.6271 2.7196
115.53 -2.6299 2.7207
115.55 -2.6326 2.7218
115.57 -2.6354 2.7229
115.59 -2.6382 2.7241
115.61 -2.6410 2.7252
115.63 -2.6437 2.7263
115.65 -2.6463 2.7274
115.67 -2.6490 2.7284
115.69 -2.6516 2.7295
115.71 -2.6542 2.7306
115.73 -2.6568 2.7316
115.75 -2.6593 2.7327
115.77 -2.6618 2.7337
115.79 -2.6643 2.7347
115.81 -2.6668 2.7357
115.83 -2.6694 2.7368
115.85 -2.6721 2.7379
115.87 -2.6749 2.7390
115.89 -2.6777 2.7401
115.91 -2.6805 2.7412
115.93 -2.6832 2.7423
115.95 -2.6859 2.7433
115.97 -2.6885 2.7444
115.99 -2.6912 2.7454
116.01 -2.6938 2.7464
116.03 -2.6964 2.7474
116.05 -2.6989 2.7484
116.07 -2.7014 2.7494
116.09 -2.7039 2.7503
116.11 -2.7064 2.7513
116.13 -2.7090 2.7523
116.15 -2.7118 2.7534
116.17 -2.7147 2.7544
116.19 -2.7175 2.7555
116.21 -2.7203 2.7565
116.23 -2.7231 2.7576
116.25 -2.7259 2.7586
116.27 -2.7287 2.7596
116.29 -2.7315 2.7607
116.31 -2.7343 2.7617
116.33 -2.7372 2.7628
116.35 -2.7400 2.7638
116.37 -2.7428 2.7649
116.39 -2.7456 2.7659
116.41 -2.7484 2.7670
116.43 -2.7511 2.7680
116.45 -2.7538 2.7691
116.47 -2.7564 2.7701
116.49 -2.7591 2.7711
116.51 -2.7617 2.7721
116.53 -2.7643 2.7731
116.55 -2.7668 2.7741
116.57 -2.7693 2.7751
116.59 -2.7718 2.7761
116.61 -2.7743 2.7771
116.63 -2.7769 2.7781
116.65 -2.7797 2.7792
116.67 -2.7825 2.7803
116.69 -2.7853 2.7815
116.71 -2.7881 2.7826
116.73 -2.7908 2.7837
116.75 -2.7934 2.7847
116.77 -2.7961 2.7858
116.79 -2.7987 2.7869
116.81 -2.8013 2.7879
116.83 -2.8039 2.7890
116.85 -2.8064 2.7900
116.87 -2.8089 2.7910
116.89 -2.8114 2.7920
116.91 -2.8138 2.7930
116.93 -2.8164 2.7941
116.95 -2.8192 2.7952
116.97 -2.8220 2.7963
116.99 -2.8248 2.7974
117.01 -2.8275 2.7986
117.03 -2.8303 2.7997
117.05 -2.8329 2.8007
117.07 -2.8356 2.8017
117.09 -2.8382 2.8028
117.11 -2.8409 2.8038
117.13 -2.8435 2.8049
117.15 -2.8462 2.8059
117.17 -2.8488 2.8069
117.19 -2.8515 2.8080
117.21 -2.8541 2.8090
117.23 -2.8567 2.8100
117.25 -2.8592 2.8110
117.27 -2.8617 2.8120
117.29 -2.8642 2.8130
117.31 -2.8667 2.8140
117.33 -2.8692 2.8150
117.35 -2.8720 2.8161
117.37 -2.8748 2.8172
117.39 -2.8776 2.8183
117.41 -2.8804 2.8194
117.43 -2.8832 2.8205
117.45 -2.8860 2.8216
117.47 -2.8888 2.8227
117.49 -2.8916 2.8238
117.51 -2.8943 2.8249
117.53 -2.8971 2.8260
117.55 -2.8997 2.8271
117.57 -2.9024 2.8282
117.59 -2.9050 2.8292
117.61 -2.9076 2.8303
117.63 -2.9102 2.8313
117.65 -2.9127 2.8324
117.67 -2.9152 2.8334
117.69 -2.9176 2.8344
117.71 -2.9201 2.8354
117.73 -2.9227 2.8365
117.75 -2.9255 2.8377
117.77 -2.9283 2.8388
117.79 -2.9310 2.8400
117.81 -2.9338 2.8411
117.83 -2.9365 2.8423
117.85 -2.9392 2.8434
117.87 -2.9418 2.8444
117.89 -2.9444 2.8455
117.91 -2.9470 2.8466
117.93 -2.9496 2.8477
117.95 -2.9521 2.8487
117.97 -2.9546 2.8497
117.99 -2.9571 2.8507
118.01 -2.9595 2.8518
118.03 -2.9621 2.8528
118.05 -2.9649 2.8539
118.07 -2.9677 2.8551
118.09 -2.9704 2.8562
118.11 -2.9732 2.8573
118.13 -2.9760 2.8584
118.15 -2.9788 2.8596
118.17 -2.9816 2.8607
118.19 -2.9844 2.8618
118.21 -2.9871 2.8629
118.23 -2.9898 2.8639
118.25 -2.9923 2.8649
118.27 -2.9948 2.8659
118.29 -2.9973 2.8669
118.31 -2.9998 2.8678
118.33 -3.0023 2.8688
118.35 -3.0046 2.8697
118.37 -3.0070 2.8706
118.39 -3.0094 2.8715
118.41 -3.0117 2.8724
118.43 -3.0142 2.8733
118.45 -3.0170 2.8743
118.47 -3.0198 2.8754
118.49 -3.0227 2.8764
118.51 -3.0255 2.8775
118.53 -3.0283 2.8785
118.55 -3.0311 2.8795
118.57 -3.0339 2.8806
118.59 -3.0367 2.8816
118.61 -3.0396 2.8826
118.63 -3.0423 2.8837
118.65 -3.0450 2.8846
118.67 -3.0476 2.8856
118.69 -3.0503 2.8866
118.71 -3.0530 2.8876
118.73 -3.0556 2.8886
118.75 -3.0581 2.8895
118.77 -3.0606 2.8904
118.79 -3.0631 2.8914
118.81 -3.0656 2.8923
118.83 -3.0682 2.8933
118.85 -3.0710 2.8944
118.87 -3.0738 2.8955
118.89 -3.0766 2.8965
118.91 -3.0794 2.8976
118.93 -3.0821 2.8987
118.95 -3.0848 2.8997
118.97 -3.0875 2.9007
118.99 -3.0901 2.9017
119.01 -3.0928 2.9027
119.03 -3.0954 2.9037
119.05 -3.0979 2.9047
119.07 -3.1004 2.9056
119.09 -3.1029 2.9066
119.11 -3.1054 2.9075
119.13 -3.1078 2.9085
119.15 -3.1102 2.9094
119.17 -3.1126 2.9103
119.19 -3.1149 2.9111
119.21 -3.1173 2.9120
119.23 -3.1198 2.9130
119.25 -3.1226 2.9140
119.27 -3.1254 2.9151
119.29 -3.1282 2.9161
119.31 -3.1311 2.9172
119.33 -3.1338 2.9182
119.35 -3.1365 2.9192
119.37 -3.1392 2.9202
119.39 -3.1418 2.9212
119.41 -3.1445 2.9222
119.43 -3.1471 2.9231
119.45 -3.1496 2.9241
119.47 -3.1521 2.9250
119.49 -3.1547 2.9259
119.51 -3.1572 2.9268
119.53 -3.1598 2.9278
119.55 -3.1626 2.9288
119.57 -3.1655 2.9298
119.59 -3.1683 2.9309
119.61 -3.1711 2.9319
119.63 -3.1739 2.9328
119.65 -3.1766 2.9338
119.67 -3.1792 2.9347
119.69 -3.1819 2.9356
119.71 -3.1846 2.9366
119.73 -3.1872 2.9375
119.75 -3.1898 2.9383
119.77 -3.1923 2.9392
119.79 -3.1949 2.9400
119.81 -3.1974 2.9409
119.83 -3.1999 2.9417
119.85 -3.2023 2.9425
119.87 -3.2047 2.9433
119.89 -3.2071 2.9441
119.91 -3.2095 2.9449
119.93 -3.2121 2.9457
119.95 -3.2149 2.9467
119.97 -3.2178 2.9476
119.99 -3.2206 2.9485
120.01 -3.2235 2.9494
120.03 -3.2263 2.9503
120.05 -3.2292 2.9512
120.07 -3.2321 2.9521
120.09 -3.2349 2.9530
120.11 -3.2378 2.9540
120.13 -3.2406 2.9549
120.15 -3.2433 2.9558
120.17 -3.2460 2.9566
120.19 -3.2487 2.9575
120.21 -3.2513 2.9584
120.23 -3.2539 2.9593
120.25 -3.2563 2.9601
120.27 -3.2587 2.9609
120.29 -3.2611 2.9617
120.31 -3.2635 2.9625
120.33 -3.2660 2.9633
120.35 -3.2689 2.9643
120.37 -3.2717 2.9652
120.39 -3.2746 2.9661
120.41 -3.2774 2.9671
120.43 -3.2802 2.9680
120.45 -3.2829 2.9689
120.47 -3.2856 2.9698
120.49 -3.2883 2.9707
120.51 -3.2910 2.9716
120.53 -3.2937 2.9724
120.55 -3.2962 2.9733
120.57 -3.2988 2.9741
120.59 -3.3013 2.9750
120.61 -3.3038 2.9758
120.63 -3.3063 2.9767
120.65 -3.3087 2.9775
120.67 -3.3111 2.9783
120.69 -3.3135 2.9791
120.71 -3.3159 2.9799
120.73 -3.3184 2.9807
120.75 -3.3213 2.9817
120.77 -3.3241 2.9826
120.79 -3.3270 2.9836
120.81 -3.3298 2.9845
120.83 -3.3326 2.9854
120.85 -3.3353 2.9863
120.87 -3.3380 2.9872
120.89 -3.3407 2.9881
120.91 -3.3434 2.9889
120.93 -3.3461 2.9898
120.95 -3.3486 2.9906
120.97 -3.3512 2.9914
120.99 -3.3538 2.9922
121.01 -3.3563 2.9930
121.03 -3.3590 2.9938
121.05 -3.3618 2.9947
121.07 -3.3647 2.9956
121.09 -3.3676 2.9965
121.11 -3.3705 2.9973
121.13 -3.3733 2.9982
121.15 -3.3762 2.9990
121.17 -3.3791 2.9999
121.19 -3.3820 3.0007
121.21 -3.3849 3.0015
121.23 -3.3878 3.0023
121.25 -3.3906 3.0032
121.27 -3.3935 3.0040
121.29 -3.3964 3.0047
121.31 -3.3993 3.0055
121.33 -3.4022 3.0063
121.35 -3.4051 3.0071
121.37 -3.4080 3.0078
121.39 -3.4109 3.0086
121.41 -3.4138 3.0093
121.43 -3.4167 3.0101
121.45 -3.4195 3.0108
121.47 -3.4222 3.0115
121.49 -3.4250 3.0121
121.51 -3.4277 3.0128
121.53 -3.4304 3.0135
121.55 -3.4330 3.0141
121.57 -3.4356 3.0148
121.59 -3.4383 3.0154
121.61 -3.4409 3.0160
121.63 -3.4434 3.0166
121.65 -3.4459 3.0172
121.67 -3.4484 3.0178
121.69 -3.4508 3.0184
121.71 -3.4533 3.0189
121.73 -3.4559 3.0195
121.75 -3.4588 3.0202
121.77 -3.4617 3.0209
121.79 -3.4647 3.0215
121.81 -3.4676 3.0222
121.83 -3.4705 3.0229
121.85 -3.4734 3.0235
121.87 -3.4764 3.0242
121.89 -3.4793 3.0249
121.91 -3.4822 3.0256
121.93 -3.4850 3.0262
121.95 -3.4876 3.0269
121.97 -3.4902 3.0275
121.99 -3.4928 3.0281
122.01 -3.4954 3.0287
122.03 -3.4980 3.0293
122.05 -3.5004 3.0299
122.07 -3.5029 3.0305
122.09 -3.5054 3.0311
122.11 -3.5078 3.0317
122.13 -3.5104 3.0323
122.15 -3.5134 3.0330
122.17 -3.5163 3.0337
122.19 -3.5192 3.0344
122.21 -3.5221 3.0351
122.23 -3.5250 3.0357
122.25 -3.5277 3.0364
122.27 -3.5305 3.0371
122.29 -3.5333 3.0377
122.31 -3.5360 3.0384
122.33 -3.5387 3.0391
122.35 -3.5413 3.0397
122.37 -3.5439 3.0403
122.39 -3.5465 3.0410
122.41 -3.5492 3.0416
122.43 -3.5517 3.0422
122.45 -3.5542 3.0428
122.47 -3.5566 3.0434
122.49 -3.5591 3.0440
122.51 -3.5615 3.0447
122.53 -3.5642 3.0453
122.55 -3.5671 3.0460
122.57 -3.5700 3.0468
122.59 -3.5729 3.0475
122.61 -3.5758 3.0482
122.63 -3.5787 3.0489
122.65 -3.5814 3.0496
122.67 -3.5842 3.0503
122.69 -3.5869 3.0510
122.71 -3.5897 3.0517
122.73 -3.5924 3.0524
122.75 -3.5950 3.0531
122.77 -3.5976 3.0537
122.79 -3.6002 3.0544
122.81 -3.6028 3.0551
122.83 -3.6055 3.0558
122.85 -3.6084 3.0565
122.87 -3.6113 3.0572
122.89 -3.6142 3.0580
122.91 -3.6171 3.0587
122.93 -3.6200 3.0595
122.95 -3.6230 3.0602
122.97 -3.6259 3.0609
122.99 -3.6288 3.0617
123.01 -3.6317 3.0625
123.03 -3.6345 3.0632
123.05 -3.6373 3.0639
123.07 -3.6400 3.0647
123.09 -3.6428 3.0654
123.11 -3.6455 3.0661
123.13 -3.6482 3.0669
123.15 -3.6508 3.0676
123.17 -3.6534 3.0683
123.19 -3.6560 3.0690
123.21 -3.6586 3.0697
123.23 -3.6612 3.0704
123.25 -3.6641 3.0713
123.27 -3.6670 3.0721
123.29 -3.6699 3.0729
123.31 -3.6728 3.0737
123.33 -3.6756 3.0745
123.35 -3.6783 3.0752
123.37 -3.6811 3.0760
123.39 -3.6838 3.0768
123.41 -3.6866 3.0775
123.43 -3.6892 3.0783
123.45 -3.6918 3.0790
123.47 -3.6944 3.0797
123.49 -3.6970 3.0804
123.51 -3.6996 3.0812
123.53 -3.7021 3.0819
123.55 -3.7045 3.0826
123.57 -3.7070 3.0833
123.59 -3.7094 3.0839
123.61 -3.7118 3.0846
123.63 -3.7144 3.0854
123.65 -3.7173 3.0862
123.67 -3.7202 3.0870
123.69 -3.7231 3.0879
123.71 -3.7260 3.0887
123.73 -3.7289 3.0895
123.75 -3.7317 3.0904
123.77 -3.7346 3.0912
123.79 -3.7375 3.0920
123.81 -3.7404 3.0929
123.83 -3.7432 3.0937
123.85 -3.7459 3.0945
123.87 -3.7486 3.0953
123.89 -3.7513 3.0962
123.91 -3.7541 3.0970
123.93 -3.7567 3.0978
123.95 -3.7593 3.0986
123.97 -3.7618 3.0994
123.99 -3.7644 3.1003
124.01 -3.7670 3.1011
124.03 -3.7696 3.1020
124.05 -3.7725 3.1029
124.07 -3.7753 3.1038
124.09 -3.7782 3.1047
124.11 -3.7810 3.1057
124.13 -3.7838 3.1066
124.15 -3.7865 3.1075
124.17 -3.7892 3.1084
124.19 -3.7919 3.1093
124.21 -3.7946 3.1102
124.23 -3.7972 3.1110
124.25 -3.7998 3.1119
124.27 -3.8023 3.1127
124.29 -3.8049 3.1136
124.31 -3.8074 3.1144
124.33 -3.8101 3.1153
124.35 -3.8129 3.1162
124.37 -3.8158 3.1172
124.39 -3.8186 3.1181
124.41 -3.8215 3.1191
124.43 -3.8243 3.1200
124.45 -3.8272 3.1209
124.47 -3.8300 3.1219
124.49 -3.8329 3.1228
124.51 -3.8357 3.1237
124.53 -3.8385 3.1246
124.55 -3.8412 3.1255
124.57 -3.8439 3.1264
124.59 -3.8466 3.1273
124.61 -3.8493 3.1282
124.63 -3.8519 3.1291
124.65 -3.8545 3.1299
124.67 -3.8570 3.1308
124.69 -3.8596 3.1316
124.71 -3.8621 3.1325
124.73 -3.8648 3.1333
124.75 -3.8676 3.1343
124.77 -3.8705 3.1352
124.79 -3.8733 3.1362
124.81 -3.8762 3.1371
124.83 -3.8790 3.1381
124.85 -3.8819 3.1390
124.87 -3.8847 3.1400
124.89 -3.8875 3.1409
124.91 -3.8904 3.1419
124.93 -3.8932 3.1428
124.95 -3.8959 3.1438
124.97 -3.8986 3.1447
124.99 -3.9012 3.1456
125.01 -3.9039 3.1465
125.03 -3.9066 3.1475
125.05 -3.9091 3.1483
125.07 -3.9116 3.1492
125.09 -3.9142 3.1501
125.11 -3.9167 3.1510
125.13 -3.9193 3.1520
125.15 -3.9222 3.1530
125.17 -3.9250 3.1540
125.19 -3.9278 3.1550
125.21 -3.9306 3.1560
125.23 -3.9334 3.1570
125.25 -3.9361 3.1580
125.27 -3.9388 3.1589
125.29 -3.9414 3.1599
125.31 -3.9441 3.1608
125.33 -3.9467 3.1618
125.35 -3.9493 3.1627
125.37 -3.9518 3.1636
125.39 -3.9543 3.1645
125.41 -3.9568 3.1654
125.43 -3.9594 3.1663
125.45 -3.9623 3.1674
125.47 -3.9651 3.1684
125.49 -3.9679 3.1694
125.51 -3.9708 3.1704
125.53 -3.9736 3.1714
125.55 -3.9764 3.1724
125.57 -3.9792 3.1734
125.59 -3.9821 3.1744
125.61 -3.9849 3.1754
125.63 -3.9877 3.1764
125.65 -3.9903 3.1773
125.67 -3.9930 3.1783
125.69 -3.9957 3.1792
125.71 -3.9984 3.1802
125.73 -4.0010 3.1811
125.75 -4.0035 3.1820
125.77 -4.0061 3.1829
125.79 -4.0086 3.1838
125.81 -4.0111 3.1847
125.83 -4.0137 3.1857
125.85 -4.0165 3.1867
125.87 -4.0194 3.1877
125.89 -4.0222 3.1887
125.91 -4.0250 3.1897
125.93 -4.0278 3.1907
125.95 -4.0305 3.1916
125.97 -4.0331 3.1926
125.99 -4.0358 3.1935
126.01 -4.0385 3.1944
126.03 -4.0411 3.1953
126.05 -4.0437 3.1962
126.07 -4.0462 3.1971
126.09 -4.0488 3.1979
126.11 -4.0513 3.1988
126.13 -4.0538 3.1996
126.15 -4.0562 3.2005
126.17 -4.0586 3.2013
126.19 -4.0610 3.2021
126.21 -4.0634 3.2029
126.23 -4.0659 3.2038
126.25 -4.0687 3.2047
126.27 -4.0716 3.2057
126.29 -4.0744 3.2066
126.31 -4.0773 3.2076
126.33 -4.0801 3.2085
126.35 -4.0828 3.2094
126.37 -4.0855 3.2103
126.39 -4.0881 3.2112
126.41 -4.0908 3.2121
126.43 -4.0935 3.2130
126.45 -4.0960 3.2138
126.47 -4.0986 3.2147
126.49 -4.1011 3.2155
126.51 -4.1037 3.2164
126.53 -4.1061 3.2172
126.55 -4.1085 3.2180
126.57 -4.1109 3.2188
126.59 -4.1133 3.2196
126.61 -4.1157 3.2204
126.63 -4.1183 3.2213
126.65 -4.1211 3.2222
126.67 -4.1240 3.2232
126.69 -4.1268 3.2241
126.71 -4.1297 3.2251
126.73 -4.1325 3.2260
126.75 -4.1352 3.2269
126.77 -4.1379 3.2278
126.79 -4.1406 3.2287
126.81 -4.1433 3.2296
126.83 -4.1459 3.2304
126.85 -4.1484 3.2313
126.87 -4.1510 3.2321
126.89 -4.1535 3.2330
126.91 -4.1561 3.2338
126.93 -4.1588 3.2347
126.95 -4.1616 3.2356
126.97 -4.1645 3.2365
126.99 -4.1673 3.2374
127.01 -4.1702 3.2383
127.03 -4.1730 3.2392
127.05 -4.1759 3.2401
127.07 -4.1788 3.2411
127.09 -4.1816 3.2420
127.11 -4.1845 3.2429
127.13 -4.1873 3.2438
127.15 -4.1900 3.2446
127.17 -4.1927 3.2455
127.19 -4.1954 3.2463
127.21 -4.1981 3.2472
127.23 -4.2007 3.2480
127.25 -4.2031 3.2488
127.27 -4.2055 3.2495
127.29 -4.2080 3.2503
127.31 -4.2104 3.2511
127.33 -4.2130 3.2519
127.35 -4.2158 3.2528
127.37 -4.2187 3.2537
127.39 -4.2215 3.2546
127.41 -4.2244 3.2554
127.43 -4.2272 3.2563
127.45 -4.2299 3.2572
127.47 -4.2326 3.2580
127.49 -4.2354 3.2589
127.51 -4.2381 3.2597
127.53 -4.2407 3.2605
127.55 -4.2433 3.2613
127.57 -4.2459 3.2621
127.59 -4.2484 3.2629
127.61 -4.2510 3.2637
127.63 -4.2535 3.2645
127.65 -4.2559 3.2653
127.67 -4.2583 3.2660
127.69 -4.2607 3.2668
127.71 -4.2631 3.2675
127.73 -4.2658 3.2683
127.75 -4.2686 3.2692
127.77 -4.2715 3.2701
127.79 -4.2744 3.2710
127.81 -4.2772 3.2719
127.83 -4.2800 3.2728
127.85 -4.2827 3.2736
127.87 -4.2854 3.2744
127.89 -4.2882 3.2753
127.91 -4.2909 3.2761
127.93 -4.2935 3.2770
127.95 -4.2961 3.2778
127.97 -4.2986 3.2786
127.99 -4.3012 3.2794
128.01 -4.3038 3.2802
128.03 -4.3064 3.2811
128.05 -4.3093 3.2820
128.07 -4.3122 3.2829
128.09 -4.3150 3.2837
128.11 -4.3179 3.2846
128.13 -4.3208 3.2855
128.15 -4.3236 3.2864
128.17 -4.3265 3.2873
128.19 -4.3294 3.2882
128.21 -4.3322 3.2891
128.23 -4.3350 3.2899
128.25 -4.3377 3.2908
128.27 -4.3404 3.2916
128.29 -4.3432 3.2925
128.31 -4.3459 3.2933
128.33 -4.3485 3.2942
128.35 -4.3511 3.2950
128.37 -4.3536 3.2958
128.39 -4.3562 3.2966
128.41 -4.3588 3.2974
128.43 -4.3614 3.2982
128.45 -4.3643 3.2991
128.47 -4.3671 3.3000
128.49 -4.3700 3.3009
128.51 -4.3729 3.3018
128.53 -4.3757 3.3027
128.55 -4.3784 3.3035
128.57 -4.3811 3.3043
128.59 -4.3838 3.3052
128.61 -4.3865 3.3060
128.63 -4.3892 3.3068
128.65 -4.3918 3.3076
128.67 -4.3943 3.3084
128.69 -4.3969 3.3092
128.71 -4.3995 3.3099
128.73 -4.4020 3.3107
128.75 -4.4044 3.3114
128.77 -4.4068 3.3122
128.79 -4.4092 3.3129
128.81 -4.4117 3.3136
128.83 -4.4142 3.3144
128.85 -4.4171 3.3152
128.87 -4.4199 3.3161
128.89 -4.4228 3.3169
128.91 -4.4257 3.3178
128.93 -4.4285 3.3186
128.95 -4.4313 3.3194
128.97 -4.4340 3.3202
128.99 -4.4367 3.3210
129.01 -4.4395 3.3217
129.03 -4.4421 3.3225
129.05 -4.4445 3.3232
129.07 -4.4470 3.3238
129.09 -4.4494 3.3245
129.11 -4.4518 3.3252
129.13 -4.4545 3.3259
129.15 -4.4574 3.3267
129.17 -4.4603 3.3274
129.19 -4.4632 3.3282
129.21 -4.4661 3.3290
129.23 -4.4689 3.3297
129.25 -4.4717 3.3304
129.27 -4.4744 3.3311
129.29 -4.4772 3.3318
129.31 -4.4799 3.3325
129.33 -4.4826 3.3332
129.35 -4.4852 3.3339
129.37 -4.4878 3.3345
129.39 -4.4905 3.3351
129.41 -4.4931 3.3358
129.43 -4.4956 3.3364
129.45 -4.4981 3.3370
129.47 -4.5005 3.3376
129.49 -4.5030 3.3382
129.51 -4.5054 3.3388
129.53 -4.5081 3.3394
129.55 -4.5110 3.3401
129.57 -4.5139 3.3407
129.59 -4.5169 3.3414
129.61 -4.5198 3.3421
129.63 -4.5226 3.3427
129.65 -4.5254 3.3434
129.67 -4.5282 3.3440
129.69 -4.5310 3.3446
129.71 -4.5337 3.3452
129.73 -4.5365 3.3458
129.75 -4.5391 3.3464
129.77 -4.5417 3.3469
129.79 -4.5443 3.3475
129.81 -4.5470 3.3481
129.83 -4.5495 3.3486
129.85 -4.5520 3.3491
129.87 -4.5545 3.3496
129.89 -4.5570 3.3501
129.91 -4.5594 3.3506
129.93 -4.5621 3.3512
129.95 -4.5651 3.3518
129.97 -4.5680 3.3524
129.99 -4.5709 3.3530
130.01 -4.5739 3.3536
130.03 -4.5767 3.3542
130.05 -4.5795 3.3548
130.07 -4.5823 3.3554
130.09 -4.5851 3.3560
130.11 -4.5879 3.3566
130.13 -4.5906 3.3572
130.15 -4.5932 3.3578
130.17 -4.5958 3.3583
130.19 -4.5984 3.3589
130.21 -4.6011 3.3595
130.23 -4.6038 3.3601
130.25 -4.6067 3.3607
130.27 -4.6096 3.3614
130.29 -4.6126 3.3620
130.31 -4.6155 3.3626
130.33 -4.6184 3.3633
130.35 -4.6212 3.3638
130.37 -4.6240 3.3644
130.39 -4.6267 3.3650
130.41 -4.6295 3.3656
130.43 -4.6322 3.3661
130.45 -4.6349 3.3667
130.47 -4.6375 3.3672
130.49 -4.6401 3.3677
130.51 -4.6428 3.3683
130.53 -4.6453 3.3688
130.55 -4.6478 3.3693
130.57 -4.6503 3.3697
130.59 -4.6528 3.3702
130.61 -4.6553 3.3707
130.63 -4.6580 3.3712
130.65 -4.6609 3.3718
130.67 -4.6639 3.3723
130.69 -4.6668 3.3729
130.71 -4.6698 3.3735
130.73 -4.6727 3.3740
130.75 -4.6757 3.3746
130.77 -4.6786 3.3752
130.79 -4.6815 3.3758
130.81 -4.6845 3.3764
130.83 -4.6873 3.3770
130.85 -4.6899 3.3776
130.87 -4.6925 3.3781
130.89 -4.6952 3.3787
130.91 -4.6978 3.3793
130.93 -4.7004 3.3798
130.95 -4.7028 3.3803
130.97 -4.7053 3.3809
130.99 -4.7078 3.3814
131.01 -4.7102 3.3819
131.03 -4.7129 3.3825
131.05 -4.7158 3.3831
131.07 -4.7188 3.3838
131.09 -4.7217 3.3844
131.11 -4.7246 3.3851
131.13 -4.7275 3.3857
131.15 -4.7303 3.3863
131.17 -4.7331 3.3869
131.19 -4.7359 3.3875
131.21 -4.7386 3.3882
131.23 -4.7414 3.3888
131.25 -4.7440 3.3894
131.27 -4.7466 3.3900
131.29 -4.7492 3.3906
131.31 -4.7518 3.3912
131.33 -4.7544 3.3918
131.35 -4.7568 3.3923
131.37 -4.7593 3.3929
131.39 -4.7618 3.3935
131.41 -4.7642 3.3940
131.43 -4.7669 3.3947
131.45 -4.7698 3.3953
131.47 -4.7727 3.3960
131.49 -4.7756 3.3967
131.51 -4.7785 3.3974
131.53 -4.7814 3.3981
131.55 -4.7842 3.3987
131.57 -4.7870 3.3994
131.59 -4.7897 3.4000
131.61 -4.7925 3.4007
131.63 -4.7952 3.4013
131.65 -4.7978 3.4020
131.67 -4.8004 3.4026
131.69 -4.8030 3.4032
131.71 -4.8056 3.4038
131.73 -4.8084 3.4045
131.75 -4.8113 3.4052
131.77 -4.8142 3.4059
131.79 -4.8171 3.4066
131.81 -4.8200 3.4073
131.83 -4.8229 3.4080
131.85 -4.8259 3.4088
131.87 -4.8288 3.4095
131.89 -4.8317 3.4102
131.91 -4.8346 3.4109
131.93 -4.8374 3.4116
131.95 -4.8402 3.4123
131.97 -4.8429 3.4131
131.99 -4.8457 3.4138
132.01 -4.8484 3.4145
132.03 -4.8511 3.4152
132.05 -4.8535 3.4158
132.07 -4.8560 3.4165
132.09 -4.8584 3.4172
132.11 -4.8608 3.4178
132.13 -4.8634 3.4185
132.15 -4.8663 3.4193
132.17 -4.8692 3.4201
132.19 -4.8721 3.4209
132.21 -4.8750 3.4216
132.23 -4.8779 3.4224
132.25 -4.8806 3.4232
132.27 -4.8833 3.4239
132.29 -4.8861 3.4247
132.31 -4.8888 3.4254
132.33 -4.8915 3.4261
132.35 -4.8941 3.4269
132.37 -4.8967 3.4276
132.39 -4.8993 3.4283
132.41 -4.9018 3.4290
132.43 -4.9044 3.4297
132.45 -4.9068 3.4304
132.47 -4.9093 3.4311
132.49 -4.9117 3.4317
132.51 -4.9141 3.4324
132.53 -4.9167 3.4332
132.55 -4.9196 3.4340
132.57 -4.9225 3.4348
132.59 -4.9254 3.4356
132.61 -4.9283 3.4364
132.63 -4.9311 3.4372
132.65 -4.9338 3.4380
132.67 -4.9366 3.4388
132.69 -4.9393 3.4395
132.71 -4.9420 3.4403
132.73 -4.9447 3.4411
132.75 -4.9473 3.4418
132.77 -4.9498 3.4426
132.79 -4.9524 3.4433
132.81 -4.9550 3.4441
132.83 -4.9577 3.4448
132.85 -4.9606 3.4457
132.87 -4.9634 3.4465
132.89 -4.9663 3.4473
132.91 -4.9692 3.4481
132.93 -4.9721 3.4489
132.95 -4.9748 3.4497
132.97 -4.9775 3.4504
132.99 -4.9803 3.4512
133.01 -4.9830 3.4520
133.03 -4.9857 3.4527
133.05 -4.9883 3.4534
133.07 -4.9909 3.4541
133.09 -4.9935 3.4548
133.11 -4.9961 3.4555
133.13 -4.9986 3.4562
133.15 -5.0011 3.4568
133.17 -5.0035 3.4575
133.19 -5.0059 3.4581
133.21 -5.0084 3.4588
133.23 -5.0110 3.4595
133.25 -5.0139 3.4603
133.27 -5.0168 3.4611
133.29 -5.0197 3.4618
133.31 -5.0226 3.4626
133.33 -5.0255 3.4634
133.35 -5.0282 3.4641
133.37 -5.0310 3.4648
133.39 -5.0337 3.4656
133.41 -5.0365 3.4663
133.43 -5.0391 3.4670
133.45 -5.0417 3.4677
133.47 -5.0443 3.4684
133.49 -5.0469 3.4691
133.51 -5.0495 3.4698
133.53 -5.0520 3.4705
133.55 -5.0545 3.4712
133.57 -5.0569 3.4718
133.59 -5.0594 3.4725
133.61 -5.0618 3.4732
133.63 -5.0644 3.4739
133.65 -5.0673 3.4747
133.67 -5.0702 3.4755
133.69 -5.0731 3.4763
133.71 -5.0760 3.4771
133.73 -5.0788 3.4779
133.75 -5.0815 3.4786
133.77 -5.0842 3.4794
133.79 -5.0870 3.4802
133.81 -5.0897 3.4809
133.83 -5.0924 3.4817
133.85 -5.0950 3.4824
133.87 -5.0976 3.4831
133.89 -5.1001 3.4839
133.91 -5.1027 3.4846
133.93 -5.1054 3.4854
133.95 -5.1083 3.4862
133.97 -5.1112 3.4870
133.99 -5.1140 3.4878
134.01 -5.1169 3.4886
134.03 -5.1198 3.4894
134.05 -5.1227 3.4902
134.07 -5.1256 3.4910
134.09 -5.1285 3.4918
134.11 -5.1314 3.4926
134.13 -5.1342 3.4934
134.15 -5.1370 3.4941
134.17 -5.1397 3.4949
134.19 -5.1424 3.4957
134.21 -5.1452 3.4964
134.23 -5.1479 3.4972
134.25 -5.1505 3.4979
134.27 -5.1530 3.4986
134.29 -5.1556 3.4994
134.31 -5.1582 3.5001
134.33 -5.1609 3.5009
134.35 -5.1638 3.5017
134.37 -5.1667 3.5025
134.39 -5.1696 3.5033
134.41 -5.1725 3.5041
134.43 -5.1753 3.5049
134.45 -5.1780 3.5057
134.47 -5.1808 3.5065
134.49 -5.1835 3.5072
134.51 -5.1862 3.5080
134.53 -5.1889 3.5088
134.55 -5.1915 3.5095
134.57 -5.1941 3.5102
134.59 -5.1967 3.5109
134.61 -5.1993 3.5117
134.63 -5.2018 3.5124
134.65 -5.2042 3.5131
134.67 -5.2066 3.5137
134.69 -5.2091 3.5144
134.71 -5.2115 3.5151
134.73 -5.2141 3.5158
134.75 -5.2170 3.5166
134.77 -5.2199 3.5174
134.79 -5.2228 3.5182
134.81 -5.2257 3.5190
134.83 -5.2285 3.5198
134.85 -5.2311 3.5205
134.87 -5.2336 3.5212
134.89 -5.2362 3.5219
134.91 -5.2388 3.5225
134.93 -5.2414 3.5232
134.95 -5.2438 3.5238
134.97 -5.2463 3.5244
134.99 -5.2487 3.5251
135.01 -5.2512 3.5257
135.03 -5.2538 3.5263
135.05 -5.2567 3.5270
135.07 -5.2596 3.5277
135.09 -5.2625 3.5284
135.11 -5.2655 3.5291
135.13 -5.2683 3.5298
135.15 -5.2711 3.5304
135.17 -5.2739 3.5311
135.19 -5.2766 3.5317
135.21 -5.2794 3.5323
135.23 -5.2821 3.5330
135.25 -5.2847 3.5336
135.27 -5.2873 3.5341
135.29 -5.2900 3.5347
135.31 -5.2926 3.5353
135.33 -5.2951 3.5359
135.35 -5.2976 3.5365
135.37 -5.3001 3.5370
135.39 -5.3025 3.5376
135.41 -5.3050 3.5381
135.43 -5.3076 3.5387
135.45 -5.3106 3.5393
135.47 -5.3135 3.5400
135.49 -5.3164 3.5406
135.51 -5.3193 3.5412
135.53 -5.3222 3.5419
135.55 -5.3250 3.5425
135.57 -5.3278 3.5430
135.59 -5.3306 3.5436
135.61 -5.3334 3.5442
135.63 -5.3361 3.5448
135.65 -5.3387 3.5453
135.67 -5.3414 3.5458
135.69 -5.3440 3.5464
135.71 -5.3466 3.5469
135.73 -5.3492 3.5474
135.75 -5.3517 3.5479
135.77 -5.3542 3.5484
135.79 -5.3567 3.5488
135.81 -5.3591 3.5493
135.83 -5.3618 3.5498
135.85 -5.3648 3.5504
135.87 -5.3677 3.5509
135.89 -5.3707 3.5515
135.91 -5.3736 3.5520
135.93 -5.3765 3.5525
135.95 -5.3791 3.5530
135.97 -5.3818 3.5535
135.99 -5.3844 3.5539
136.01 -5.3870 3.5544
136.03 -5.3896 3.5548
136.05 -5.3921 3.5552
136.07 -5.3946 3.5556
136.09 -5.3971 3.5560
136.11 -5.3996 3.5564
136.13 -5.4022 3.5569
136.15 -5.4052 3.5573
136.17 -5.4082 3.5578
136.19 -5.4111 3.5583
136.21 -5.4141 3.5587
136.23 -5.4170 3.5592
136.25 -5.4198 3.5597
136.27 -5.4226 3.5601
136.29 -5.4254 3.5606
136.31 -5.4282 3.5610
136.33 -5.4310 3.5615
136.35 -5.4336 3.5619
136.37 -5.4363 3.5623
136.39 -5.4389 3.5627
136.41 -5.4416 3.5632
136.43 -5.4442 3.5636
136.45 -5.4466 3.5640
136.47 -5.4491 3.5644
136.49 -5.4516 3.5648
136.51 -5.4541 3.5652
136.53 -5.4567 3.5657
136.55 -5.4597 3.5662
136.57 -5.4627 3.5667
136.59 -5.4656 3.5671
136.61 -5.4686 3.5676
136.63 -5.4715 3.5681
136.65 -5.4743 3.5686
136.67 -5.4771 3.5691
136.69 -5.4799 3.5695
136.71 -5.4827 3.5700
136.73 -5.4855 3.5705
136.75 -5.4883 3.5710
136.77 -5.4911 3.5714
136.79 -5.4939 3.5719
136.81 -5.4967 3.5723
136.83 -5.4996 3.5728
136.85 -5.5025 3.5733
136.87 -5.5055 3.5738
136.89 -5.5085 3.5742
136.91 -5.5114 3.5747
136.93 -5.5144 3.5751
136.95 -5.5174 3.5756
136.97 -5.5203 3.5761
136.99 -5.5233 3.5765
137.01 -5.5263 3.5770
137.03 -5.5291 3.5774
137.05 -5.5318 3.5778
137.07 -5.5344 3.5783
137.09 -5.5371 3.5787
137.11 -5.5397 3.5791
137.13 -5.5423 3.5795
137.15 -5.5448 3.5799
137.17 -5.5473 3.5803
137.19 -5.5498 3.5807
137.21 -5.5523 3.5811
137.23 -5.5550 3.5815
137.25 -5.5580 3.5819
137.27 -5.5609 3.5824
137.29 -5.5639 3.5829
137.31 -5.5668 3.5833
137.33 -5.5697 3.5838
137.35 -5.5725 3.5842
137.37 -5.5754 3.5847
137.39 -5.5782 3.5851
137.41 -5.5810 3.5856
137.43 -5.5837 3.5860
137.45 -5.5864 3.5865
137.47 -5.5890 3.5869
137.49 -5.5917 3.5873
137.51 -5.5943 3.5878
137.53 -5.5969 3.5882
137.55 -5.5994 3.5886
137.57 -5.6019 3.5890
137.59 -5.6044 3.5894
137.61 -5.6069 3.5899
137.63 -5.6096 3.5903
137.65 -5.6125 3.5908
137.67 -5.6155 3.5913
137.69 -5.6184 3.5918
137.71 -5.6214 3.5923
137.73 -5.6243 3.5928
137.75 -5.6271 3.5932
137.77 -5.6299 3.5937
137.79 -5.6327 3.5942
137.81 -5.6355 3.5946
137.83 -5.6383 3.5951
137.85 -5.6409 3.5955
137.87 -5.6436 3.5960
137.89 -5.6462 3.5964
137.91 -5.6489 3.5969
137.93 -5.6516 3.5973
137.95 -5.6546 3.5978
137.97 -5.6575 3.5983
137.99 -5.6605 3.5988
138.01 -5.6634 3.5993
138.03 -5.6664 3.5998
138.05 -5.6692 3.6002
138.07 -5.6720 3.6007
138.09 -5.6748 3.6012
138.11 -5.6776 3.6016
138.13 -5.6803 3.6021
138.15 -5.6830 3.6025
138.17 -5.6856 3.6029
138.19 -5.6883 3.6033
138.21 -5.6909 3.6038
138.23 -5.6935 3.6042
138.25 -5.6960 3.6046
138.27 -5.6985 3.6050
138.29 -5.7010 3.6054
138.31 -5.7035 3.6057
138.33 -5.7062 3.6062
138.35 -5.7092 3.6066
138.37 -5.7121 3.6071
138.39 -5.7151 3.6075
138.41 -5.7181 3.6080
138.43 -5.7210 3.6084
138.45 -5.7238 3.6088
138.47 -5.7266 3.6092
138.49 -5.7294 3.6096
138.51 -5.7322 3.6100
138.53 -5.7350 3.6104
138.55 -5.7376 3.6108
138.57 -5.7403 3.6112
138.59 -5.7430 3.6115
138.61 -5.7456 3.6119
138.63 -5.7482 3.6123
138.65 -5.7507 3.6126
138.67 -5.7532 3.6129
138.69 -5.7557 3.6133
138.71 -5.7582 3.6136
138.73 -5.7609 3.6140
138.75 -5.7639 3.6144
138.77 -5.7669 3.6148
138.79 -5.7699 3.6152
138.81 -5.7728 3.6155
138.83 -5.7757 3.6159
138.85 -5.7783 3.6162
138.87 -5.7810 3.6166
138.89 -5.7837 3.6169
138.91 -5.7863 3.6172
138.93 -5.7889 3.6175
138.95 -5.7915 3.6178
138.97 -5.7940 3.6181
138.99 -5.7965 3.6184
139.01 -5.7990 3.6187
139.03 -5.8016 3.6190
139.05 -5.8046 3.6193
139.07 -5.8076 3.6196
139.09 -5.8106 3.6199
139.11 -5.8136 3.6202
139.13 -5.8165 3.6205
139.15 -5.8193 3.6208
139.17 -5.8221 3.6211
139.19 -5.8250 3.6214
139.21 -5.8278 3.6217
139.23 -5.8306 3.6220
139.25 -5.8332 3.6222
139.27 -5.8359 3.6225
139.29 -5.8386 3.6228
139.31 -5.8412 3.6230
139.33 -5.8439 3.6233
139.35 -5.8464 3.6235
139.37 -5.8489 3.6238
139.39 -5.8514 3.6240
139.41 -5.8539 3.6242
139.43 -5.8566 3.6245
139.45 -5.8596 3.6248
139.47 -5.8626 3.6251
139.49 -5.8656 3.6253
139.51 -5.8686 3.6256
139.53 -5.8715 3.6258
139.55 -5.8743 3.6261
139.57 -5.8772 3.6263
139.59 -5.8800 3.6266
139.61 -5.8828 3.6268
139.63 -5.8856 3.6270
139.65 -5.8883 3.6273
139.67 -5.8909 3.6275
139.69 -5.8936 3.6277
139.71 -5.8963 3.6279
139.73 -5.8990 3.6282
139.75 -5.9020 3.6284
139.77 -5.9050 3.6286
139.79 -5.9080 3.6289
139.81 -5.9110 3.6291
139.83 -5.9139 3.6293
139.85 -5.9168 3.6296
139.87 -5.9196 3.6298
139.89 -5.9224 3.6300
139.91 -5.9253 3.6302
139.93 -5.9280 3.6304
139.95 -5.9307 3.6306
139.97 -5.9334 3.6308
139.99 -5.9360 3.6310
140.01 -5.9387 3.6312
140.03 -5.9413 3.6314
140.05 -5.9439 3.6316
140.07 -5.9464 3.6318
140.09 -5.9489 3.6320
140.11 -5.9514 3.6322
140.13 -5.9541 3.6324
140.15 -5.9571 3.6326
140.17 -5.9601 3.6328
140.19 -5.9631 3.6330
140.21 -5.9661 3.6332
140.23 -5.9691 3.6333
140.25 -5.9719 3.6335
140.27 -5.9747 3.6337
140.29 -5.9776 3.6339
140.31 -5.9804 3.6340
140.33 -5.9832 3.6342
140.35 -5.9859 3.6344
140.37 -5.9886 3.6345
140.39 -5.9912 3.6347
140.41 -5.9939 3.6348
140.43 -5.9965 3.6350
140.45 -5.9990 3.6351
140.47 -6.0016 3.6353
140.49 -6.0041 3.6354
140.51 -6.0066 3.6356
140.53 -6.0093 3.6357
140.55 -6.0123 3.6359
140.57 -6.0153 3.6360
140.59 -6.0183 3.6362
140.61 -6.0213 3.6363
140.63 -6.0243 3.6365
140.65 -6.0271 3.6367
140.67 -6.0300 3.6368
140.69 -6.0328 3.6369
140.71 -6.0356 3.6371
140.73 -6.0383 3.6372
140.75 -6.0409 3.6373
140.77 -6.0434 3.6375
140.79 -6.0459 3.6376
140.81 -6.0484 3.6377
140.83 -6.0511 3.6378
140.85 -6.0541 3.6380
140.87 -6.0571 3.6381
140.89 -6.0601 3.6382
140.91 -6.0631 3.6384
140.93 -6.0661 3.6385
140.95 -6.0689 3.6386
140.97 -6.0717 3.6388
140.99 -6.0746 3.6389
141.01 -6.0774 3.6390
141.03 -6.0802 3.6391
141.05 -6.0829 3.6392
141.07 -6.0856 3.6393
141.09 -6.0882 3.6394
141.11 -6.0909 3.6396
141.13 -6.0936 3.6397
141.15 -6.0961 3.6398
141.17 -6.0986 3.6398
141.19 -6.1011 3.6399
141.21 -6.1037 3.6400
141.23 -6.1064 3.6401
141.25 -6.1094 3.6402
141.27 -6.1124 3.6403
141.29 -6.1154 3.6405
141.31 -6.1184 3.6406
141.33 -6.1213 3.6407
141.35 -6.1242 3.6408
141.37 -6.1270 3.6408
141.39 -6.1298 3.6409
141.41 -6.1327 3.6410
141.43 -6.1354 3.6411
141.45 -6.1381 3.6412
141.47 -6.1408 3.6413
141.49 -6.1435 3.6414
141.51 -6.1462 3.6414
141.53 -6.1490 3.6415
141.55 -6.1520 3.6416
141.57 -6.1550 3.6417
141.59 -6.1580 3.6418
141.61 -6.1610 3.6418
141.63 -6.1639 3.6419
141.65 -6.1667 3.6420
141.67 -6.1696 3.6421
141.69 -6.1724 3.6421
141.71 -6.1753 3.6422
141.73 -6.1781 3.6423
141.75 -6.1807 3.6423
141.77 -6.1834 3.6424
141.79 -6.1861 3.6425
141.81 -6.1888 3.6425
141.83 -6.1914 3.6426
141.85 -6.1939 3.6426
141.87 -6.1965 3.6427
141.89 -6.1990 3.6427
141.91 -6.2015 3.6428
141.93 -6.2042 3.6429
141.95 -6.2072 3.6429
141.97 -6.2102 3.6430
141.99 -6.2132 3.6431
142.01 -6.2162 3.6431
142.03 -6.2191 3.6432
142.05 -6.2220 3.6433
142.07 -6.2248 3.6433
142.09 -6.2277 3.6434
142.11 -6.2305 3.6434
142.13 -6.2333 3.6435
142.15 -6.2360 3.6435
142.17 -6.2387 3.6436
142.19 -6.2413 3.6436
142.21 -6.2440 3.6437
142.23 -6.2467 3.6437
142.25 -6.2492 3.6438
142.27 -6.2517 3.6438
142.29 -6.2542 3.6438
142.31 -6.2568 3.6439
142.33 -6.2594 3.6439
142.35 -6.2624 3.6440
142.37 -6.2654 3.6440
142.39 -6.2684 3.6441
142.41 -6.2714 3.6441
142.43 -6.2744 3.6442
142.45 -6.2772 3.6442
142.47 -6.2801 3.6443
142.49 -6.2829 3.6443
142.51 -6.2857 3.6444
142.53 -6.2885 3.6444
142.55 -6.2910 3.6444
142.57 -6.2935 3.6445
142.59 -6.2960 3.6445
142.61 -6.2986 3.6446
142.63 -6.3012 3.6446
142.65 -6.3042 3.6446
142.67 -6.3072 3.6447
142.69 -6.3102 3.6447
142.71 -6.3132 3.6448
142.73 -6.3162 3.6448
142.75 -6.3190 3.6449
142.77 -6.3218 3.6449
142.79 -6.3247 3.6450
142.81 -6.3275 3.6450
142.83 -6.3303 3.6450
142.85 -6.3330 3.6451
142.87 -6.3357 3.6451
142.89 -6.3384 3.6452
142.91 -6.3410 3.6452
142.93 -6.3437 3.6453
142.95 -6.3462 3.6453
142.97 -6.3487 3.6453
142.99 -6.3512 3.6454
143.01 -6.3538 3.6454
143.03 -6.3565 3.6454
143.05 -6.3595 3.6455
143.07 -6.3625 3.6455
143.09 -6.3655 3.6456
143.11 -6.3685 3.6456
143.13 -6.3714 3.6457
143.15 -6.3743 3.6457
143.17 -6.3771 3.6458
143.19 -6.3800 3.6458
143.21 -6.3828 3.6459
143.23 -6.3856 3.6459
143.25 -6.3883 3.6459
143.27 -6.3910 3.6460
143.29 -6.3936 3.6460
143.31 -6.3963 3.6461
143.33 -6.3991 3.6461
143.35 -6.4021 3.6462
143.37 -6.4051 3.6462
143.39 -6.4081 3.6463
143.41 -6.4111 3.6463
143.43 -6.4141 3.6464
143.45 -6.4169 3.6464
143.47 -6.4197 3.6465
143.49 -6.4226 3.6465
143.51 -6.4254 3.6466
143.53 -6.4282 3.6467
143.55 -6.4309 3.6468
143.57 -6.4336 3.6468
143.59 -6.4363 3.6469
143.61 -6.4389 3.6470
143.63 -6.4415 3.6471
143.65 -6.4441 3.6472
143.67 -6.4466 3.6473
143.69 -6.4491 3.6474
143.71 -6.4516 3.6475
143.73 -6.4544 3.6476
143.75 -6.4574 3.6477
143.77 -6.4604 3.6479
143.79 -6.4634 3.6480
143.81 -6.4664 3.6482
143.83 -6.4693 3.6483
143.85 -6.4721 3.6485
143.87 -6.4750 3.6486
143.89 -6.4778 3.6488
143.91 -6.4806 3.6490
143.93 -6.4834 3.6492
143.95 -6.4861 3.6494
143.97 -6.4888 3.6496
143.99 -6.4915 3.6498
144.01 -6.4941 3.6500
144.03 -6.4967 3.6502
144.05 -6.4993 3.6504
144.07 -6.5018 3.6506
144.09 -6.5043 3.6509
144.11 -6.5068 3.6511
144.13 -6.5095 3.6513
144.15 -6.5125 3.6516
144.17 -6.5155 3.6519
144.19 -6.5185 3.6522
144.21 -6.5214 3.6526
144.23 -6.5244 3.6529
144.25 -6.5272 3.6532
144.27 -6.5300 3.6535
144.29 -6.5328 3.6538
144.31 -6.5357 3.6541
144.33 -6.5384 3.6544
144.35 -6.5411 3.6548
144.37 -6.5437 3.6551
144.39 -6.5464 3.6554
144.41 -6.5491 3.6557
144.43 -6.5518 3.6561
144.45 -6.5548 3.6564
144.47 -6.5578 3.6568
144.49 -6.5608 3.6572
144.51 -6.5637 3.6576
144.53 -6.5667 3.6579
144.55 -6.5697 3.6583
144.57 -6.5727 3.6587
144.59 -6.5756 3.6591
144.61 -6.5786 3.6595
144.63 -6.5815 3.6599
144.65 -6.5843 3.6603
144.67 -6.5871 3.6607
144.69 -6.5900 3.6611
144.71 -6.5928 3.6615
144.73 -6.5955 3.6620
144.75 -6.5982 3.6624
144.77 -6.6008 3.6628
144.79 -6.6035 3.6632
144.81 -6.6061 3.6636
144.83 -6.6089 3.6640
144.85 -6.6119 3.6645
144.87 -6.6148 3.6649
144.89 -6.6178 3.6654
144.91 -6.6208 3.6659
144.93 -6.6237 3.6664
144.95 -6.6265 3.6668
144.97 -6.6293 3.6673
144.99 -6.6321 3.6678
145.01 -6.6349 3.6683
145.03 -6.6376 3.6687
145.05 -6.6403 3.6692
145.07 -6.6429 3.6697
145.09 -6.6456 3.6701
145.11 -6.6482 3.6706
145.13 -6.6510 3.6711
145.15 -6.6539 3.6716
145.17 -6.6569 3.6722
145.19 -6.6598 3.6727
145.21 -6.6628 3.6732
145.23 -6.6657 3.6737
145.25 -6.6687 3.6742
145.27 -6.6716 3.6747
145.29 -6.6746 3.6753
145.31 -6.6775 3.6758
145.33 -6.6804 3.6764
145.35 -6.6832 3.6769
145.37 -6.6860 3.6774
145.39 -6.6888 3.6780
145.41 -6.6916 3.6785
145.43 -6.6943 3.6791
145.45 -6.6970 3.6796
145.47 -6.6996 3.6801
145.49 -6.7022 3.6807
145.51 -6.7048 3.6812
145.53 -6.7076 3.6818
145.55 -6.7105 3.6824
145.57 -6.7134 3.6831
145.59 -6.7164 3.6837
145.61 -6.7193 3.6843
145.63 -6.7222 3.6850
145.65 -6.7250 3.6856
145.67 -6.7277 3.6862
145.69 -6.7305 3.6868
145.71 -6.7333 3.6874
145.73 -6.7360 3.6880
145.75 -6.7386 3.6885
145.77 -6.7413 3.6891
145.79 -6.7439 3.6897
145.81 -6.7465 3.6903
145.83 -6.7491 3.6908
145.85 -6.7515 3.6914
145.87 -6.7540 3.6919
145.89 -6.7565 3.6925
145.91 -6.7589 3.6931
145.93 -6.7616 3.6936
145.95 -6.7645 3.6943
145.97 -6.7674 3.6950
145.99 -6.7704 3.6956
146.01 -6.7733 3.6963
146.03 -6.7762 3.6969
146.05 -6.7789 3.6976
146.07 -6.7817 3.6982
146.09 -6.7845 3.6988
146.11 -6.7872 3.6995
146.13 -6.7901 3.7001
146.15 -6.7930 3.7008
146.17 -6.7959 3.7015
146.19 -6.7988 3.7022
146.21 -6.8017 3.7030
146.23 -6.8046 3.7037
146.25 -6.8075 3.7044
146.27 -6.8104 3.7052
146.29 -6.8134 3.7059
146.31 -6.8163 3.7066
146.33 -6.8192 3.7073
146.35 -6.8221 3.7080
146.37 -6.8250 3.7088
146.39 -6.8279 3.7095
146.41 -6.8308 3.7102
146.43 -6.8337 3.7110
146.45 -6.8364 3.7117
146.47 -6.8392 3.7124
146.49 -6.8419 3.7131
146.51 -6.8447 3.7138
146.53 -6.8474 3.7145
146.55 -6.8499 3.7152
146.57 -6.8525 3.7159
146.59 -6.8551 3.7166
146.61 -6.8577 3.7173
146.63 -6.8604 3.7180
146.65 -6.8633 3.7188
146.67 -6.8662 3.7196
146.69 -6.8691 3.7204
146.71 -6.8720 3.7212
146.73 -6.8748 3.7220
146.75 -6.8776 3.7227
146.77 -6.8803 3.7235
146.79 -6.8831 3.7242
146.81 -6.8858 3.7250
146.83 -6.8885 3.7258
146.85 -6.8910 3.7265
146.87 -6.8936 3.7272
146.89 -6.8962 3.7280
146.91 -6.8988 3.7287
146.93 -6.9013 3.7294
146.95 -6.9037 3.7302
146.97 -6.9061 3.7309
146.99 -6.9086 3.7316
147.01 -6.9110 3.7323
147.03 -6.9136 3.7331
147.05 -6.9165 3.7340
147.07 -6.9194 3.7348
147.09 -6.9222 3.7357
147.11 -6.9251 3.7366
147.13 -6.9279 3.7374
147.15 -6.9306 3.7382
147.17 -6.9334 3.7391
147.19 -6.9361 3.7399
147.21 -6.9388 3.7407
147.23 -6.9415 3.7415
147.25 -6.9441 3.7423
147.27 -6.9466 3.7431
147.29 -6.9492 3.7439
147.31 -6.9517 3.7447
147.33 -6.9542 3.7455
147.35 -6.9567 3.7463
147.37 -6.9591 3.7470
147.39 -6.9615 3.7478
147.41 -6.9639 3.7485
147.43 -6.9662 3.7493
147.45 -6.9685 3.7500
147.47 -6.9707 3.7507
147.49 -6.9730 3.7514
147.51 -6.9752 3.7522
147.53 -6.9774 3.7529
147.55 -6.9795 3.7535
147.57 -6.9816 3.7542
147.59 -6.9837 3.7549
147.61 -6.9859 3.7556
147.63 -6.9880 3.7562
147.65 -6.9901 3.7569
147.67 -6.9922 3.7576
147.69 -6.9943 3.7583
147.71 -6.9963 3.7590
147.73 -6.9984 3.7597
147.75 -7.0003 3.7604
147.77 -7.0023 3.7611
147.79 -7.0042 3.7618
147.81 -7.0061 3.7625
147.83 -7.0080 3.7631
147.85 -7.0098 3.7638
147.87 -7.0116 3.7645
147.89 -7.0133 3.7651
147.91 -7.0151 3.7658
147.93 -7.0168 3.7664
147.95 -7.0184 3.7670
147.97 -7.0201 3.7677
147.99 -7.0217 3.7683
148.01 -7.0233 3.7689
148.03 -7.0249 3.7695
148.05 -7.0265 3.7702
148.07 -7.0282 3.7708
148.09 -7.0298 3.7715
148.11 -7.0314 3.7721
148.13 -7.0329 3.7727
148.15 -7.0344 3.7733
148.17 -7.0359 3.7739
148.19 -7.0373 3.7745
148.21 -7.0388 3.7751
148.23 -7.0402 3.7757
148.25 -7.0415 3.7763
148.27 -7.0428 3.7768
148.29 -7.0441 3.7774
148.31 -7.0454 3.7779
148.33 -7.0467 3.7785
148.35 -7.0480 3.7790
148.37 -7.0493 3.7796
148.39 -7.0507 3.7801
148.41 -7.0520 3.7807
148.43 -7.0532 3.7812
148.45 -7.0544 3.7817
148.47 -7.0555 3.7822
148.49 -7.0567 3.7827
148.51 -7.0578 3.7832
148.53 -7.0590 3.7837
148.55 -7.0602 3.7843
148.57 -7.0613 3.7848
148.59 -7.0625 3.7853
148.61 -7.0636 3.7858
148.63 -7.0648 3.7863
148.65 -7.0659 3.7868
148.67 -7.0671 3.7874
148.69 -7.0682 3.7879
148.71 -7.0694 3.7884
148.73 -7.0705 3.7890
148.75 -7.0715 3.7894
148.77 -7.0725 3.7899
148.79 -7.0735 3.7904
148.81 -7.0744 3.7909
148.83 -7.0751 3.7913
148.85 -7.0752 3.7913
148.87 -7.0754 3.7914
148.89 -7.0755 3.7915
148.91 -7.0756 3.7916
148.93 -7.0757 3.7916
148.95 -7.0757 3.7916
148.97 -7.0757 3.7916
148.99 -7.0757 3.7916
149.01 -7.0757 3.7916
149.03 -7.0757 3.7916
149.05 -7.0757 3.7916
149.07 -7.0757 3.7916
149.09 -7.0757 3.7916
149.11 -7.0757 3.7916
149.13 -7.0757 3.7916
149.15 -7.0757 3.7916
149.17 -7.0757 3.7916
149.19 -7.0757 3.7916
149.21 -7.0757 3.7916
149.23 -7.0757 3.7916
149.25 -7.0757 3.7916
149.27 -7.0757 3.7916
149.29 -7.0757 3.7916
149.31 -7.0757 3.7916
149.33 -7.0757 3.7916
149.35 -7.0757 3.7916
149.37 -7.0757 3.7916
149.39 -7.0757 3.7916
149.41 -7.0757 3.7916
149.43 -7.0757 3.7916
149.45 -7.0757 3.7916
149.47 -7.0757 3.7916
149.49 -7.0757 3.7916
149.51 -7.0757 3.7916
149.53 -7.0757 3.7916
149.55 -7.0757 3.7916
149.57 -7.0757 3.7916
149.59 -7.0757 3.7916
149.61 -7.0757 3.7916
149.63 -7.0757 3.7916
149.65 -7.0757 3.7916
149.67 -7.0757 3.7916
149.69 -7.0757 3.7916
149.71 -7.0757 3.7916
149.73 -7.0757 3.7916
149.75 -7.0757 3.7916
149.77 -7.0757 3.7916
149.79 -7.0757 3.7916
149.81 -7.0757 3.7916
149.83 -7.0757 3.7916
149.85 -7.0757 3.7916
149.87 -7.0757 3.7916
149.89 -7.0757 3.7916
149.91 -7.0757 3.7916
149.93 -7.0757 3.7916
149.95 -7.0757 3.7916
149.97 -7.0757 3.7916
149.99 -7.0757 3.7916
150.01 -7.0757 3.7916
150.03 -7.0757 3.7916
150.05 -7.0757 3.7916
150.07 -7.0757 3.7916
150.09 -7.0757 3.7916
150.11 -7.0757 3.7916
150.13 -7.0757 3.7916
150.15 -7.0757 3.7916
150.17 -7.0757 3.7916
150.19 -7.0757 3.7916
150.21 -7.0757 3.7916
150.23 -7.0757 3.7916
150.25 -7.0757 3.7916
150.27 -7.0757 3.7916
150.29 -7.0757 3.7916
150.31 -7.0757 3.7916
150.33 -7.0757 3.7916
150.35 -7.0757 3.7916
150.37 -7.0757 3.7916
150.39 -7.0757 3.7916
150.41 -7.0757 3.7916
150.43 -7.0757 3.7916
150.45 -7.0757 3.7916
150.47 -7.0757 3.7916
150.49 -7.0757 3.7916
150.51 -7.0757 3.7916
150.53 -7.0757 3.7916
150.55 -7.0757 3.7916
150.57 -7.0757 3.7916
150.59 -7.0757 3.7916
150.61 -7.0757 3.7916
150.63 -7.0757 3.7916
150.65 -7.0757 3.7916
150.67 -7.0757 3.7916
150.69 -7.0757 3.7916
150.71 -7.0757 3.7916
150.73 -7.0757 3.7916
150.75 -7.0757 3.7916
150.77 -7.0757 3.7916
150.79 -7.0757 3.7916
150.81 -7.0757 3.7916
150.83 -7.0757 3.7916
150.85 -7.0757 3.7916
150.87 -7.0757 3.7916
150.89 -7.0757 3.7916
150.91 -7.0757 3.7916
150.93 -7.0757 3.7916
150.95 -7.0757 3.7916
150.97 -7.0757 3.7916
150.99 -7.0757 3.7916
151.01 -7.0757 3.7916
151.03 -7.0757 3.7916
151.05 -7.0757 3.7916
151.07 -7.0757 3.7916
151.09 -7.0757 3.7916
151.11 -7.0757 3.7916
151.13 -7.0757 3.7916
151.15 -7.0757 3.7916
151.17 -7.0757 3.7916
151.19 -7.0757 3.7916
151.21 -7.0757 3.7916
151.23 -7.0757 3.7916
151.25 -7.0757 3.7916
151.27 -7.0757 3.7916
151.29 -7.0757 3.7916
151.31 -7.0757 3.7916
151.33 -7.0757 3.7916
151.35 -7.0757 3.7916
151.37 -7.0757 3.7916
151.39 -7.0757 3.7916
151.41 -7.0757 3.7916
151.43 -7.0757 3.7916
151.45 -7.0757 3.7916
151.47 -7.0757 3.7916
151.49 -7.0757 3.7916
151.51 -7.0757 3.7916
151.53 -7.0757 3.7916
151.55 -7.0757 3.7916
151.57 -7.0757 3.7916
151.59 -7.0757 3.7916
151.61 -7.0757 3.7916
151.63 -7.0757 3.7916
151.65 -7.0757 3.7916
151.67 -7.0757 3.7916
151.69 -7.0757 3.7916
151.71 -7.0757 3.7916
151.73 -7.0757 3.7916
151.75 -7.0757 3.7916
151.77 -7.0757 3.7916
151.79 -7.0757 3.7916
151.81 -7.0757 3.7916
151.83 -7.0757 3.7916
151.85 -7.0757 3.7916
151.87 -7.0757 3.7916
151.89 -7.0757 3.7916
151.91 -7.0757 3.7916
151.93 -7.0757 3.7916
151.95 -7.0757 3.7916
151.97 -7.0757 3.7916
151.99 -7.0757 3.7916
152.01 -7.0757 3.7916
152.03 -7.0757 3.7916
152.05 -7.0757 3.7916
152.07 -7.0757 3.7916
152.09 -7.0757 3.7916
152.11 -7.0757 3.7916
152.13 -7.0757 3.7916
152.15 -7.0757 3.7916
152.17 -7.0757 3.7916
152.19 -7.0757 3.7916
152.21 -7.0757 3.7916
152.23 -7.0757 3.7916
152.25 -7.0757 3.7916
152.27 -7.0757 3.7916
152.29 -7.0757 3.7916
152.31 -7.0757 3.7916
152.33 -7.0757 3.7916
152.35 -7.0757 3.7916
152.37 -7.0757 3.7916
152.39 -7.0757 3.7916
152.41 -7.0757 3.7916
152.43 -7.0757 3.7916
152.45 -7.0757 3.7916
152.47 -7.0757 3.7916
152.49 -7.0757 3.7916
152.51 -7.0757 3.7916
152.53 -7.0757 3.7916
152.55 -7.0757 3.7916
152.57 -7.0757 3.7916
152.59 -7.0757 3.7916
152.61 -7.0757 3.7916
152.63 -7.0757 3.7916
152.65 -7.0757 3.7916
152.67 -7.0757 3.7916
152.69 -7.0757 3.7916
152.71 -7.0757 3.7916
152.73 -7.0757 3.7916
152.75 -7.0757 3.7916
152.77 -7.0757 3.7916
152.79 -7.0757 3.7916
152.81 -7.0757 3.7916
152.83 -7.0757 3.7916
152.85 -7.0757 3.7916
152.87 -7.0757 3.7916
152.89 -7.0757 3.7916
152.91 -7.0757 3.7916
152.93 -7.0757 3.7916
152.95 -7.0757 3.7916
152.97 -7.0757 3.7916
152.99 -7.0757 3.7916
153.01 -7.0757 3.7916
153.03 -7.0757 3.7916
153.05 -7.0757 3.7916
153.07 -7.0757 3.7916
153.09 -7.0757 3.7916
153.11 -7.0757 3.7916
153.13 -7.0757 3.7916
153.15 -7.0757 3.7916
153.17 -7.0757 3.7916
153.19 -7.0757 3.7916
153.21 -7.0757 3.7916
153.23 -7.0757 3.7916
153.25 -7.0757 3.7916
153.27 -7.0757 3.7916
153.29 -7.0757 3.7916
153.31 -7.0757 3.7916
153.33 -7.0757 3.7916
153.35 -7.0757 3.7916
153.37 -7.0757 3.7916
153.39 -7.0757 3.7916
153.41 -7.0757 3.7916
153.43 -7.0757 3.7916
153.45 -7.0757 3.7916
153.47 -7.0757 3.7916
153.49 -7.0757 3.7916
153.51 -7.0757 3.7916
153.53 -7.0757 3.7916
153.55 -7.0757 3.7916
153.57 -7.0757 3.7916
153.59 -7.0757 3.7916
153.61 -7.0757 3.7916
153.63 -7.0757 3.7916
153.65 -7.0757 3.7916
153.67 -7.0757 3.7916
153.69 -7.0757 3.7916
153.71 -7.0757 3.7916
153.73 -7.0757 3.7916
153.75 -7.0757 3.7916
153.77 -7.0757 3.7916
153.79 -7.0757 3.7916
153.81 -7.0757 3.7916
153.83 -7.0757 3.7916
153.85 -7.0757 3.7916
153.87 -7.0757 3.7916
153.89 -7.0757 3.7916
153.91 -7.0757 3.7916
153.93 -7.0757 3.7916
153.95 -7.0757 3.7916
153.97 -7.0757 3.7916
153.99 -7.0757 3.7916
154.01 -7.0757 3.7916
154.03 -7.0757 3.7916
154.05 -7.0757 3.7916
154.07 -7.0757 3.7916
154.09 -7.0757 3.7916
154.11 -7.0757 3.7916
154.13 -7.0757 3.7916
154.15 -7.0757 3.7916
154.17 -7.0757 3.7916
154.19 -7.0757 3.7916
154.21 -7.0757 3.7916
154.23 -7.0757 3.7916
154.25 -7.0757 3.7916
154.27 -7.0757 3.7916
154.29 -7.0757 3.7916
154.31 -7.0757 3.7916
154.33 -7.0757 3.7916
154.35 -7.0757 3.7916
154.37 -7.0757 3.7916
154.39 -7.0757 3.7916
154.41 -7.0757 3.7916
154.43 -7.0757 3.7916
154.45 -7.0757 3.7916
154.47 -7.0757 3.7916
154.49 -7.0757 3.7916
154.51 -7.0757 3.7916
