# --- run start (wall 2026-09-28T22:25:08) ---
109.98 -0.0000 -0.0000
110.00 -0.0000 -0.0000
# --- run start (wall 2026-09-28T22:25:11) ---
112.42 -0.0000 -0.0000
112.44 -0.0000 -0.0000
112.46 -0.0000 -0.0000
112.48 -0.0000 -0.0000
112.50 -0.0000 -0.0000
112.52 -0.0000 -0.0000
112.54 -0.0000 0.0000
112.56 -0.0000 0.0000
112.58 -0.0000 0.0000
112.60 -0.0000 0.0000
112.62 -0.0000 0.0000
112.64 0.0010 -0.0001
112.66 0.0038 -0.0002
112.68 0.0067 -0.0004
112.70 0.0095 -0.0006
112.72 0.0123 -0.0009
112.74 0.0152 -0.0012
112.76 0.0182 -0.0015
112.78 0.0212 -0.0018
112.80 0.0241 -0.0022
112.82 0.0271 -0.0026
112.84 0.0300 -0.0031
112.86 0.0326 -0.0035
112.88 0.0353 -0.0039
112.90 0.0379 -0.0044
112.92 0.0406 -0.0049
112.94 0.0431 -0.0054
112.96 0.0454 -0.0059
112.98 0.0477 -0.0064
113.00 0.0500 -0.0069
113.02 0.0523 -0.0075
113.04 0.0547 -0.0081
113.06 0.0575 -0.0088
113.08 0.0602 -0.0096
113.10 0.0629 -0.0104
113.12 0.0657 -0.0112
113.14 0.0684 -0.0120
113.16 0.0711 -0.0129
113.18 0.0738 -0.0138
113.20 0.0765 -0.0147
113.22 0.0792 -0.0156
113.24 0.0817 -0.0166
113.26 0.0841 -0.0174
113.28 0.0865 -0.0184
113.30 0.0888 -0.0193
113.32 0.0912 -0.0202
113.34 0.0934 -0.0212
113.36 0.0956 -0.0221
113.38 0.0978 -0.0231
113.40 0.0999 -0.0241
113.42 0.1021 -0.0251
113.44 0.1044 -0.0262
113.46 0.1071 -0.0275
113.48 0.1098 -0.0289
113.50 0.1124 -0.0303
113.52 0.1151 -0.0317
113.54 0.1176 -0.0331
113.56 0.1200 -0.0344
113.58 0.1223 -0.0357
113.60 0.1246 -0.0370
113.62 0.1269 -0.0384
113.64 0.1292 -0.0398
113.66 0.1313 -0.0411
113.68 0.1334 -0.0425
113.70 0.1356 -0.0439
113.72 0.1377 -0.0453
113.74 0.1399 -0.0468
113.76 0.1424 -0.0485
113.78 0.1448 -0.0502
113.80 0.1472 -0.0520
113.82 0.1496 -0.0538
113.84 0.1520 -0.0555
113.86 0.1542 -0.0573
113.88 0.1565 -0.0590
113.90 0.1587 -0.0608
113.92 0.1609 -0.0626
113.94 0.1630 -0.0644
113.96 0.1650 -0.0662
113.98 0.1671 -0.0679
114.00 0.1691 -0.0697
114.02 0.1711 -0.0715
114.04 0.1729 -0.0733
114.06 0.1746 -0.0749
114.08 0.1764 -0.0765
114.10 0.1780 -0.0782
114.12 0.1797 -0.0799
114.14 0.1815 -0.0817
114.16 0.1836 -0.0839
114.18 0.1856 -0.0861
114.20 0.1877 -0.0883
114.22 0.1897 -0.0905
114.24 0.1916 -0.0927
114.26 0.1933 -0.0947
114.28 0.1951 -0.0968
114.30 0.1968 -0.0988
114.32 0.1985 -0.1009
114.34 0.2001 -0.1030
114.36 0.2017 -0.1050
114.38 0.2032 -0.1070
114.40 0.2047 -0.1090
114.42 0.2062 -0.1110
114.44 0.2078 -0.1132
114.46 0.2095 -0.1157
114.48 0.2112 -0.1182
114.50 0.2129 -0.1206
114.52 0.2146 -0.1231
114.54 0.2162 -0.1256
114.56 0.2177 -0.1280
114.58 0.2192 -0.1304
114.60 0.2207 -0.1328
114.62 0.2222 -0.1352
114.64 0.2236 -0.1376
114.66 0.2250 -0.1400
114.68 0.2263 -0.1423
114.70 0.2277 -0.1446
114.72 0.2290 -0.1470
114.74 0.2302 -0.1493
114.76 0.2314 -0.1515
114.78 0.2326 -0.1537
114.80 0.2338 -0.1560
114.82 0.2349 -0.1582
114.84 0.2361 -0.1606
114.86 0.2374 -0.1633
114.88 0.2387 -0.1660
114.90 0.2400 -0.1687
114.92 0.2413 -0.1714
114.94 0.2425 -0.1741
114.96 0.2436 -0.1767
114.98 0.2448 -0.1793
115.00 0.2459 -0.1819
115.02 0.2470 -0.1846
115.04 0.2481 -0.1871
115.06 0.2491 -0.1896
115.08 0.2501 -0.1921
115.10 0.2510 -0.1946
115.12 0.2520 -0.1971
115.14 0.2529 -0.1996
115.16 0.2538 -0.2020
115.18 0.2546 -0.2043
115.20 0.2555 -0.2067
115.22 0.2563 -0.2091
115.24 0.2572 -0.2117
115.26 0.2581 -0.2145
115.28 0.2591 -0.2174
115.30 0.2600 -0.2202
115.32 0.2609 -0.2231
115.34 0.2618 -0.2259
115.36 0.2627 -0.2286
115.38 0.2635 -0.2313
115.40 0.2643 -0.2340
115.42 0.2652 -0.2367
115.44 0.2660 -0.2394
115.46 0.2667 -0.2420
115.48 0.2675 -0.2446
115.50 0.2682 -0.2471
115.52 0.2690 -0.2497
115.54 0.2697 -0.2524
115.56 0.2705 -0.2553
115.58 0.2714 -0.2582
115.60 0.2721 -0.2611
115.62 0.2729 -0.2640
115.64 0.2737 -0.2668
115.66 0.2744 -0.2696
115.68 0.2752 -0.2723
115.70 0.2759 -0.2751
115.72 0.2766 -0.2778
115.74 0.2773 -0.2805
115.76 0.2780 -0.2831
115.78 0.2786 -0.2857
115.80 0.2793 -0.2883
115.82 0.2799 -0.2910
115.84 0.2805 -0.2935
115.86 0.2811 -0.2960
115.88 0.2817 -0.2984
115.90 0.2823 -0.3009
115.92 0.2828 -0.3034
115.94 0.2834 -0.3059
115.96 0.2841 -0.3089
115.98 0.2847 -0.3118
116.00 0.2854 -0.3147
116.02 0.2860 -0.3176
116.04 0.2866 -0.3205
116.06 0.2872 -0.3233
116.08 0.2878 -0.3261
116.10 0.2884 -0.3289
116.12 0.2889 -0.3317
116.14 0.2895 -0.3344
116.16 0.2900 -0.3370
116.18 0.2905 -0.3397
116.20 0.2910 -0.3423
116.22 0.2915 -0.3449
116.24 0.2920 -0.3475
116.26 0.2925 -0.3500
116.28 0.2929 -0.3525
116.30 0.2934 -0.3550
116.32 0.2938 -0.3575
116.34 0.2943 -0.3601
116.36 0.2948 -0.3631
116.38 0.2953 -0.3660
116.40 0.2958 -0.3690
116.42 0.2963 -0.3720
116.44 0.2967 -0.3749
116.46 0.2972 -0.3777
116.48 0.2976 -0.3805
116.50 0.2980 -0.3833
116.52 0.2984 -0.3861
116.54 0.2988 -0.3889
116.56 0.2992 -0.3915
116.58 0.2996 -0.3942
116.60 0.3000 -0.3968
116.62 0.3003 -0.3995
116.64 0.3007 -0.4023
116.66 0.3011 -0.4053
116.68 0.3015 -0.4082
116.70 0.3019 -0.4112
116.72 0.3023 -0.4142
116.74 0.3027 -0.4171
116.76 0.3031 -0.4199
116.78 0.3035 -0.4227
116.80 0.3039 -0.4255
116.82 0.3042 -0.4284
116.84 0.3046 -0.4311
116.86 0.3050 -0.4338
116.88 0.3054 -0.4364
116.90 0.3057 -0.4391
116.92 0.3061 -0.4417
116.94 0.3065 -0.4443
116.96 0.3068 -0.4468
116.98 0.3072 -0.4493
117.00 0.3075 -0.4518
117.02 0.3079 -0.4543
117.04 0.3083 -0.4570
117.06 0.3087 -0.4600
117.08 0.3091 -0.4630
117.10 0.3095 -0.4659
117.12 0.3100 -0.4689
117.14 0.3104 -0.4718
117.16 0.3108 -0.4746
117.18 0.3112 -0.4775
117.20 0.3116 -0.4803
117.22 0.3120 -0.4831
117.24 0.3123 -0.4858
117.26 0.3127 -0.4885
117.28 0.3131 -0.4912
117.30 0.3134 -0.4938
117.32 0.3138 -0.4965
117.34 0.3141 -0.4991
117.36 0.3145 -0.5016
117.38 0.3148 -0.5041
117.40 0.3152 -0.5066
117.42 0.3155 -0.5091
117.44 0.3159 -0.5118
117.46 0.3163 -0.5148
117.48 0.3167 -0.5177
117.50 0.3171 -0.5207
117.52 0.3175 -0.5237
117.54 0.3179 -0.5266
117.56 0.3183 -0.5294
117.58 0.3187 -0.5322
117.60 0.3191 -0.5350
117.62 0.3195 -0.5378
117.64 0.3198 -0.5406
117.66 0.3202 -0.5433
117.68 0.3206 -0.5459
117.70 0.3209 -0.5486
117.72 0.3213 -0.5512
117.74 0.3217 -0.5540
117.76 0.3221 -0.5570
117.78 0.3225 -0.5600
117.80 0.3229 -0.5629
117.82 0.3233 -0.5659
117.84 0.3237 -0.5688
117.86 0.3241 -0.5716
117.88 0.3245 -0.5745
117.90 0.3249 -0.5773
117.92 0.3252 -0.5801
117.94 0.3256 -0.5829
117.96 0.3260 -0.5855
117.98 0.3263 -0.5882
118.00 0.3267 -0.5908
118.02 0.3270 -0.5935
118.04 0.3273 -0.5961
118.06 0.3277 -0.5986
118.08 0.3280 -0.6011
118.10 0.3283 -0.6036
118.12 0.3286 -0.6061
118.14 0.3290 -0.6088
118.16 0.3294 -0.6118
118.18 0.3297 -0.6147
118.20 0.3301 -0.6177
118.22 0.3305 -0.6207
118.24 0.3309 -0.6236
118.26 0.3312 -0.6264
118.28 0.3316 -0.6293
118.30 0.3319 -0.6321
118.32 0.3322 -0.6349
118.34 0.3326 -0.6377
118.36 0.3329 -0.6403
118.38 0.3332 -0.6430
118.40 0.3336 -0.6457
118.42 0.3339 -0.6483
118.44 0.3342 -0.6511
118.46 0.3346 -0.6541
118.48 0.3349 -0.6571
118.50 0.3353 -0.6600
118.52 0.3356 -0.6630
118.54 0.3360 -0.6659
118.56 0.3363 -0.6688
118.58 0.3366 -0.6716
118.60 0.3369 -0.6744
118.62 0.3373 -0.6772
118.64 0.3376 -0.6800
118.66 0.3379 -0.6827
118.68 0.3382 -0.6853
118.70 0.3385 -0.6880
118.72 0.3388 -0.6907
118.74 0.3391 -0.6933
118.76 0.3394 -0.6958
118.78 0.3396 -0.6983
118.80 0.3399 -0.7008
118.82 0.3402 -0.7033
118.84 0.3405 -0.7060
118.86 0.3408 -0.7090
118.88 0.3411 -0.7120
118.90 0.3414 -0.7150
118.92 0.3417 -0.7180
118.94 0.3420 -0.7209
118.96 0.3423 -0.7237
118.98 0.3426 -0.7265
119.00 0.3429 -0.7294
119.02 0.3432 -0.7322
119.04 0.3434 -0.7350
119.06 0.3437 -0.7377
119.08 0.3440 -0.7403
119.10 0.3442 -0.7430
119.12 0.3445 -0.7457
119.14 0.3447 -0.7485
119.16 0.3450 -0.7514
119.18 0.3453 -0.7544
119.20 0.3456 -0.7574
119.22 0.3458 -0.7604
119.24 0.3461 -0.7633
119.26 0.3463 -0.7662
119.28 0.3466 -0.7690
119.30 0.3468 -0.7718
119.32 0.3471 -0.7747
119.34 0.3473 -0.7775
119.36 0.3475 -0.7801
119.38 0.3478 -0.7828
119.40 0.3480 -0.7855
119.42 0.3482 -0.7882
119.44 0.3484 -0.7908
119.46 0.3486 -0.7933
119.48 0.3488 -0.7958
119.50 0.3490 -0.7983
119.52 0.3492 -0.8008
119.54 0.3495 -0.8036
119.56 0.3497 -0.8065
119.58 0.3499 -0.8095
119.60 0.3502 -0.8125
119.62 0.3504 -0.8155
119.64 0.3506 -0.8185
119.66 0.3508 -0.8213
119.68 0.3511 -0.8241
119.70 0.3513 -0.8270
119.72 0.3515 -0.8298
119.74 0.3517 -0.8326
119.76 0.3519 -0.8353
119.78 0.3521 -0.8379
119.80 0.3523 -0.8406
119.82 0.3525 -0.8433
119.84 0.3527 -0.8459
119.86 0.3528 -0.8484
119.88 0.3530 -0.8509
119.90 0.3532 -0.8535
119.92 0.3534 -0.8560
119.94 0.3536 -0.8586
119.96 0.3538 -0.8616
119.98 0.3540 -0.8646
120.00 0.3542 -0.8676
120.02 0.3544 -0.8706
120.04 0.3547 -0.8736
120.06 0.3549 -0.8764
120.08 0.3551 -0.8792
120.10 0.3553 -0.8821
120.12 0.3556 -0.8849
120.14 0.3558 -0.8877
120.16 0.3560 -0.8904
120.18 0.3563 -0.8930
120.20 0.3565 -0.8957
120.22 0.3568 -0.8984
120.24 0.3570 -0.9012
120.26 0.3573 -0.9041
120.28 0.3576 -0.9071
120.30 0.3579 -0.9101
120.32 0.3582 -0.9131
120.34 0.3585 -0.9161
120.36 0.3588 -0.9191
120.38 0.3591 -0.9221
120.40 0.3594 -0.9250
120.42 0.3597 -0.9280
120.44 0.3601 -0.9309
120.46 0.3604 -0.9338
120.48 0.3607 -0.9366
120.50 0.3611 -0.9394
120.52 0.3614 -0.9422
120.54 0.3617 -0.9449
120.56 0.3620 -0.9474
120.58 0.3624 -0.9499
120.60 0.3627 -0.9525
120.62 0.3630 -0.9550
120.64 0.3633 -0.9576
120.66 0.3637 -0.9606
120.68 0.3641 -0.9636
120.70 0.3644 -0.9665
120.72 0.3648 -0.9695
120.74 0.3652 -0.9724
120.76 0.3656 -0.9753
120.78 0.3660 -0.9781
120.80 0.3664 -0.9809
120.82 0.3668 -0.9837
120.84 0.3672 -0.9865
120.86 0.3675 -0.9891
120.88 0.3679 -0.9918
120.90 0.3683 -0.9944
120.92 0.3687 -0.9971
120.94 0.3690 -0.9997
120.96 0.3694 -1.0022
120.98 0.3698 -1.0047
121.00 0.3701 -1.0072
121.02 0.3705 -1.0097
121.04 0.3709 -1.0123
121.06 0.3713 -1.0153
121.08 0.3717 -1.0183
121.10 0.3722 -1.0213
121.12 0.3726 -1.0242
121.14 0.3730 -1.0271
121.16 0.3734 -1.0299
121.18 0.3738 -1.0328
121.20 0.3743 -1.0356
121.22 0.3747 -1.0384
121.24 0.3751 -1.0411
121.26 0.3756 -1.0438
121.28 0.3760 -1.0464
121.30 0.3764 -1.0491
121.32 0.3768 -1.0517
121.34 0.3773 -1.0545
121.36 0.3778 -1.0574
121.38 0.3783 -1.0604
121.40 0.3788 -1.0633
121.42 0.3793 -1.0663
121.44 0.3798 -1.0693
121.46 0.3803 -1.0722
121.48 0.3808 -1.0752
121.50 0.3814 -1.0781
121.52 0.3819 -1.0811
121.54 0.3824 -1.0840
121.56 0.3829 -1.0868
121.58 0.3835 -1.0896
121.60 0.3840 -1.0923
121.62 0.3845 -1.0951
121.64 0.3850 -1.0979
121.66 0.3855 -1.1005
121.68 0.3860 -1.1031
121.70 0.3865 -1.1058
121.72 0.3870 -1.1084
121.74 0.3876 -1.1112
121.76 0.3881 -1.1141
121.78 0.3887 -1.1171
121.80 0.3893 -1.1200
121.82 0.3898 -1.1229
121.84 0.3904 -1.1259
121.86 0.3909 -1.1286
121.88 0.3915 -1.1314
121.90 0.3920 -1.1342
121.92 0.3925 -1.1370
121.94 0.3931 -1.1398
121.96 0.3936 -1.1424
121.98 0.3941 -1.1450
122.00 0.3946 -1.1477
122.02 0.3951 -1.1503
122.04 0.3956 -1.1531
122.06 0.3962 -1.1560
122.08 0.3968 -1.1590
122.10 0.3973 -1.1619
122.12 0.3979 -1.1648
122.14 0.3984 -1.1677
122.16 0.3990 -1.1705
122.18 0.3995 -1.1733
122.20 0.4000 -1.1761
122.22 0.4005 -1.1789
122.24 0.4010 -1.1817
122.26 0.4015 -1.1843
122.28 0.4020 -1.1870
122.30 0.4025 -1.1896
122.32 0.4030 -1.1922
122.34 0.4035 -1.1948
122.36 0.4039 -1.1973
122.38 0.4044 -1.1998
122.40 0.4049 -1.2023
122.42 0.4053 -1.2047
122.44 0.4058 -1.2074
122.46 0.4063 -1.2104
122.48 0.4069 -1.2133
122.50 0.4074 -1.2163
122.52 0.4079 -1.2192
122.54 0.4085 -1.2222
122.56 0.4090 -1.2251
122.58 0.4096 -1.2281
122.60 0.4101 -1.2310
122.62 0.4107 -1.2340
122.64 0.4112 -1.2368
122.66 0.4118 -1.2396
122.68 0.4123 -1.2424
122.70 0.4129 -1.2452
122.72 0.4135 -1.2480
122.74 0.4140 -1.2507
122.76 0.4145 -1.2531
122.78 0.4150 -1.2556
122.80 0.4155 -1.2581
122.82 0.4161 -1.2606
122.84 0.4166 -1.2632
122.86 0.4173 -1.2662
122.88 0.4179 -1.2691
122.90 0.4185 -1.2720
122.92 0.4192 -1.2750
122.94 0.4198 -1.2778
122.96 0.4204 -1.2806
122.98 0.4210 -1.2834
123.00 0.4216 -1.2862
123.02 0.4223 -1.2889
123.04 0.4229 -1.2917
123.06 0.4235 -1.2943
123.08 0.4241 -1.2969
123.10 0.4247 -1.2995
123.12 0.4253 -1.3021
123.14 0.4259 -1.3048
123.16 0.4266 -1.3078
123.18 0.4273 -1.3107
123.20 0.4280 -1.3136
123.22 0.4286 -1.3165
123.24 0.4293 -1.3195
123.26 0.4300 -1.3224
123.28 0.4307 -1.3253
123.30 0.4313 -1.3282
123.32 0.4320 -1.3312
123.34 0.4327 -1.3341
123.36 0.4333 -1.3370
123.38 0.4340 -1.3399
123.40 0.4347 -1.3428
123.42 0.4354 -1.3458
123.44 0.4361 -1.3486
123.46 0.4367 -1.3514
123.48 0.4374 -1.3542
123.50 0.4380 -1.3569
123.52 0.4387 -1.3597
123.54 0.4394 -1.3625
123.56 0.4401 -1.3654
123.58 0.4408 -1.3683
123.60 0.4416 -1.3712
123.62 0.4423 -1.3741
123.64 0.4430 -1.3771
123.66 0.4438 -1.3800
123.68 0.4445 -1.3829
123.70 0.4453 -1.3858
123.72 0.4460 -1.3887
123.74 0.4468 -1.3915
123.76 0.4475 -1.3943
123.78 0.4482 -1.3970
123.80 0.4489 -1.3998
123.82 0.4497 -1.4025
123.84 0.4504 -1.4052
123.86 0.4511 -1.4078
123.88 0.4518 -1.4104
123.90 0.4525 -1.4130
123.92 0.4533 -1.4156
123.94 0.4540 -1.4183
123.96 0.4548 -1.4212
123.98 0.4556 -1.4240
124.00 0.4564 -1.4269
124.02 0.4572 -1.4298
124.04 0.4580 -1.4327
124.06 0.4588 -1.4354
124.08 0.4596 -1.4381
124.10 0.4604 -1.4409
124.12 0.4611 -1.4436
124.14 0.4619 -1.4463
124.16 0.4626 -1.4489
124.18 0.4634 -1.4515
124.20 0.4641 -1.4540
124.22 0.4648 -1.4566
124.24 0.4655 -1.4591
124.26 0.4662 -1.4616
124.28 0.4669 -1.4640
124.30 0.4676 -1.4664
124.32 0.4683 -1.4689
124.34 0.4691 -1.4715
124.36 0.4699 -1.4744
124.38 0.4707 -1.4772
124.40 0.4715 -1.4801
124.42 0.4724 -1.4830
124.44 0.4732 -1.4858
124.46 0.4740 -1.4885
124.48 0.4748 -1.4913
124.50 0.4756 -1.4940
124.52 0.4764 -1.4967
124.54 0.4772 -1.4994
124.56 0.4780 -1.5019
124.58 0.4788 -1.5045
124.60 0.4796 -1.5071
124.62 0.4804 -1.5096
124.64 0.4812 -1.5123
124.66 0.4821 -1.5152
124.68 0.4830 -1.5180
124.70 0.4839 -1.5209
124.72 0.4847 -1.5238
124.74 0.4856 -1.5266
124.76 0.4865 -1.5295
124.78 0.4874 -1.5324
124.80 0.4883 -1.5352
124.82 0.4892 -1.5381
124.84 0.4901 -1.5409
124.86 0.4909 -1.5436
124.88 0.4918 -1.5463
124.90 0.4927 -1.5490
124.92 0.4935 -1.5517
124.94 0.4944 -1.5544
124.96 0.4952 -1.5569
124.98 0.4961 -1.5595
125.00 0.4969 -1.5620
125.02 0.4977 -1.5646
125.04 0.4986 -1.5673
125.06 0.4995 -1.5701
125.08 0.5005 -1.5730
125.10 0.5014 -1.5758
125.12 0.5023 -1.5787
125.14 0.5032 -1.5815
125.16 0.5041 -1.5842
125.18 0.5050 -1.5869
125.20 0.5059 -1.5896
125.22 0.5067 -1.5923
125.24 0.5076 -1.5949
125.26 0.5084 -1.5975
125.28 0.5092 -1.6001
125.30 0.5101 -1.6026
125.32 0.5109 -1.6052
125.34 0.5117 -1.6077
125.36 0.5124 -1.6101
125.38 0.5132 -1.6125
125.40 0.5140 -1.6149
125.42 0.5147 -1.6173
125.44 0.5155 -1.6199
125.46 0.5165 -1.6227
125.48 0.5174 -1.6256
125.50 0.5183 -1.6285
125.52 0.5192 -1.6313
125.54 0.5201 -1.6342
125.56 0.5211 -1.6370
125.58 0.5220 -1.6399
125.60 0.5229 -1.6427
125.62 0.5239 -1.6456
125.64 0.5248 -1.6484
125.66 0.5257 -1.6510
125.68 0.5266 -1.6537
125.70 0.5275 -1.6564
125.72 0.5284 -1.6591
125.74 0.5293 -1.6618
125.76 0.5302 -1.6643
125.78 0.5311 -1.6668
125.80 0.5320 -1.6694
125.82 0.5329 -1.6719
125.84 0.5338 -1.6745
125.86 0.5348 -1.6774
125.88 0.5358 -1.6802
125.90 0.5368 -1.6830
125.92 0.5378 -1.6859
125.94 0.5387 -1.6886
125.96 0.5397 -1.6913
125.98 0.5406 -1.6940
126.00 0.5416 -1.6967
126.02 0.5425 -1.6994
126.04 0.5434 -1.7020
126.06 0.5443 -1.7045
126.08 0.5452 -1.7071
126.10 0.5461 -1.7096
126.12 0.5470 -1.7121
126.14 0.5479 -1.7147
126.16 0.5489 -1.7176
126.18 0.5499 -1.7204
126.20 0.5509 -1.7232
126.22 0.5519 -1.7261
126.24 0.5529 -1.7289
126.26 0.5539 -1.7317
126.28 0.5549 -1.7346
126.30 0.5559 -1.7374
126.32 0.5569 -1.7402
126.34 0.5579 -1.7430
126.36 0.5589 -1.7459
126.38 0.5600 -1.7487
126.40 0.5610 -1.7515
126.42 0.5620 -1.7543
126.44 0.5630 -1.7570
126.46 0.5640 -1.7596
126.48 0.5649 -1.7621
126.50 0.5659 -1.7646
126.52 0.5668 -1.7671
126.54 0.5678 -1.7696
126.56 0.5687 -1.7719
126.58 0.5696 -1.7743
126.60 0.5705 -1.7766
126.62 0.5714 -1.7790
126.64 0.5724 -1.7815
126.66 0.5734 -1.7843
126.68 0.5745 -1.7870
126.70 0.5756 -1.7898
126.72 0.5767 -1.7926
126.74 0.5778 -1.7954
126.76 0.5788 -1.7980
126.78 0.5799 -1.8007
126.80 0.5809 -1.8033
126.82 0.5820 -1.8060
126.84 0.5830 -1.8087
126.86 0.5841 -1.8114
126.88 0.5852 -1.8142
126.90 0.5864 -1.8170
126.92 0.5875 -1.8198
126.94 0.5886 -1.8225
126.96 0.5896 -1.8250
126.98 0.5906 -1.8275
127.00 0.5917 -1.8299
127.02 0.5927 -1.8324
127.04 0.5938 -1.8350
127.06 0.5950 -1.8377
127.08 0.5961 -1.8405
127.10 0.5973 -1.8433
127.12 0.5985 -1.8460
127.14 0.5997 -1.8488
127.16 0.6009 -1.8515
127.18 0.6021 -1.8543
127.20 0.6033 -1.8570
127.22 0.6045 -1.8598
127.24 0.6057 -1.8625
127.26 0.6068 -1.8650
127.28 0.6080 -1.8676
127.30 0.6092 -1.8702
127.32 0.6103 -1.8728
127.34 0.6115 -1.8755
127.36 0.6128 -1.8782
127.38 0.6140 -1.8809
127.40 0.6153 -1.8836
127.42 0.6166 -1.8864
127.44 0.6178 -1.8891
127.46 0.6191 -1.8918
127.48 0.6204 -1.8945
127.50 0.6218 -1.8972
127.52 0.6231 -1.8999
127.54 0.6244 -1.9025
127.56 0.6257 -1.9051
127.58 0.6269 -1.9076
127.60 0.6282 -1.9101
127.62 0.6295 -1.9127
127.64 0.6308 -1.9151
127.66 0.6320 -1.9175
127.68 0.6333 -1.9199
127.70 0.6345 -1.9223
127.72 0.6357 -1.9247
127.74 0.6370 -1.9270
127.76 0.6382 -1.9292
127.78 0.6394 -1.9314
127.80 0.6406 -1.9336
127.82 0.6418 -1.9359
127.84 0.6431 -1.9382
127.86 0.6445 -1.9409
127.88 0.6460 -1.9435
127.90 0.6474 -1.9461
127.92 0.6489 -1.9487
127.94 0.6504 -1.9513
127.96 0.6518 -1.9539
127.98 0.6533 -1.9565
128.00 0.6548 -1.9591
128.02 0.6563 -1.9617
128.04 0.6578 -1.9643
128.06 0.6593 -1.9669
128.08 0.6609 -1.9695
128.10 0.6624 -1.9721
128.12 0.6639 -1.9747
128.14 0.6654 -1.9773
128.16 0.6670 -1.9798
128.18 0.6685 -1.9824
128.20 0.6700 -1.9850
128.22 0.6716 -1.9876
128.24 0.6731 -1.9901
128.26 0.6747 -1.9927
128.28 0.6762 -1.9953
128.30 0.6778 -1.9978
128.32 0.6793 -2.0004
128.34 0.6809 -2.0030
128.36 0.6824 -2.0055
128.38 0.6840 -2.0081
128.40 0.6856 -2.0107
128.42 0.6871 -2.0132
128.44 0.6887 -2.0158
128.46 0.6903 -2.0183
128.48 0.6919 -2.0208
128.50 0.6935 -2.0234
128.52 0.6951 -2.0259
128.54 0.6968 -2.0284
128.56 0.6984 -2.0309
128.58 0.7000 -2.0335
128.60 0.7017 -2.0360
128.62 0.7033 -2.0385
128.64 0.7050 -2.0410
128.66 0.7066 -2.0435
128.68 0.7083 -2.0460
128.70 0.7099 -2.0485
128.72 0.7116 -2.0510
128.74 0.7133 -2.0535
128.76 0.7150 -2.0560
128.78 0.7166 -2.0585
128.80 0.7183 -2.0609
128.82 0.7200 -2.0634
128.84 0.7216 -2.0659
128.86 0.7233 -2.0684
128.88 0.7250 -2.0709
128.90 0.7267 -2.0734
128.92 0.7284 -2.0759
128.94 0.7301 -2.0783
128.96 0.7318 -2.0808
128.98 0.7335 -2.0833
129.00 0.7352 -2.0857
129.02 0.7370 -2.0882
129.04 0.7387 -2.0906
129.06 0.7405 -2.0930
129.08 0.7422 -2.0954
129.10 0.7440 -2.0979
129.12 0.7458 -2.1003
129.14 0.7476 -2.1026
129.16 0.7493 -2.1049
129.18 0.7510 -2.1071
129.20 0.7528 -2.1094
129.22 0.7545 -2.1116
129.24 0.7563 -2.1139
129.26 0.7582 -2.1163
129.28 0.7600 -2.1186
129.30 0.7619 -2.1209
129.32 0.7638 -2.1233
129.34 0.7656 -2.1256
129.36 0.7674 -2.1278
129.38 0.7692 -2.1300
129.40 0.7711 -2.1321
129.42 0.7729 -2.1343
129.44 0.7747 -2.1366
129.46 0.7766 -2.1389
129.48 0.7786 -2.1411
129.50 0.7805 -2.1434
129.52 0.7825 -2.1457
129.54 0.7844 -2.1480
129.56 0.7864 -2.1503
129.58 0.7883 -2.1525
129.60 0.7903 -2.1548
129.62 0.7923 -2.1570
129.64 0.7942 -2.1592
129.66 0.7960 -2.1612
129.68 0.7978 -2.1632
129.70 0.7996 -2.1652
129.72 0.8014 -2.1672
129.74 0.8033 -2.1692
129.76 0.8053 -2.1714
129.78 0.8074 -2.1736
129.80 0.8094 -2.1758
129.82 0.8115 -2.1779
129.84 0.8136 -2.1800
129.86 0.8155 -2.1821
129.88 0.8175 -2.1841
129.90 0.8195 -2.1861
129.92 0.8215 -2.1882
129.94 0.8235 -2.1903
129.96 0.8256 -2.1924
129.98 0.8277 -2.1945
130.00 0.8299 -2.1966
130.02 0.8320 -2.1988
130.04 0.8341 -2.2008
130.06 0.8361 -2.2028
130.08 0.8381 -2.2048
130.10 0.8402 -2.2068
130.12 0.8422 -2.2088
130.14 0.8442 -2.2107
130.16 0.8461 -2.2126
130.18 0.8481 -2.2144
130.20 0.8500 -2.2163
130.22 0.8520 -2.2181
130.24 0.8540 -2.2200
130.26 0.8562 -2.2221
130.28 0.8584 -2.2241
130.30 0.8606 -2.2261
130.32 0.8628 -2.2282
130.34 0.8650 -2.2302
130.36 0.8671 -2.2321
130.38 0.8692 -2.2339
130.40 0.8713 -2.2358
130.42 0.8735 -2.2377
130.44 0.8757 -2.2396
130.46 0.8779 -2.2416
130.48 0.8802 -2.2436
130.50 0.8824 -2.2455
130.52 0.8847 -2.2475
130.54 0.8870 -2.2494
130.56 0.8893 -2.2514
130.58 0.8915 -2.2534
130.60 0.8938 -2.2553
130.62 0.8961 -2.2573
130.64 0.8983 -2.2592
130.66 0.9005 -2.2610
130.68 0.9026 -2.2629
130.70 0.9048 -2.2648
130.72 0.9069 -2.2666
130.74 0.9091 -2.2685
130.76 0.9114 -2.2705
130.78 0.9137 -2.2724
130.80 0.9160 -2.2744
130.82 0.9183 -2.2763
130.84 0.9205 -2.2782
130.86 0.9227 -2.2800
130.88 0.9249 -2.2818
130.90 0.9271 -2.2836
130.92 0.9292 -2.2855
130.94 0.9315 -2.2873
130.96 0.9338 -2.2892
130.98 0.9361 -2.2911
131.00 0.9384 -2.2930
131.02 0.9408 -2.2949
131.04 0.9430 -2.2968
131.06 0.9452 -2.2986
131.08 0.9474 -2.3004
131.10 0.9496 -2.3022
131.12 0.9518 -2.3040
131.14 0.9541 -2.3058
131.16 0.9564 -2.3077
131.18 0.9587 -2.3096
131.20 0.9611 -2.3115
131.22 0.9634 -2.3134
131.24 0.9657 -2.3153
131.26 0.9680 -2.3172
131.28 0.9704 -2.3191
131.30 0.9727 -2.3210
131.32 0.9750 -2.3228
131.34 0.9773 -2.3247
131.36 0.9795 -2.3265
131.38 0.9818 -2.3282
131.40 0.9840 -2.3300
131.42 0.9862 -2.3318
131.44 0.9885 -2.3335
131.46 0.9908 -2.3354
131.48 0.9932 -2.3373
131.50 0.9956 -2.3391
131.52 0.9979 -2.3410
131.54 1.0002 -2.3428
131.56 1.0024 -2.3446
131.58 1.0047 -2.3463
131.60 1.0069 -2.3481
131.62 1.0092 -2.3498
131.64 1.0114 -2.3515
131.66 1.0135 -2.3532
131.68 1.0156 -2.3548
131.70 1.0178 -2.3564
131.72 1.0199 -2.3581
131.74 1.0222 -2.3597
131.76 1.0246 -2.3615
131.78 1.0270 -2.3633
131.80 1.0294 -2.3651
131.82 1.0318 -2.3669
131.84 1.0341 -2.3687
131.86 1.0364 -2.3704
131.88 1.0386 -2.3721
131.90 1.0409 -2.3738
131.92 1.0432 -2.3756
131.94 1.0455 -2.3773
131.96 1.0479 -2.3791
131.98 1.0503 -2.3809
132.00 1.0527 -2.3827
132.02 1.0551 -2.3845
132.04 1.0575 -2.3863
132.06 1.0599 -2.3881
132.08 1.0623 -2.3899
132.10 1.0647 -2.3916
132.12 1.0672 -2.3934
132.14 1.0695 -2.3951
132.16 1.0718 -2.3968
132.18 1.0741 -2.3985
132.20 1.0764 -2.4002
132.22 1.0787 -2.4018
132.24 1.0810 -2.4035
132.26 1.0832 -2.4050
132.28 1.0854 -2.4066
132.30 1.0876 -2.4081
132.32 1.0897 -2.4097
132.34 1.0920 -2.4113
132.36 1.0945 -2.4130
132.38 1.0969 -2.4147
132.40 1.0994 -2.4165
132.42 1.1018 -2.4182
132.44 1.1043 -2.4199
132.46 1.1066 -2.4215
132.48 1.1089 -2.4231
132.50 1.1113 -2.4247
132.52 1.1136 -2.4263
132.54 1.1160 -2.4280
132.56 1.1184 -2.4297
132.58 1.1209 -2.4314
132.60 1.1234 -2.4331
132.62 1.1258 -2.4349
132.64 1.1282 -2.4365
132.66 1.1304 -2.4380
132.68 1.1326 -2.4396
132.70 1.1348 -2.4411
132.72 1.1370 -2.4426
132.74 1.1393 -2.4442
132.76 1.1418 -2.4459
132.78 1.1442 -2.4476
132.80 1.1467 -2.4493
132.82 1.1492 -2.4510
132.84 1.1517 -2.4527
132.86 1.1542 -2.4543
132.88 1.1567 -2.4560
132.90 1.1591 -2.4577
132.92 1.1616 -2.4594
132.94 1.1641 -2.4611
132.96 1.1666 -2.4628
132.98 1.1690 -2.4645
133.00 1.1715 -2.4662
133.02 1.1740 -2.4679
133.04 1.1764 -2.4696
133.06 1.1787 -2.4712
133.08 1.1811 -2.4728
133.10 1.1834 -2.4744
133.12 1.1857 -2.4761
133.14 1.1881 -2.4777
133.16 1.1906 -2.4794
133.18 1.1930 -2.4811
133.20 1.1955 -2.4828
133.22 1.1980 -2.4845
133.24 1.2004 -2.4862
133.26 1.2027 -2.4878
133.28 1.2051 -2.4894
133.30 1.2074 -2.4910
133.32 1.2098 -2.4926
133.34 1.2122 -2.4942
133.36 1.2147 -2.4959
133.38 1.2172 -2.4975
133.40 1.2196 -2.4992
133.42 1.2221 -2.5010
133.44 1.2246 -2.5027
133.46 1.2270 -2.5044
133.48 1.2295 -2.5061
133.50 1.2319 -2.5078
133.52 1.2344 -2.5096
133.54 1.2368 -2.5113
133.56 1.2391 -2.5129
133.58 1.2415 -2.5145
133.60 1.2438 -2.5162
133.62 1.2461 -2.5178
133.64 1.2485 -2.5195
133.66 1.2509 -2.5212
133.68 1.2534 -2.5229
133.70 1.2558 -2.5247
133.72 1.2582 -2.5264
133.74 1.2606 -2.5281
133.76 1.2630 -2.5298
133.78 1.2653 -2.5314
133.80 1.2676 -2.5330
133.82 1.2699 -2.5347
133.84 1.2722 -2.5363
133.86 1.2744 -2.5378
133.88 1.2766 -2.5393
133.90 1.2788 -2.5409
133.92 1.2811 -2.5424
133.94 1.2834 -2.5440
133.96 1.2858 -2.5457
133.98 1.2883 -2.5474
134.00 1.2908 -2.5491
134.02 1.2932 -2.5508
134.04 1.2957 -2.5525
134.06 1.2981 -2.5543
134.08 1.3006 -2.5560
134.10 1.3031 -2.5577
134.12 1.3055 -2.5594
134.14 1.3080 -2.5611
134.16 1.3104 -2.5629
134.18 1.3129 -2.5646
134.20 1.3153 -2.5663
134.22 1.3178 -2.5680
134.24 1.3202 -2.5697
134.26 1.3225 -2.5713
134.28 1.3249 -2.5730
134.30 1.3272 -2.5746
134.32 1.3295 -2.5762
134.34 1.3318 -2.5778
134.36 1.3340 -2.5793
134.38 1.3362 -2.5809
134.40 1.3384 -2.5824
134.42 1.3406 -2.5839
134.44 1.3429 -2.5855
134.46 1.3454 -2.5872
134.48 1.3479 -2.5889
134.50 1.3504 -2.5907
134.52 1.3528 -2.5924
134.54 1.3552 -2.5940
134.56 1.3576 -2.5957
134.58 1.3599 -2.5973
134.60 1.3623 -2.5989
134.62 1.3646 -2.6005
134.64 1.3670 -2.6021
134.66 1.3694 -2.6039
134.68 1.3719 -2.6056
134.70 1.3744 -2.6073
134.72 1.3768 -2.6090
134.74 1.3792 -2.6107
134.76 1.3816 -2.6123
134.78 1.3839 -2.6139
134.80 1.3862 -2.6155
134.82 1.3886 -2.6172
134.84 1.3909 -2.6188
134.86 1.3931 -2.6203
134.88 1.3953 -2.6219
134.90 1.3975 -2.6234
134.92 1.3997 -2.6249
134.94 1.4019 -2.6265
134.96 1.4044 -2.6283
134.98 1.4069 -2.6300
135.00 1.4093 -2.6317
135.02 1.4118 -2.6335
135.04 1.4141 -2.6351
135.06 1.4163 -2.6367
135.08 1.4185 -2.6382
135.10 1.4207 -2.6398
135.12 1.4229 -2.6413
135.14 1.4252 -2.6429
135.16 1.4277 -2.6446
135.18 1.4301 -2.6463
135.20 1.4326 -2.6480
135.22 1.4351 -2.6498
135.24 1.4375 -2.6515
135.26 1.4398 -2.6531
135.28 1.4421 -2.6547
135.30 1.4444 -2.6563
135.32 1.4468 -2.6580
135.34 1.4491 -2.6596
135.36 1.4516 -2.6614
135.38 1.4540 -2.6631
135.40 1.4565 -2.6648
135.42 1.4589 -2.6666
135.44 1.4614 -2.6683
135.46 1.4638 -2.6700
135.48 1.4663 -2.6717
135.50 1.4687 -2.6735
135.52 1.4712 -2.6752
135.54 1.4736 -2.6769
135.56 1.4759 -2.6785
135.58 1.4783 -2.6802
135.60 1.4806 -2.6818
135.62 1.4829 -2.6834
135.64 1.4852 -2.6851
135.66 1.4874 -2.6866
135.68 1.4896 -2.6881
135.70 1.4918 -2.6897
135.72 1.4940 -2.6912
135.74 1.4961 -2.6927
135.76 1.4982 -2.6942
135.78 1.5003 -2.6956
135.80 1.5023 -2.6971
135.82 1.5044 -2.6986
135.84 1.5065 -2.7001
135.86 1.5090 -2.7018
135.88 1.5114 -2.7035
135.90 1.5139 -2.7052
135.92 1.5163 -2.7070
135.94 1.5188 -2.7087
135.96 1.5212 -2.7105
135.98 1.5236 -2.7122
136.00 1.5261 -2.7140
136.02 1.5285 -2.7157
136.04 1.5309 -2.7175
136.06 1.5332 -2.7191
136.08 1.5355 -2.7208
136.10 1.5378 -2.7224
136.12 1.5401 -2.7241
136.14 1.5425 -2.7258
136.16 1.5449 -2.7275
136.18 1.5474 -2.7293
136.20 1.5498 -2.7310
136.22 1.5522 -2.7328
136.24 1.5547 -2.7345
136.26 1.5571 -2.7363
136.28 1.5596 -2.7380
136.30 1.5620 -2.7397
136.32 1.5645 -2.7414
136.34 1.5669 -2.7431
136.36 1.5692 -2.7448
136.38 1.5716 -2.7464
136.40 1.5739 -2.7480
136.42 1.5762 -2.7496
136.44 1.5785 -2.7512
136.46 1.5807 -2.7527
136.48 1.5830 -2.7542
136.50 1.5852 -2.7557
136.52 1.5874 -2.7573
136.54 1.5897 -2.7588
136.56 1.5922 -2.7605
136.58 1.5947 -2.7622
136.60 1.5971 -2.7639
136.62 1.5996 -2.7655
136.64 1.6021 -2.7672
136.66 1.6045 -2.7687
136.68 1.6068 -2.7703
136.70 1.6092 -2.7718
136.72 1.6116 -2.7734
136.74 1.6140 -2.7749
136.76 1.6164 -2.7765
136.78 1.6188 -2.7780
136.80 1.6211 -2.7796
136.82 1.6235 -2.7811
136.84 1.6259 -2.7826
136.86 1.6281 -2.7840
136.88 1.6304 -2.7855
136.90 1.6327 -2.7869
136.92 1.6349 -2.7884
136.94 1.6373 -2.7899
136.96 1.6398 -2.7915
136.98 1.6424 -2.7931
137.00 1.6449 -2.7947
137.02 1.6474 -2.7963
137.04 1.6500 -2.7979
137.06 1.6525 -2.7995
137.08 1.6550 -2.8011
137.10 1.6576 -2.8027
137.12 1.6601 -2.8044
137.14 1.6625 -2.8059
137.16 1.6648 -2.8073
137.18 1.6671 -2.8087
137.20 1.6693 -2.8102
137.22 1.6716 -2.8116
137.24 1.6740 -2.8130
137.26 1.6765 -2.8146
137.28 1.6791 -2.8162
137.30 1.6817 -2.8177
137.32 1.6842 -2.8193
137.34 1.6868 -2.8208
137.36 1.6894 -2.8224
137.38 1.6919 -2.8239
137.40 1.6945 -2.8255
137.42 1.6971 -2.8270
137.44 1.6997 -2.8285
137.46 1.7023 -2.8300
137.48 1.7048 -2.8316
137.50 1.7074 -2.8331
137.52 1.7100 -2.8346
137.54 1.7125 -2.8361
137.56 1.7150 -2.8376
137.58 1.7174 -2.8390
137.60 1.7199 -2.8405
137.62 1.7223 -2.8419
137.64 1.7247 -2.8433
137.66 1.7270 -2.8447
137.68 1.7293 -2.8461
137.70 1.7317 -2.8475
137.72 1.7340 -2.8488
137.74 1.7364 -2.8503
137.76 1.7389 -2.8518
137.78 1.7415 -2.8533
137.80 1.7441 -2.8549
137.82 1.7467 -2.8564
137.84 1.7492 -2.8579
137.86 1.7517 -2.8593
137.88 1.7541 -2.8608
137.90 1.7566 -2.8622
137.92 1.7590 -2.8636
137.94 1.7615 -2.8650
137.96 1.7638 -2.8663
137.98 1.7661 -2.8677
138.00 1.7684 -2.8690
138.02 1.7708 -2.8703
138.04 1.7732 -2.8717
138.06 1.7758 -2.8732
138.08 1.7784 -2.8746
138.10 1.7811 -2.8761
138.12 1.7837 -2.8775
138.14 1.7863 -2.8790
138.16 1.7889 -2.8804
138.18 1.7916 -2.8819
138.20 1.7942 -2.8833
138.22 1.7968 -2.8848
138.24 1.7995 -2.8862
138.26 1.8021 -2.8877
138.28 1.8047 -2.8891
138.30 1.8073 -2.8905
138.32 1.8100 -2.8920
138.34 1.8125 -2.8934
138.36 1.8150 -2.8948
138.38 1.8175 -2.8962
138.40 1.8200 -2.8975
138.42 1.8225 -2.8989
138.44 1.8250 -2.9003
138.46 1.8277 -2.9018
138.48 1.8303 -2.9032
138.50 1.8329 -2.9047
138.52 1.8355 -2.9061
138.54 1.8382 -2.9076
138.56 1.8408 -2.9090
138.58 1.8434 -2.9104
138.60 1.8461 -2.9119
138.62 1.8487 -2.9133
138.64 1.8513 -2.9147
138.66 1.8538 -2.9161
138.68 1.8563 -2.9174
138.70 1.8588 -2.9188
138.72 1.8613 -2.9201
138.74 1.8638 -2.9214
138.76 1.8661 -2.9227
138.78 1.8685 -2.9240
138.80 1.8709 -2.9253
138.82 1.8732 -2.9265
138.84 1.8757 -2.9278
138.86 1.8783 -2.9293
138.88 1.8810 -2.9307
138.90 1.8836 -2.9321
138.92 1.8863 -2.9335
138.94 1.8889 -2.9349
138.96 1.8916 -2.9362
138.98 1.8942 -2.9376
139.00 1.8969 -2.9390
139.02 1.8996 -2.9404
139.04 1.9022 -2.9418
139.06 1.9047 -2.9431
139.08 1.9072 -2.9444
139.10 1.9097 -2.9457
139.12 1.9123 -2.9470
139.14 1.9147 -2.9483
139.16 1.9171 -2.9496
139.18 1.9195 -2.9508
139.20 1.9219 -2.9521
139.22 1.9243 -2.9533
139.24 1.9267 -2.9546
139.26 1.9294 -2.9560
139.28 1.9321 -2.9574
139.30 1.9347 -2.9587
139.32 1.9374 -2.9601
139.34 1.9400 -2.9615
139.36 1.9427 -2.9629
139.38 1.9454 -2.9643
139.40 1.9480 -2.9657
139.42 1.9507 -2.9671
139.44 1.9533 -2.9684
139.46 1.9558 -2.9698
139.48 1.9583 -2.9711
139.50 1.9608 -2.9724
139.52 1.9634 -2.9737
139.54 1.9658 -2.9750
139.56 1.9682 -2.9763
139.58 1.9706 -2.9775
139.60 1.9729 -2.9788
139.62 1.9753 -2.9800
139.64 1.9778 -2.9813
139.66 1.9804 -2.9827
139.68 1.9831 -2.9841
139.70 1.9858 -2.9855
139.72 1.9884 -2.9869
139.74 1.9910 -2.9882
139.76 1.9936 -2.9895
139.78 1.9961 -2.9908
139.80 1.9986 -2.9921
139.82 2.0011 -2.9934
139.84 2.0036 -2.9947
139.86 2.0060 -2.9959
139.88 2.0084 -2.9971
139.90 2.0108 -2.9983
139.92 2.0132 -2.9995
139.94 2.0156 -3.0007
139.96 2.0178 -3.0018
139.98 2.0201 -3.0029
140.00 2.0224 -3.0041
140.02 2.0246 -3.0052
140.04 2.0271 -3.0064
140.06 2.0298 -3.0077
140.08 2.0324 -3.0090
140.10 2.0351 -3.0103
140.12 2.0378 -3.0116
140.14 2.0405 -3.0130
140.16 2.0432 -3.0143
140.18 2.0459 -3.0156
140.20 2.0486 -3.0170
140.22 2.0513 -3.0183
140.24 2.0539 -3.0196
140.26 2.0565 -3.0208
140.28 2.0590 -3.0221
140.30 2.0616 -3.0234
140.32 2.0641 -3.0246
140.34 2.0666 -3.0259
140.36 2.0690 -3.0271
140.38 2.0714 -3.0283
140.40 2.0738 -3.0295
140.42 2.0762 -3.0307
140.44 2.0787 -3.0319
140.46 2.0814 -3.0333
140.48 2.0840 -3.0346
140.50 2.0867 -3.0359
140.52 2.0894 -3.0373
140.54 2.0921 -3.0386
140.56 2.0946 -3.0398
140.58 2.0972 -3.0411
140.60 2.0997 -3.0423
140.62 2.1023 -3.0436
140.64 2.1048 -3.0448
140.66 2.1072 -3.0459
140.68 2.1096 -3.0471
140.70 2.1121 -3.0483
140.72 2.1145 -3.0494
140.74 2.1168 -3.0506
140.76 2.1191 -3.0517
140.78 2.1214 -3.0527
140.80 2.1237 -3.0538
140.82 2.1260 -3.0549
140.84 2.1284 -3.0561
140.86 2.1311 -3.0574
140.88 2.1338 -3.0587
140.90 2.1365 -3.0600
140.92 2.1392 -3.0612
140.94 2.1419 -3.0625
140.96 2.1444 -3.0638
140.98 2.1470 -3.0650
141.00 2.1496 -3.0662
141.02 2.1521 -3.0674
141.04 2.1547 -3.0686
141.06 2.1571 -3.0698
141.08 2.1595 -3.0709
141.10 2.1619 -3.0721
141.12 2.1644 -3.0732
141.14 2.1667 -3.0744
141.16 2.1690 -3.0754
141.18 2.1713 -3.0765
141.20 2.1736 -3.0776
141.22 2.1759 -3.0787
141.24 2.1783 -3.0798
141.26 2.1811 -3.0811
141.28 2.1838 -3.0824
141.30 2.1865 -3.0836
141.32 2.1892 -3.0849
141.34 2.1919 -3.0862
141.36 2.1945 -3.0874
141.38 2.1970 -3.0886
141.40 2.1996 -3.0897
141.42 2.2022 -3.0909
141.44 2.2047 -3.0921
141.46 2.2072 -3.0932
141.48 2.2096 -3.0944
141.50 2.2120 -3.0955
141.52 2.2145 -3.0966
141.54 2.2169 -3.0977
141.56 2.2192 -3.0988
141.58 2.2215 -3.0998
141.60 2.2238 -3.1009
141.62 2.2261 -3.1019
141.64 2.2285 -3.1031
141.66 2.2312 -3.1043
141.68 2.2339 -3.1056
141.70 2.2366 -3.1068
141.72 2.2394 -3.1081
141.74 2.2421 -3.1094
141.76 2.2448 -3.1107
141.78 2.2475 -3.1119
141.80 2.2502 -3.1132
141.82 2.2529 -3.1145
141.84 2.2556 -3.1158
141.86 2.2582 -3.1170
141.88 2.2607 -3.1182
141.90 2.2633 -3.1194
141.92 2.2659 -3.1206
141.94 2.2683 -3.1218
141.96 2.2706 -3.1229
141.98 2.2729 -3.1240
142.00 2.2752 -3.1251
142.02 2.2775 -3.1261
142.04 2.2799 -3.1273
142.06 2.2826 -3.1286
142.08 2.2853 -3.1299
142.10 2.2880 -3.1312
142.12 2.2907 -3.1324
142.14 2.2934 -3.1337
142.16 2.2960 -3.1349
142.18 2.2986 -3.1361
142.20 2.3011 -3.1373
142.22 2.3037 -3.1386
142.24 2.3062 -3.1397
142.26 2.3087 -3.1409
142.28 2.3111 -3.1420
142.30 2.3135 -3.1432
142.32 2.3160 -3.1443
142.34 2.3185 -3.1455
142.36 2.3212 -3.1468
142.38 2.3239 -3.1480
142.40 2.3266 -3.1493
142.42 2.3294 -3.1505
142.44 2.3321 -3.1518
142.46 2.3348 -3.1530
142.48 2.3376 -3.1542
142.50 2.3403 -3.1555
142.52 2.3430 -3.1567
142.54 2.3457 -3.1579
142.56 2.3483 -3.1591
142.58 2.3509 -3.1603
142.60 2.3535 -3.1615
142.62 2.3561 -3.1626
142.64 2.3586 -3.1638
142.66 2.3610 -3.1649
142.68 2.3635 -3.1660
142.70 2.3659 -3.1672
142.72 2.3684 -3.1683
142.74 2.3709 -3.1694
142.76 2.3736 -3.1707
142.78 2.3763 -3.1719
142.80 2.3791 -3.1732
142.82 2.3818 -3.1744
142.84 2.3845 -3.1757
142.86 2.3872 -3.1770
142.88 2.3900 -3.1782
142.90 2.3927 -3.1795
142.92 2.3954 -3.1807
142.94 2.3981 -3.1820
142.96 2.4007 -3.1832
142.98 2.4033 -3.1844
143.00 2.4058 -3.1856
143.02 2.4084 -3.1868
143.04 2.4109 -3.1880
143.06 2.4134 -3.1891
143.08 2.4158 -3.1902
143.10 2.4182 -3.1914
143.12 2.4207 -3.1925
143.14 2.4232 -3.1937
143.16 2.4259 -3.1950
143.18 2.4286 -3.1962
143.20 2.4313 -3.1975
143.22 2.4340 -3.1988
143.24 2.4368 -3.2001
143.26 2.4395 -3.2014
143.28 2.4422 -3.2026
143.30 2.4449 -3.2039
143.32 2.4476 -3.2052
143.34 2.4503 -3.2065
143.36 2.4528 -3.2077
143.38 2.4554 -3.2089
143.40 2.4579 -3.2102
143.42 2.4605 -3.2114
143.44 2.4630 -3.2126
143.46 2.4654 -3.2137
143.48 2.4679 -3.2149
143.50 2.4703 -3.2161
143.52 2.4727 -3.2172
143.54 2.4752 -3.2184
143.56 2.4779 -3.2197
143.58 2.4806 -3.2211
143.60 2.4833 -3.2224
143.62 2.4860 -3.2237
143.64 2.4887 -3.2250
143.66 2.4914 -3.2263
143.68 2.4941 -3.2276
143.70 2.4968 -3.2289
143.72 2.4995 -3.2302
143.74 2.5021 -3.2315
143.76 2.5045 -3.2327
143.78 2.5069 -3.2339
143.80 2.5093 -3.2350
143.82 2.5117 -3.2362
143.84 2.5142 -3.2373
143.86 2.5166 -3.2385
143.88 2.5190 -3.2397
143.90 2.5214 -3.2408
143.92 2.5238 -3.2420
143.94 2.5264 -3.2432
143.96 2.5291 -3.2445
143.98 2.5318 -3.2458
144.00 2.5345 -3.2471
144.02 2.5372 -3.2484
144.04 2.5399 -3.2497
144.06 2.5426 -3.2510
144.08 2.5453 -3.2523
144.10 2.5480 -3.2536
144.12 2.5507 -3.2550
144.14 2.5533 -3.2562
144.16 2.5559 -3.2575
144.18 2.5584 -3.2587
144.20 2.5610 -3.2600
144.22 2.5635 -3.2612
144.24 2.5660 -3.2624
144.26 2.5685 -3.2636
144.28 2.5709 -3.2648
144.30 2.5733 -3.2660
144.32 2.5757 -3.2672
144.34 2.5782 -3.2684
144.36 2.5809 -3.2697
144.38 2.5836 -3.2710
144.40 2.5862 -3.2724
144.42 2.5889 -3.2737
144.44 2.5916 -3.2750
144.46 2.5941 -3.2763
144.48 2.5967 -3.2775
144.50 2.5992 -3.2788
144.52 2.6018 -3.2800
144.54 2.6043 -3.2813
144.56 2.6069 -3.2825
144.58 2.6094 -3.2837
144.60 2.6120 -3.2850
144.62 2.6146 -3.2862
144.64 2.6170 -3.2874
144.66 2.6193 -3.2886
144.68 2.6216 -3.2897
144.70 2.6238 -3.2908
144.72 2.6261 -3.2919
144.74 2.6285 -3.2930
144.76 2.6312 -3.2943
144.78 2.6339 -3.2957
144.80 2.6366 -3.2970
144.82 2.6393 -3.2983
144.84 2.6420 -3.2996
144.86 2.6447 -3.3009
144.88 2.6474 -3.3022
144.90 2.6501 -3.3035
144.92 2.6528 -3.3048
144.94 2.6554 -3.3061
144.96 2.6578 -3.3072
144.98 2.6602 -3.3084
145.00 2.6627 -3.3096
145.02 2.6651 -3.3107
145.04 2.6676 -3.3119
145.06 2.6703 -3.3132
145.08 2.6730 -3.3145
145.10 2.6757 -3.3158
145.12 2.6784 -3.3171
145.14 2.6811 -3.3183
145.16 2.6839 -3.3196
145.18 2.6866 -3.3209
145.20 2.6893 -3.3222
145.22 2.6920 -3.3234
145.24 2.6947 -3.3247
145.26 2.6973 -3.3259
145.28 2.6998 -3.3271
145.30 2.7024 -3.3283
145.32 2.7050 -3.3295
145.34 2.7075 -3.3307
145.36 2.7099 -3.3318
145.38 2.7124 -3.3329
145.40 2.7148 -3.3341
145.42 2.7172 -3.3352
145.44 2.7198 -3.3364
145.46 2.7225 -3.3376
145.48 2.7252 -3.3389
145.50 2.7279 -3.3402
145.52 2.7307 -3.3414
145.54 2.7334 -3.3426
145.56 2.7359 -3.3438
145.58 2.7385 -3.3450
145.60 2.7411 -3.3461
145.62 2.7437 -3.3473
145.64 2.7463 -3.3485
145.66 2.7487 -3.3495
145.68 2.7512 -3.3506
145.70 2.7536 -3.3517
145.72 2.7561 -3.3528
145.74 2.7585 -3.3539
145.76 2.7608 -3.3549
145.78 2.7631 -3.3559
145.80 2.7655 -3.3569
145.82 2.7678 -3.3579
145.84 2.7702 -3.3589
145.86 2.7730 -3.3601
145.88 2.7757 -3.3613
145.90 2.7785 -3.3625
145.92 2.7812 -3.3636
145.94 2.7840 -3.3648
145.96 2.7867 -3.3660
145.98 2.7895 -3.3672
146.00 2.7923 -3.3684
146.02 2.7950 -3.3695
146.04 2.7977 -3.3707
146.06 2.8003 -3.3718
146.08 2.8029 -3.3730
146.10 2.8056 -3.3741
146.12 2.8082 -3.3752
146.14 2.8107 -3.3763
146.16 2.8132 -3.3774
146.18 2.8156 -3.3785
146.20 2.8181 -3.3796
146.22 2.8206 -3.3806
146.24 2.8231 -3.3817
146.26 2.8258 -3.3829
146.28 2.8286 -3.3841
146.30 2.8313 -3.3854
146.32 2.8341 -3.3866
146.34 2.8368 -3.3878
146.36 2.8396 -3.3890
146.38 2.8423 -3.3902
146.40 2.8451 -3.3914
146.42 2.8478 -3.3926
146.44 2.8504 -3.3938
146.46 2.8529 -3.3949
146.48 2.8554 -3.3960
146.50 2.8578 -3.3970
146.52 2.8603 -3.3981
146.54 2.8627 -3.3992
146.56 2.8650 -3.4002
146.58 2.8673 -3.4012
146.60 2.8696 -3.4022
146.62 2.8719 -3.4033
146.64 2.8744 -3.4043
146.66 2.8771 -3.4055
146.68 2.8799 -3.4067
146.70 2.8826 -3.4079
146.72 2.8854 -3.4091
146.74 2.8881 -3.4103
146.76 2.8909 -3.4116
146.78 2.8936 -3.4128
146.80 2.8964 -3.4140
146.82 2.8991 -3.4152
146.84 2.9018 -3.4164
146.86 2.9044 -3.4175
146.88 2.9070 -3.4187
146.90 2.9096 -3.4198
146.92 2.9122 -3.4210
146.94 2.9148 -3.4221
146.96 2.9173 -3.4232
146.98 2.9197 -3.4243
147.00 2.9222 -3.4254
147.02 2.9246 -3.4265
147.04 2.9271 -3.4276
147.06 2.9298 -3.4289
147.08 2.9326 -3.4301
147.10 2.9353 -3.4313
147.12 2.9380 -3.4326
147.14 2.9407 -3.4338
147.16 2.9433 -3.4349
147.18 2.9459 -3.4361
147.20 2.9485 -3.4373
147.22 2.9511 -3.4384
147.24 2.9537 -3.4396
147.26 2.9561 -3.4407
147.28 2.9586 -3.4418
147.30 2.9610 -3.4429
147.32 2.9635 -3.4439
147.34 2.9660 -3.4451
147.36 2.9688 -3.4463
147.38 2.9715 -3.4475
147.40 2.9742 -3.4487
147.42 2.9770 -3.4499
147.44 2.9797 -3.4511
147.46 2.9825 -3.4523
147.48 2.9852 -3.4536
147.50 2.9880 -3.4548
147.52 2.9907 -3.4560
147.54 2.9934 -3.4571
147.56 2.9960 -3.4583
147.58 2.9986 -3.4594
147.60 3.0012 -3.4606
147.62 3.0038 -3.4617
147.64 3.0064 -3.4628
147.66 3.0089 -3.4639
147.68 3.0113 -3.4650
147.70 3.0138 -3.4661
147.72 3.0162 -3.4672
147.74 3.0188 -3.4683
147.76 3.0215 -3.4695
147.78 3.0243 -3.4707
147.80 3.0270 -3.4719
147.82 3.0298 -3.4731
147.84 3.0325 -3.4743
147.86 3.0353 -3.4755
147.88 3.0380 -3.4767
147.90 3.0408 -3.4779
147.92 3.0435 -3.4791
147.94 3.0462 -3.4803
147.96 3.0488 -3.4815
147.98 3.0514 -3.4826
148.00 3.0540 -3.4838
148.02 3.0566 -3.4849
148.04 3.0592 -3.4861
148.06 3.0616 -3.4872
148.08 3.0641 -3.4882
148.10 3.0665 -3.4893
148.12 3.0690 -3.4904
148.14 3.0715 -3.4916
148.16 3.0742 -3.4928
148.18 3.0770 -3.4940
148.20 3.0797 -3.4952
148.22 3.0825 -3.4964
148.24 3.0852 -3.4976
148.26 3.0878 -3.4987
148.28 3.0904 -3.4999
148.30 3.0930 -3.5010
148.32 3.0956 -3.5021
148.34 3.0982 -3.5032
148.36 3.1006 -3.5043
148.38 3.1031 -3.5053
148.40 3.1056 -3.5064
148.42 3.1080 -3.5074
148.44 3.1105 -3.5084
148.46 3.1128 -3.5094
148.48 3.1151 -3.5104
148.50 3.1175 -3.5113
148.52 3.1198 -3.5123
148.54 3.1222 -3.5133
148.56 3.1250 -3.5145
148.58 3.1278 -3.5156
148.60 3.1306 -3.5168
148.62 3.1333 -3.5179
148.64 3.1361 -3.5190
148.66 3.1387 -3.5201
148.68 3.1413 -3.5212
148.70 3.1439 -3.5223
148.72 3.1466 -3.5234
148.74 3.1491 -3.5244
148.76 3.1516 -3.5254
148.78 3.1541 -3.5265
148.80 3.1566 -3.5275
148.82 3.1591 -3.5285
148.84 3.1617 -3.5295
148.86 3.1644 -3.5307
148.88 3.1672 -3.5318
148.90 3.1700 -3.5329
148.92 3.1728 -3.5340
148.94 3.1756 -3.5351
148.96 3.1784 -3.5362
148.98 3.1812 -3.5373
149.00 3.1840 -3.5384
149.02 3.1868 -3.5395
149.04 3.1895 -3.5406
149.06 3.1921 -3.5417
149.08 3.1948 -3.5427
149.10 3.1974 -3.5438
149.12 3.2001 -3.5448
149.14 3.2027 -3.5459
149.16 3.2051 -3.5469
149.18 3.2076 -3.5479
149.20 3.2101 -3.5489
149.22 3.2126 -3.5499
149.24 3.2152 -3.5509
149.26 3.2180 -3.5520
149.28 3.2208 -3.5531
149.30 3.2236 -3.5543
149.32 3.2264 -3.5554
149.34 3.2291 -3.5564
149.36 3.2317 -3.5575
149.38 3.2344 -3.5585
149.40 3.2370 -3.5595
149.42 3.2397 -3.5606
149.44 3.2423 -3.5616
149.46 3.2448 -3.5625
149.48 3.2473 -3.5635
149.50 3.2498 -3.5644
149.52 3.2523 -3.5654
149.54 3.2548 -3.5663
149.56 3.2572 -3.5672
149.58 3.2595 -3.5681
149.60 3.2619 -3.5690
149.62 3.2643 -3.5698
149.64 3.2668 -3.5708
149.66 3.2696 -3.5718
149.68 3.2724 -3.5728
149.70 3.2753 -3.5739
149.72 3.2781 -3.5749
149.74 3.2808 -3.5759
149.76 3.2835 -3.5769
149.78 3.2862 -3.5779
149.80 3.2888 -3.5789
149.82 3.2915 -3.5799
149.84 3.2941 -3.5808
149.86 3.2966 -3.5817
149.88 3.2992 -3.5827
149.90 3.3017 -3.5836
149.92 3.3042 -3.5845
149.94 3.3067 -3.5854
149.96 3.3091 -3.5863
149.98 3.3114 -3.5871
150.00 3.3138 -3.5880
150.02 3.3162 -3.5889
150.04 3.3187 -3.5898
150.06 3.3215 -3.5908
150.08 3.3243 -3.5918
150.10 3.3272 -3.5928
150.12 3.3300 -3.5938
150.14 3.3328 -3.5948
150.16 3.3354 -3.5958
150.18 3.3381 -3.5968
150.20 3.3408 -3.5977
150.22 3.3435 -3.5987
150.24 3.3461 -3.5996
150.26 3.3486 -3.6006
150.28 3.3511 -3.6015
150.30 3.3537 -3.6024
150.32 3.3562 -3.6033
150.34 3.3587 -3.6042
150.36 3.3610 -3.6050
150.38 3.3634 -3.6059
150.40 3.3658 -3.6068
150.42 3.3682 -3.6076
150.44 3.3707 -3.6085
150.46 3.3735 -3.6095
150.48 3.3763 -3.6106
150.50 3.3792 -3.6116
150.52 3.3820 -3.6126
150.54 3.3848 -3.6136
150.56 3.3874 -3.6146
150.58 3.3901 -3.6155
150.60 3.3928 -3.6165
150.62 3.3954 -3.6175
150.64 3.3981 -3.6184
150.66 3.4006 -3.6193
150.68 3.4031 -3.6203
150.70 3.4056 -3.6212
150.72 3.4081 -3.6221
150.74 3.4106 -3.6230
150.76 3.4130 -3.6239
150.78 3.4154 -3.6247
150.80 3.4177 -3.6256
150.82 3.4201 -3.6265
150.84 3.4226 -3.6274
150.86 3.4254 -3.6284
150.88 3.4282 -3.6295
150.90 3.4310 -3.6305
150.92 3.4338 -3.6316
150.94 3.4366 -3.6326
150.96 3.4392 -3.6336
150.98 3.4419 -3.6346
151.00 3.4446 -3.6356
151.02 3.4472 -3.6366
151.04 3.4498 -3.6376
151.06 3.4523 -3.6385
151.08 3.4549 -3.6395
151.10 3.4574 -3.6404
151.12 3.4599 -3.6414
151.14 3.4623 -3.6423
151.16 3.4647 -3.6432
151.18 3.4671 -3.6441
151.20 3.4694 -3.6450
151.22 3.4718 -3.6459
151.24 3.4743 -3.6468
151.26 3.4771 -3.6479
151.28 3.4799 -3.6490
151.30 3.4827 -3.6500
151.32 3.4855 -3.6511
151.34 3.4882 -3.6522
151.36 3.4909 -3.6532
151.38 3.4935 -3.6542
151.40 3.4962 -3.6552
151.42 3.4988 -3.6563
151.44 3.5014 -3.6573
151.46 3.5039 -3.6583
151.48 3.5064 -3.6592
151.50 3.5089 -3.6602
151.52 3.5114 -3.6612
151.54 3.5140 -3.6622
151.56 3.5168 -3.6633
151.58 3.5196 -3.6644
151.60 3.5224 -3.6654
151.62 3.5252 -3.6665
151.64 3.5280 -3.6676
151.66 3.5308 -3.6687
151.68 3.5336 -3.6697
151.70 3.5364 -3.6708
151.72 3.5392 -3.6719
151.74 3.5420 -3.6729
151.76 3.5446 -3.6739
151.78 3.5473 -3.6749
151.80 3.5500 -3.6760
151.82 3.5526 -3.6770
151.84 3.5552 -3.6780
151.86 3.5577 -3.6789
151.88 3.5602 -3.6799
151.90 3.5627 -3.6808
151.92 3.5652 -3.6818
151.94 3.5679 -3.6828
151.96 3.5707 -3.6839
151.98 3.5735 -3.6849
152.00 3.5763 -3.6860
152.02 3.5791 -3.6870
152.04 3.5819 -3.6881
152.06 3.5845 -3.6891
152.08 3.5872 -3.6900
152.10 3.5899 -3.6910
152.12 3.5925 -3.6920
152.14 3.5951 -3.6930
152.16 3.5977 -3.6939
152.18 3.6002 -3.6948
152.20 3.6027 -3.6958
152.22 3.6052 -3.6967
152.24 3.6078 -3.6977
152.26 3.6107 -3.6987
152.28 3.6135 -3.6997
152.30 3.6163 -3.7007
152.32 3.6191 -3.7017
152.34 3.6220 -3.7027
152.36 3.6248 -3.7037
152.38 3.6276 -3.7047
152.40 3.6304 -3.7057
152.42 3.6333 -3.7067
152.44 3.6360 -3.7077
152.46 3.6387 -3.7086
152.48 3.6414 -3.7096
152.50 3.6441 -3.7105
152.52 3.6468 -3.7115
152.54 3.6494 -3.7125
152.56 3.6519 -3.7134
152.58 3.6545 -3.7143
152.60 3.6570 -3.7152
152.62 3.6595 -3.7161
152.64 3.6621 -3.7170
152.66 3.6650 -3.7180
152.68 3.6678 -3.7191
152.70 3.6706 -3.7201
152.72 3.6735 -3.7211
152.74 3.6762 -3.7220
152.76 3.6789 -3.7230
152.78 3.6816 -3.7239
152.80 3.6843 -3.7248
152.82 3.6870 -3.7258
152.84 3.6896 -3.7267
152.86 3.6922 -3.7275
152.88 3.6947 -3.7284
152.90 3.6972 -3.7293
152.92 3.6998 -3.7301
152.94 3.7023 -3.7310
152.96 3.7047 -3.7317
152.98 3.7071 -3.7325
153.00 3.7095 -3.7333
153.02 3.7119 -3.7341
153.04 3.7144 -3.7350
153.06 3.7172 -3.7359
153.08 3.7201 -3.7369
153.10 3.7229 -3.7378
153.12 3.7258 -3.7387
153.14 3.7286 -3.7397
153.16 3.7315 -3.7406
153.18 3.7343 -3.7415
153.20 3.7372 -3.7425
153.22 3.7400 -3.7434
153.24 3.7428 -3.7444
153.26 3.7455 -3.7453
153.28 3.7482 -3.7462
153.30 3.7509 -3.7471
153.32 3.7536 -3.7481
153.34 3.7562 -3.7490
153.36 3.7586 -3.7498
153.38 3.7610 -3.7506
153.40 3.7634 -3.7514
153.42 3.7657 -3.7523
153.44 3.7682 -3.7531
153.46 3.7711 -3.7541
153.48 3.7739 -3.7551
153.50 3.7767 -3.7561
153.52 3.7796 -3.7571
153.54 3.7824 -3.7580
153.56 3.7851 -3.7590
153.58 3.7877 -3.7599
153.60 3.7904 -3.7608
153.62 3.7931 -3.7617
153.64 3.7958 -3.7627
153.66 3.7983 -3.7635
153.68 3.8008 -3.7644
153.70 3.8034 -3.7653
153.72 3.8059 -3.7662
153.74 3.8085 -3.7671
153.76 3.8114 -3.7681
153.78 3.8142 -3.7691
153.80 3.8170 -3.7700
153.82 3.8199 -3.7710
153.84 3.8227 -3.7720
153.86 3.8256 -3.7729
153.88 3.8284 -3.7739
153.90 3.8312 -3.7749
153.92 3.8341 -3.7758
153.94 3.8369 -3.7768
153.96 3.8396 -3.7777
153.98 3.8423 -3.7787
154.00 3.8450 -3.7796
154.02 3.8476 -3.7805
154.04 3.8503 -3.7814
154.06 3.8528 -3.7823
154.08 3.8554 -3.7832
154.10 3.8579 -3.7841
154.12 3.8604 -3.7849
154.14 3.8630 -3.7859
154.16 3.8659 -3.7868
154.18 3.8687 -3.7878
154.20 3.8715 -3.7888
154.22 3.8744 -3.7898
154.24 3.8772 -3.7908
154.26 3.8800 -3.7918
154.28 3.8829 -3.7927
154.30 3.8857 -3.7937
154.32 3.8885 -3.7947
154.34 3.8913 -3.7957
154.36 3.8940 -3.7966
154.38 3.8967 -3.7976
154.40 3.8994 -3.7985
154.42 3.9020 -3.7995
154.44 3.9047 -3.8004
154.46 3.9072 -3.8013
154.48 3.9097 -3.8022
154.50 3.9122 -3.8031
154.52 3.9148 -3.8040
154.54 3.9174 -3.8050
154.56 3.9202 -3.8060
154.58 3.9230 -3.8071
154.60 3.9258 -3.8081
154.62 3.9286 -3.8091
154.64 3.9314 -3.8101
154.66 3.9341 -3.8111
154.68 3.9368 -3.8121
154.70 3.9394 -3.8130
154.72 3.9421 -3.8140
154.74 3.9447 -3.8150
154.76 3.9473 -3.8159
154.78 3.9498 -3.8168
154.80 3.9523 -3.8177
154.82 3.9548 -3.8186
154.84 3.9573 -3.8195
154.86 3.9597 -3.8204
154.88 3.9621 -3.8212
154.90 3.9644 -3.8221
154.92 3.9668 -3.8229
154.94 3.9693 -3.8238
154.96 3.9722 -3.8248
154.98 3.9750 -3.8259
155.00 3.9778 -3.8269
155.02 3.9806 -3.8279
155.04 3.9834 -3.8289
155.06 3.9861 -3.8299
155.08 3.9887 -3.8308
155.10 3.9914 -3.8318
155.12 3.9941 -3.8328
155.14 3.9967 -3.8337
155.16 3.9992 -3.8346
155.18 4.0018 -3.8355
155.20 4.0043 -3.8364
155.22 4.0068 -3.8373
155.24 4.0094 -3.8383
155.26 4.0122 -3.8393
155.28 4.0151 -3.8403
155.30 4.0179 -3.8413
155.32 4.0207 -3.8423
155.34 4.0235 -3.8433
155.36 4.0264 -3.8443
155.38 4.0292 -3.8453
155.40 4.0320 -3.8463
155.42 4.0348 -3.8473
155.44 4.0376 -3.8483
155.46 4.0403 -3.8492
155.48 4.0430 -3.8502
155.50 4.0457 -3.8512
155.52 4.0483 -3.8521
155.54 4.0510 -3.8530
155.56 4.0535 -3.8540
155.58 4.0560 -3.8549
155.60 4.0585 -3.8558
155.62 4.0611 -3.8567
155.64 4.0637 -3.8576
155.66 4.0665 -3.8586
155.68 4.0694 -3.8597
155.70 4.0722 -3.8607
155.72 4.0750 -3.8617
155.74 4.0778 -3.8627
155.76 4.0807 -3.8637
155.78 4.0835 -3.8647
155.80 4.0863 -3.8657
155.82 4.0892 -3.8667
155.84 4.0919 -3.8676
155.86 4.0944 -3.8685
155.88 4.0969 -3.8694
155.90 4.0995 -3.8703
155.92 4.1020 -3.8712
155.94 4.1045 -3.8721
155.96 4.1069 -3.8729
155.98 4.1092 -3.8737
156.00 4.1116 -3.8746
156.02 4.1140 -3.8754
156.04 4.1166 -3.8763
156.06 4.1194 -3.8773
156.08 4.1222 -3.8783
156.10 4.1251 -3.8793
156.12 4.1279 -3.8802
156.14 4.1307 -3.8812
156.16 4.1334 -3.8821
156.18 4.1361 -3.8831
156.20 4.1388 -3.8840
156.22 4.1414 -3.8849
156.24 4.1441 -3.8858
156.26 4.1466 -3.8867
156.28 4.1491 -3.8876
156.30 4.1517 -3.8885
156.32 4.1542 -3.8893
156.34 4.1567 -3.8902
156.36 4.1591 -3.8910
156.38 4.1615 -3.8918
156.40 4.1639 -3.8927
156.42 4.1663 -3.8935
156.44 4.1687 -3.8943
156.46 4.1715 -3.8953
156.48 4.1744 -3.8963
156.50 4.1772 -3.8973
156.52 4.1801 -3.8982
156.54 4.1829 -3.8992
156.56 4.1856 -3.9001
156.58 4.1883 -3.9010
156.60 4.1910 -3.9019
156.62 4.1937 -3.9028
156.64 4.1963 -3.9036
156.66 4.1989 -3.9045
156.68 4.2014 -3.9053
156.70 4.2040 -3.9061
156.72 4.2065 -3.9070
156.74 4.2091 -3.9078
156.76 4.2120 -3.9088
156.78 4.2149 -3.9097
156.80 4.2177 -3.9106
156.82 4.2206 -3.9115
156.84 4.2234 -3.9124
156.86 4.2263 -3.9133
156.88 4.2291 -3.9142
156.90 4.2320 -3.9151
156.92 4.2349 -3.9160
156.94 4.2377 -3.9169
156.96 4.2404 -3.9178
156.98 4.2431 -3.9187
157.00 4.2458 -3.9195
157.02 4.2485 -3.9204
157.04 4.2511 -3.9213
157.06 4.2535 -3.9220
157.08 4.2559 -3.9228
157.10 4.2583 -3.9236
157.12 4.2607 -3.9243
157.14 4.2633 -3.9252
157.16 4.2661 -3.9261
157.18 4.2690 -3.9270
157.20 4.2718 -3.9279
157.22 4.2747 -3.9288
157.24 4.2775 -3.9297
157.26 4.2802 -3.9305
157.28 4.2829 -3.9314
157.30 4.2856 -3.9323
157.32 4.2884 -3.9331
157.34 4.2910 -3.9340
157.36 4.2936 -3.9348
157.38 4.2962 -3.9356
157.40 4.2987 -3.9364
157.42 4.3013 -3.9372
157.44 4.3038 -3.9379
157.46 4.3062 -3.9387
157.48 4.3086 -3.9394
157.50 4.3110 -3.9402
157.52 4.3134 -3.9409
157.54 4.3160 -3.9417
157.56 4.3189 -3.9426
157.58 4.3218 -3.9435
157.60 4.3246 -3.9444
157.62 4.3275 -3.9453
157.64 4.3303 -3.9461
157.66 4.3330 -3.9470
157.68 4.3357 -3.9478
157.70 4.3385 -3.9486
157.72 4.3412 -3.9495
157.74 4.3438 -3.9503
157.76 4.3464 -3.9511
157.78 4.3490 -3.9519
157.80 4.3515 -3.9527
157.82 4.3541 -3.9534
157.84 4.3567 -3.9543
157.86 4.3596 -3.9551
157.88 4.3625 -3.9560
157.90 4.3654 -3.9569
157.92 4.3682 -3.9578
157.94 4.3711 -3.9586
157.96 4.3740 -3.9595
157.98 4.3768 -3.9603
158.00 4.3797 -3.9612
158.02 4.3826 -3.9621
158.04 4.3854 -3.9629
158.06 4.3881 -3.9638
158.08 4.3909 -3.9646
158.10 4.3936 -3.9654
158.12 4.3963 -3.9663
158.14 4.3990 -3.9671
158.16 4.4015 -3.9679
158.18 4.4041 -3.9687
158.20 4.4067 -3.9695
158.22 4.4092 -3.9703
158.24 4.4119 -3.9712
158.26 4.4147 -3.9721
158.28 4.4176 -3.9730
158.30 4.4205 -3.9739
158.32 4.4233 -3.9748
158.34 4.4261 -3.9757
158.36 4.4288 -3.9765
158.38 4.4316 -3.9773
158.40 4.4343 -3.9782
158.42 4.4370 -3.9790
158.44 4.4397 -3.9798
158.46 4.4422 -3.9806
158.48 4.4448 -3.9814
158.50 4.4474 -3.9822
158.52 4.4499 -3.9830
158.54 4.4524 -3.9838
158.56 4.4549 -3.9845
158.58 4.4573 -3.9853
158.60 4.4597 -3.9860
158.62 4.4621 -3.9867
158.64 4.4647 -3.9875
158.66 4.4675 -3.9884
158.68 4.4704 -3.9893
158.70 4.4733 -3.9902
158.72 4.4761 -3.9911
158.74 4.4790 -3.9920
158.76 4.4819 -3.9929
158.78 4.4847 -3.9938
158.80 4.4876 -3.9947
158.82 4.4904 -3.9956
158.84 4.4932 -3.9965
158.86 4.4958 -3.9973
158.88 4.4983 -3.9981
158.90 4.5009 -3.9989
158.92 4.5034 -3.9997
158.94 4.5059 -4.0005
158.96 4.5083 -4.0013
158.98 4.5107 -4.0021
159.00 4.5131 -4.0029
159.02 4.5155 -4.0037
159.04 4.5181 -4.0045
159.06 4.5210 -4.0054
159.08 4.5238 -4.0064
159.10 4.5267 -4.0073
159.12 4.5295 -4.0082
159.14 4.5323 -4.0091
159.16 4.5350 -4.0100
159.18 4.5377 -4.0109
159.20 4.5404 -4.0118
159.22 4.5431 -4.0127
159.24 4.5458 -4.0136
159.26 4.5483 -4.0144
159.28 4.5509 -4.0153
159.30 4.5534 -4.0161
159.32 4.5559 -4.0170
159.34 4.5586 -4.0178
159.36 4.5614 -4.0188
159.38 4.5643 -4.0197
159.40 4.5671 -4.0207
159.42 4.5700 -4.0216
159.44 4.5728 -4.0225
159.46 4.5757 -4.0235
159.48 4.5785 -4.0244
159.50 4.5814 -4.0253
159.52 4.5842 -4.0263
159.54 4.5870 -4.0272
159.56 4.5897 -4.0281
159.58 4.5924 -4.0290
159.60 4.5951 -4.0298
159.62 4.5978 -4.0307
159.64 4.6005 -4.0316
159.66 4.6030 -4.0325
159.68 4.6056 -4.0333
159.70 4.6081 -4.0342
159.72 4.6107 -4.0350
159.74 4.6133 -4.0359
159.76 4.6161 -4.0368
159.78 4.6190 -4.0378
159.80 4.6218 -4.0387
159.82 4.6247 -4.0396
159.84 4.6275 -4.0406
159.86 4.6304 -4.0415
159.88 4.6332 -4.0424
159.90 4.6361 -4.0434
159.92 4.6389 -4.0443
159.94 4.6417 -4.0453
159.96 4.6444 -4.0462
159.98 4.6471 -4.0471
160.00 4.6498 -4.0480
160.02 4.6525 -4.0489
160.04 4.6551 -4.0498
160.06 4.6575 -4.0506
160.08 4.6599 -4.0514
160.10 4.6623 -4.0523
160.12 4.6647 -4.0531
160.14 4.6672 -4.0539
160.16 4.6700 -4.0549
160.18 4.6729 -4.0559
160.20 4.6757 -4.0569
160.22 4.6786 -4.0578
160.24 4.6813 -4.0588
160.26 4.6840 -4.0597
160.28 4.6867 -4.0606
160.30 4.6894 -4.0616
160.32 4.6921 -4.0625
160.34 4.6947 -4.0634
160.36 4.6973 -4.0643
160.38 4.6998 -4.0651
160.40 4.7024 -4.0660
160.42 4.7049 -4.0669
160.44 4.7075 -4.0678
160.46 4.7103 -4.0688
160.48 4.7132 -4.0697
160.50 4.7160 -4.0707
160.52 4.7189 -4.0717
160.54 4.7217 -4.0726
160.56 4.7245 -4.0736
160.58 4.7274 -4.0745
160.60 4.7302 -4.0755
160.62 4.7331 -4.0765
160.64 4.7359 -4.0774
160.66 4.7385 -4.0783
160.68 4.7412 -4.0793
160.70 4.7439 -4.0802
160.72 4.7466 -4.0811
160.74 4.7492 -4.0820
160.76 4.7518 -4.0829
160.78 4.7543 -4.0837
160.80 4.7569 -4.0846
160.82 4.7594 -4.0855
160.84 4.7620 -4.0864
160.86 4.7649 -4.0874
160.88 4.7677 -4.0884
160.90 4.7705 -4.0893
160.92 4.7734 -4.0903
160.94 4.7762 -4.0912
160.96 4.7789 -4.0921
160.98 4.7816 -4.0930
161.00 4.7843 -4.0939
161.02 4.7870 -4.0948
161.04 4.7896 -4.0957
161.06 4.7922 -4.0965
161.08 4.7947 -4.0974
161.10 4.7973 -4.0982
161.12 4.7998 -4.0990
161.14 4.8023 -4.0998
161.16 4.8047 -4.1006
161.18 4.8071 -4.1014
161.20 4.8095 -4.1022
161.22 4.8119 -4.1030
161.24 4.8145 -4.1038
161.26 4.8173 -4.1047
161.28 4.8202 -4.1056
161.30 4.8230 -4.1065
161.32 4.8259 -4.1075
161.34 4.8287 -4.1083
161.36 4.8314 -4.1092
161.38 4.8341 -4.1101
161.40 4.8368 -4.1109
161.42 4.8395 -4.1118
161.44 4.8422 -4.1127
161.46 4.8448 -4.1135
161.48 4.8473 -4.1143
161.50 4.8499 -4.1151
161.52 4.8524 -4.1159
161.54 4.8549 -4.1167
161.56 4.8573 -4.1175
161.58 4.8597 -4.1183
161.60 4.8621 -4.1190
161.62 4.8646 -4.1198
161.64 4.8671 -4.1206
161.66 4.8700 -4.1215
161.68 4.8728 -4.1225
161.70 4.8757 -4.1234
161.72 4.8785 -4.1243
161.74 4.8814 -4.1252
161.76 4.8843 -4.1261
161.78 4.8871 -4.1270
161.80 4.8900 -4.1280
161.82 4.8928 -4.1289
161.84 4.8956 -4.1298
161.86 4.8983 -4.1307
161.88 4.9010 -4.1316
161.90 4.9037 -4.1325
161.92 4.9064 -4.1334
161.94 4.9091 -4.1343
161.96 4.9116 -4.1352
161.98 4.9142 -4.1360
162.00 4.9167 -4.1369
162.02 4.9192 -4.1378
162.04 4.9219 -4.1387
162.06 4.9247 -4.1397
162.08 4.9275 -4.1407
162.10 4.9304 -4.1417
162.12 4.9332 -4.1427
162.14 4.9360 -4.1437
162.16 4.9386 -4.1446
162.18 4.9413 -4.1456
162.20 4.9440 -4.1466
162.22 4.9466 -4.1476
162.24 4.9492 -4.1486
162.26 4.9518 -4.1495
162.28 4.9543 -4.1505
162.30 4.9568 -4.1514
162.32 4.9593 -4.1524
162.34 4.9617 -4.1533
162.36 4.9641 -4.1542
162.38 4.9664 -4.1551
162.40 4.9688 -4.1561
162.42 4.9712 -4.1570
162.44 4.9737 -4.1580
162.46 4.9765 -4.1591
162.48 4.9792 -4.1602
162.50 4.9820 -4.1613
162.52 4.9848 -4.1624
162.54 4.9875 -4.1635
162.56 4.9902 -4.1645
162.58 4.9928 -4.1656
162.60 4.9955 -4.1666
162.62 4.9981 -4.1677
162.64 5.0006 -4.1687
162.66 5.0025 -4.1694
162.68 5.0044 -4.1702
162.70 5.0063 -4.1710
162.72 5.0082 -4.1717
162.74 5.0103 -4.1726
162.76 5.0126 -4.1735
162.78 5.0149 -4.1745
162.80 5.0173 -4.1755
162.82 5.0196 -4.1764
162.84 5.0219 -4.1774
162.86 5.0241 -4.1783
162.88 5.0263 -4.1792
162.90 5.0285 -4.1801
162.92 5.0307 -4.1810
162.94 5.0328 -4.1819
162.96 5.0348 -4.1827
162.98 5.0369 -4.1836
163.00 5.0389 -4.1844
163.02 5.0410 -4.1853
163.04 5.0430 -4.1861
163.06 5.0449 -4.1869
163.08 5.0468 -4.1877
163.10 5.0487 -4.1885
163.12 5.0506 -4.1893
163.14 5.0522 -4.1900
163.16 5.0534 -4.1905
163.18 5.0545 -4.1910
163.20 5.0557 -4.1914
163.22 5.0569 -4.1919
163.24 5.0582 -4.1925
163.26 5.0600 -4.1932
163.28 5.0617 -4.1939
163.30 5.0635 -4.1947
163.32 5.0652 -4.1954
163.34 5.0668 -4.1960
163.36 5.0678 -4.1964
163.38 5.0688 -4.1968
163.40 5.0698 -4.1973
163.42 5.0709 -4.1977
163.44 5.0719 -4.1981
163.46 5.0729 -4.1985
163.48 5.0740 -4.1989
163.50 5.0750 -4.1992
163.52 5.0760 -4.1996
163.54 5.0770 -4.2000
163.56 5.0779 -4.2003
163.58 5.0788 -4.2006
163.60 5.0797 -4.2009
163.62 5.0806 -4.2012
163.64 5.0814 -4.2015
163.66 5.0814 -4.2015
163.68 5.0814 -4.2015
163.70 5.0814 -4.2015
163.72 5.0814 -4.2015
163.74 5.0814 -4.2015
163.76 5.0814 -4.2015
163.78 5.0814 -4.2015
163.80 5.0814 -4.2015
163.82 5.0814 -4.2015
163.84 5.0814 -4.2015
163.86 5.0814 -4.2015
163.88 5.0814 -4.2015
163.90 5.0814 -4.2015
163.92 5.0814 -4.2015
163.94 5.0814 -4.2015
163.96 5.0814 -4.2015
163.98 5.0814 -4.2015
164.00 5.0814 -4.2015
164.02 5.0814 -4.2015
164.04 5.0814 -4.2015
164.06 5.0814 -4.2015
164.08 5.0814 -4.2015
164.10 5.0814 -4.2015
164.12 5.0814 -4.2015
164.14 5.0814 -4.2015
